12-29 18:30:56.115   633   633 W art     : b6f2b000-b6f33000 r-xp 00000000 b3:1f 967        /system/lib/liblog.so
12-29 18:30:56.115   633   633 W art     : b6f33000-b6f34000 r--p 00007000 b3:1f 967        /system/lib/liblog.so
12-29 18:30:56.116   633   633 W art     : b6f34000-b6f35000 rw-p 00008000 b3:1f 967        /system/lib/liblog.so
12-29 18:30:56.116   633   633 W art     : b6f35000-b6f4d000 r-xp 00000000 b3:1f 705        /system/lib/libutils.so
12-29 18:30:56.116   633   633 W art     : b6f4d000-b6f4e000 ---p 00000000 00:00 0 
12-29 18:30:56.116   633   633 W art     : b6f4e000-b6f4f000 r--p 00018000 b3:1f 705        /system/lib/libutils.s
12-29 18:30:56.116   633   633 W art     : o
12-29 18:30:56.116   633   633 W art     : b6f4f000-b6f50000 rw-p 00019000 b3:1f 705        /system/lib/libutils.so
12-29 18:30:56.116   633   633 W art     : b6f50000-b6f5e000 r-xp 00000000 b3:1f 585        /system/lib/libcutils.so
12-29 18:30:56.116   633   633 W art     : b6f5e000-b6f5f000 ---p 00000000 00:00 0 
12-29 18:30:56.116   633   633 W art     : b6f5f000-b6f60000 r--p 0000e000 b3:1f 585        /system/lib/libcuti
12-29 18:30:56.116   633   633 W art     : ls.so
12-29 18:30:56.116   633   633 W art     : b6f60000-b6f61000 rw-p 0000f000 b3:1f 585        /system/lib/libcutils.so
12-29 18:30:56.116   633   633 W art     : b6f61000-b6f62000 rw-p 00000000 00:00 0          [anon:linker_alloc_vector]
12-29 18:30:56.116   633   633 W art     : b6f62000-b6f63000 rw-p 00000000 00:00 0          [anon:linker_alloc_64]
12-29 18:30:56.116   633   633 W art     : b6f63000-b6f64000 r--p 00000000 00
12-29 18:30:56.116   633   633 W art     : :00 0          [anon:linker_alloc]
12-29 18:30:56.116   633   633 W art     : b6f64000-b6f65000 rw-p 00000000 00:00 0          [anon:linker_alloc]
12-29 18:30:56.116   633   633 W art     : b6f65000-b6f66000 rw-p 00000000 00:00 0          [anon:linker_alloc_vector]
12-29 18:30:56.116   633   633 W art     : b6f66000-b6f67000 rw-p 00000000 00:00 0          [anon:linker_alloc_32]
12-29 18:30:56.116   633   633 W art     : b6f67000-b6f68000 r--p 00000000 00:00 0
12-29 18:30:56.116   633   633 W art     :           [anon:linker_alloc]
12-29 18:30:56.116   633   633 W art     : b6f68000-b6f88000 r--s 00000000 00:0c 3088       /dev/__properties__
12-29 18:30:56.116   633   633 W art     : b6f88000-b6f89000 r--p 00000000 00:00 0 
12-29 18:30:56.116   633   633 W art     : b6f89000-b6f8a000 ---p 00000000 00:00 0 
12-29 18:30:56.117   633   633 W art     : b6f8a000-b6f8c000 rw-p 00000000 00:00 0          [anon:thread signal stack]
12-29 18:30:56.117   633   633 W art     : b6f8c000-b6f8d000 r-xp 00000000 00:00 0          [sigpage]
12-29 18:30:56.117   633   633 W art     : b6f8d000-b6faa000 r-xp 00000000 b3:1f 98         /system/bin/linker
12-29 18:30:56.117   633   633 W art     : b6faa000-b6fab000 r--p 0001c000 b3:1f 98         /system/bin/linker
12-29 18:30:56.117   633   633 W art     : b6fab000-b6fad000 rw-p 0001d000 b3:1f 98         /system/bin/linker
12-29 18:30:56.117   633   633 W art     : b6fad000-b6faf000 rw-p 00000000 00:00 0 
12-29 18:30:56.117   633   633 W art     : b6faf000-b6fb4000 r-xp 00000000 b3:1f 474        /system/bin/app_process32
12-29 18:30:56.117   633   633 W art     : b6fb4000-b6fb5000 r--p 00004000 b3:1f 474        /system/bin/app_process32
12-29 18:30:56.117   633   633 W art     : b6fb5000-b6fb6000 rw-p 00000000 00:00 0 
12-29 18:30:56.117   633   633 W art     : b7165000-b7197000 rw-p 00000000 00:00 0          [heap]
12-29 18:30:56.117   633   633 W art     : be848000-be869000 rw-p 00000000 00:00 0          [stack]
12-29 18:30:56.117   633   633 W art     : ffff0000-ffff1000 r-xp 00000000 00:00 0          [vectors]
12-29 18:30:56.185   633   633 D ICU     : No timezone override file found: /data/misc/zoneinfo/current/icu/icu_tzdata.dat
12-29 18:30:56.286   633   633 E memtrack: Couldn't load memtrack module (No such file or directory)
12-29 18:30:56.286   633   633 E android.os.Debug: failed to load memtrack module: -2
12-29 18:30:56.291   633   633 I Radio-JNI: register_android_hardware_Radio DONE
12-29 18:30:56.346   633   633 D AndroidRuntime: Calling main entry com.android.commands.pm.Pm
12-29 18:30:56.435   633   633 I art     : System.exit called, status: 0
12-29 18:30:56.435   633   633 I AndroidRuntime: VM exiting with result code 0.
12-29 18:30:56.593   802   802 V DreamService[AmbientDream]: onBind() intent = Intent { act=android.service.dreams.DreamService flg=0x800000 cmp=com.google.android.wearable.ambient/.AmbientDream }
12-29 18:30:56.599   802   802 I AmbientService: Ambient Created
12-29 18:30:56.599   802   802 V DreamService[AmbientDream]: Calling onDreamingStarted()
12-29 18:30:56.599   802   802 I AmbientService: Ambient Starting
12-29 18:30:56.610   802   802 D WristGestureCtrl: Stopping detectors: GesturesEnabled-true gestureDetector-true ungazeEnabled-true ungaze-true
12-29 18:30:56.610   802   802 D DefaultUngazeDetector: stopping
12-29 18:30:57.798 23482 23492 I art     : CollectorTransition marksweep + semispace GC freed 10(-33KB) AllocSpace objects, 0(0B) LOS objects, 24% free, 5MB/7MB, paused 44.952ms total 44.952ms
12-29 18:30:57.869 23482   643 D WearToolbox: message received: org.mg.weartoolbox.clear_overlay
12-29 18:30:57.871 23482 23482 D WearToolbox: onStartCommand called
12-29 18:30:57.871 23482 23482 D WearToolbox: clear_overlay requested
12-29 18:30:59.721   910   940 I chatty  : uid=1002(bluetooth) bt_workqueue expire 10 lines
12-29 18:31:00.007   802   802 I AmbientService: Ambient Updating
12-29 18:31:00.052   458   490 I chatty  : uid=1000(system) android.display expire 12 lines
12-29 18:31:03.252   665   665 I chatty  : uid=10002(com.google.android.wearable.app) expire 2 lines
12-29 18:31:03.262   458   492 I chatty  : uid=1000(system) PowerManagerSer expire 4 lines
12-29 18:31:03.266   458   458 I chatty  : uid=1000 system_server expire 2 lines
12-29 18:31:03.307 31186 31186 D PJB     : PujieWatchFaceService.DataChanged
12-29 18:31:03.439   164   164 I chatty  : uid=1013(media) /system/bin/mediaserver expire 21 lines
12-29 18:31:03.440   458   523 I chatty  : uid=1000(system) WifiStateMachin expire 4 lines
12-29 18:31:03.507 31186 31186 D PJB     : PujieWatchFaceService.DataChanged
12-29 18:31:03.543 31186 31186 D PJB     : PujieWatchFaceService.DataChanged
12-29 18:31:03.636   158   158 I chatty  : uid=1000(system) /system/bin/surfaceflinger expire 14 lines
12-29 18:31:03.648   802   802 V DreamService[AmbientDream]: wakeUp(): fromSystem=true, mWaking=false, mFinished=false
12-29 18:31:03.648   802   802 V DreamService[AmbientDream]: finish(): mFinished=false
12-29 18:31:03.655   802   802 V DreamService[AmbientDream]: detach(): Calling onDreamingStopped()
12-29 18:31:03.655   802   802 I AmbientService: Ambient Stopping
12-29 18:31:03.656   802   802 D WristGestureCtrl: Resuming: GesturesEnabled-true UngazeEnabled-true
12-29 18:31:03.656   802   802 D DefaultUngazeDetector: starting
12-29 18:31:03.656   802   802 D DefaultUngazeDetector: startUngazeStateEstimation(). startTime = 373315411
12-29 18:31:03.670   458  8151 I chatty  : uid=1000(system) Binder_B expire 2 lines
12-29 18:31:03.686   802   802 V DreamService[AmbientDream]: onDestroy()
12-29 18:31:03.690   164   533 I chatty  : uid=1013(media) Binder_3 expire 18 lines
12-29 18:31:03.693   164   660 I chatty  : uid=1013(media) /system/bin/mediaserver expire 24 lines
12-29 18:31:03.829 31878 31878 I Nudge   : Starting nudge.
12-29 18:31:04.123   802   829 W DefaultWristGestureDetector: Sensor accuracy changed: {Sensor name="em7180 accelerometer", vendor="EM Micro", version=104, type=1, maxRange=156.96, resolution=0.1, power=0.13, minDelay=5000} accuracy: 2
12-29 18:31:04.619 31186 31186 D PJB     : PujieWatchFaceService.DataChanged
12-29 18:31:04.665 31878   667 I Nudge   : isNudgeEnabled: false
12-29 18:31:04.666 31878   667 I Nudge   : nudge is not enabled, exit idle alert early.
12-29 18:31:04.755   416   425 I art     : CollectorTransition marksweep + semispace GC freed 1379(17KB) AllocSpace objects, 0(0B) LOS objects, 25% free, 5MB/7MB, paused 38.726ms total 38.726ms
12-29 18:31:04.785   416   668 V WearableLS: bindService: com.google.android.music/.MusicWearListenerService
12-29 18:31:04.794   416   668 V WearableLS: unbindService: com.google.android.music/.MusicWearListenerService
12-29 18:31:04.894   416   670 I SyncEventListenerService: Data sync stopped (unknown start time)
12-29 18:31:04.979   416   680 D SyncService: Got intent with action com.google.android.music.sync_stopped and resource path null
12-29 18:31:09.632   665   678 I chatty  : uid=10002(com.google.android.wearable.app) HeapTaskDaemon expire 3 lines
12-29 18:31:12.928   802   802 D DefaultUngazeDetector: Ungaze event occurred; emitting gesture event!
12-29 18:31:12.928   802   802 D WristGestureCtrl: Gesture:GESTURE UNGAZE, timestamp(ms): 373315411, confidence: 0.0, latency(ms): 0, duration(ms): 9272
12-29 18:31:12.939   458   458 I chatty  : uid=1000 system_server expire 9 lines
12-29 18:31:12.939   458   492 I chatty  : uid=1000(system) PowerManagerSer expire 9 lines
12-29 18:31:12.940   458   487 I chatty  : uid=1000(system) android.fg expire 6 lines
12-29 18:31:12.972   802   802 V DreamService[AmbientDream]: onBind() intent = Intent { act=android.service.dreams.DreamService flg=0x800000 cmp=com.google.android.wearable.ambient/.AmbientDream }
12-29 18:31:12.979   802   802 I AmbientService: Ambient Created
12-29 18:31:12.979   802   802 V DreamService[AmbientDream]: Calling onDreamingStarted()
12-29 18:31:12.979   802   802 I AmbientService: Ambient Starting
12-29 18:31:12.992   802   802 D WristGestureCtrl: Stopping detectors: GesturesEnabled-true gestureDetector-true ungazeEnabled-true ungaze-true
12-29 18:31:12.993   802   802 D DefaultUngazeDetector: stopping
12-29 18:31:13.011   164   532 I chatty  : uid=1013(media) Binder_2 expire 6 lines
12-29 18:31:13.240   458   543 I chatty  : uid=1000(system) PhotonicModulat expire 3 lines
12-29 18:31:13.373   458   468 I chatty  : uid=1000(system) HeapTaskDaemon expire 1 line
12-29 18:31:13.389 31186 31186 D PJB     : PujieWatchFaceService.DataChanged
12-29 18:31:13.611 31186 31195 W art     : Suspending all threads took: 11.688ms
12-29 18:31:13.647 31186 31195 I art     : Background sticky concurrent mark sweep GC freed 18512(1697KB) AllocSpace objects, 2(40KB) LOS objects, 10% free, 10MB/11MB, paused 14.190ms total 209.930ms
12-29 18:31:13.666 31186 31186 D PJB     : PujieWatchFaceService.DataChanged
12-29 18:31:14.131   458   751 I chatty  : uid=1000(system) Binder_5 expire 1 line
12-29 18:31:14.222   158   158 I chatty  : uid=1000(system) /system/bin/surfaceflinger expire 14 lines
12-29 18:31:14.769   458   753 I chatty  : uid=1000(system) Binder_6 expire 8 lines
12-29 18:31:14.783   458   753 I chatty  : uid=1000(system) Binder_6 expire 3 lines
12-29 18:31:14.807   164   216 I chatty  : uid=1013(media) Binder_1 expire 3 lines
12-29 18:31:15.019   802   802 V DreamService[AmbientDream]: wakeUp(): fromSystem=true, mWaking=false, mFinished=false
12-29 18:31:15.020   802   802 V DreamService[AmbientDream]: finish(): mFinished=false
12-29 18:31:15.020   458   766 I chatty  : uid=1000(system) Binder_8 expire 7 lines
12-29 18:31:15.026   802   802 V DreamService[AmbientDream]: detach(): Calling onDreamingStopped()
12-29 18:31:15.026   802   802 I AmbientService: Ambient Stopping
12-29 18:31:15.026   802   802 D WristGestureCtrl: Resuming: GesturesEnabled-true UngazeEnabled-true
12-29 18:31:15.026   802   802 D DefaultUngazeDetector: starting
12-29 18:31:15.026   802   802 D DefaultUngazeDetector: startUngazeStateEstimation(). startTime = 373326781
12-29 18:31:15.065   802   802 V DreamService[AmbientDream]: onDestroy()
12-29 18:31:15.073   164   691 I chatty  : uid=1013(media) /system/bin/mediaserver expire 24 lines
12-29 18:31:15.333   802   829 W DefaultWristGestureDetector: Sensor accuracy changed: {Sensor name="em7180 accelerometer", vendor="EM Micro", version=104, type=1, maxRange=156.96, resolution=0.1, power=0.13, minDelay=5000} accuracy: 2
12-29 18:31:15.697   802   802 D DefaultUngazeDetector: Ungaze event occurred; emitting gesture event!
12-29 18:31:15.697   802   802 D WristGestureCtrl: Gesture:GESTURE UNGAZE, timestamp(ms): 373326781, confidence: 0.0, latency(ms): 0, duration(ms): 671
12-29 18:31:15.729   802   802 V DreamService[AmbientDream]: onBind() intent = Intent { act=android.service.dreams.DreamService flg=0x800000 cmp=com.google.android.wearable.ambient/.AmbientDream }
12-29 18:31:15.737   802   802 I AmbientService: Ambient Created
12-29 18:31:15.737   802   802 V DreamService[AmbientDream]: Calling onDreamingStarted()
12-29 18:31:15.737   802   802 I AmbientService: Ambient Starting
12-29 18:31:15.754   802   802 D WristGestureCtrl: Stopping detectors: GesturesEnabled-true gestureDetector-true ungazeEnabled-true ungaze-true
12-29 18:31:15.754   802   802 D DefaultUngazeDetector: stopping
12-29 18:31:16.023   458   490 I chatty  : uid=1000(system) android.display expire 11 lines
12-29 18:31:18.340   910   940 I chatty  : uid=1002(bluetooth) bt_workqueue expire 10 lines
12-29 18:31:35.134 31104 31113 I art     : CollectorTransition marksweep + semispace GC freed 6(-42KB) AllocSpace objects, 0(0B) LOS objects, 24% free, 5MB/7MB, paused 70.953ms total 70.953ms
12-29 18:31:35.177 31186 31186 D PJB     : PujieWatchFaceService.DataChanged
12-29 18:31:35.205  1172  1172 I chatty  : uid=1000(system) sony.com.stepservice expire 1 line
12-29 18:31:38.637 25701 25710 I art     : CollectorTransition marksweep + semispace GC freed 5(-47KB) AllocSpace objects, 0(0B) LOS objects, 24% free, 5MB/7MB, paused 41.748ms total 41.748ms
12-29 18:31:39.291 14014 14024 I art     : CollectorTransition marksweep + semispace GC freed 5(-42KB) AllocSpace objects, 0(0B) LOS objects, 24% free, 5MB/7MB, paused 41.107ms total 41.107ms
12-29 18:32:00.021   802   802 I AmbientService: Ambient Updating
12-29 18:33:00.019   802   802 I AmbientService: Ambient Updating
12-29 18:33:00.048   158   158 I chatty  : uid=1000(system) /system/bin/surfaceflinger expire 10 lines
12-29 18:33:12.409 32260 32269 I art     : CollectorTransition marksweep + semispace GC freed 41(-68KB) AllocSpace objects, 0(0B) LOS objects, 21% free, 7MB/9MB, paused 36.743ms total 36.743ms
12-29 18:33:12.435   458  5481 I chatty  : uid=1000(system) Binder_A expire 8 lines
12-29 18:33:12.686   665   798 I chatty  : uid=10002(com.google.android.wearable.app) NotificationCol expire 1 line
12-29 18:33:12.936   458   468 I chatty  : uid=1000(system) HeapTaskDaemon expire 3 lines
12-29 18:33:12.996   665   678 I chatty  : uid=10002(com.google.android.wearable.app) HeapTaskDaemon expire 1 line
12-29 18:33:13.072   158   158 I chatty  : uid=1000(system) /system/bin/surfaceflinger expire 10 lines
12-29 18:33:14.316   910   940 I chatty  : uid=1002(bluetooth) bt_workqueue expire 7 lines
12-29 18:34:01.029   802   802 I AmbientService: Ambient Updating
12-29 18:34:01.057   458   490 I chatty  : uid=1000(system) android.display expire 13 lines
12-29 18:34:48.100 31104 31113 I art     : CollectorTransition marksweep + semispace GC freed 3(-42KB) AllocSpace objects, 0(0B) LOS objects, 24% free, 5MB/7MB, paused 30.700ms total 30.700ms
12-29 18:34:48.133 25701 25710 I art     : CollectorTransition marksweep + semispace GC freed 3(-47KB) AllocSpace objects, 0(0B) LOS objects, 24% free, 5MB/7MB, paused 54.626ms total 54.626ms
12-29 18:34:51.738   910   942 I chatty  : uid=1002(bluetooth) BT Service Call expire 1 line
12-29 18:34:51.803   910   940 I chatty  : uid=1002(bluetooth) bt_workqueue expire 1 line
12-29 18:34:51.807   693   693 W BluetoothAdapter: getBluetoothService() called with no BluetoothManagerCallback
12-29 18:34:51.867   910   934 I chatty  : uid=1002(bluetooth) BT Service Call expire 2 lines
12-29 18:34:56.732   910   940 I chatty  : uid=1002(bluetooth) bt_workqueue expire 3 lines
12-29 18:34:58.398   910   934 I chatty  : uid=1002(bluetooth) BT Service Call expire 3 lines
12-29 18:34:58.468   648   648 I chatty  : uid=1000(system) com.google.android.apps.wearable.settings expire 7 lines
12-29 18:35:00.006   802   802 I AmbientService: Ambient Updating
12-29 18:35:03.118   458   471 I chatty  : uid=1000(system) Binder_1 expire 5 lines
12-29 18:35:03.119   458  8151 I chatty  : uid=1000(system) Binder_B expire 5 lines
12-29 18:35:23.019   693   702 I art     : Background sticky concurrent mark sweep GC freed 17750(1365KB) AllocSpace objects, 8(160KB) LOS objects, 13% free, 11MB/13MB, paused 2.807ms total 196.624ms
12-29 18:35:23.466 31615 31624 I art     : CollectorTransition marksweep + semispace GC freed 62(-29KB) AllocSpace objects, 0(0B) LOS objects, 24% free, 5MB/7MB, paused 30.364ms total 30.364ms
12-29 18:35:23.505 31615   721 V WearableLS: bindService: com.google.android.keep/.microapp.KeepResponseListenerService
12-29 18:35:23.598   458   472 I chatty  : uid=1000(system) Binder_2 expire 6 lines
12-29 18:35:23.600   458   765 I chatty  : uid=1000(system) Binder_7 expire 4 lines
12-29 18:35:23.647 31615   721 V WearableLS: unbindService: com.google.android.keep/.microapp.KeepResponseListenerService
12-29 18:35:23.655   693   822 I WiFiMediator: WiFi mediator is not running.
12-29 18:35:23.723   665 32576 I chatty  : uid=10002(com.google.android.wearable.app) expire 3 lines
12-29 18:35:23.741   693  1082 W ContentTaskController: Invalid task was provided to stopTracking.
12-29 18:35:23.774   458 32715 I chatty  : uid=1000 system_server expire 1 line
12-29 18:35:23.777   458   525 I chatty  : uid=1000(system) ConnectivitySer expire 28 lines
12-29 18:35:23.897   693  1082 W ContentTaskController: Invalid newTask was provided to startTracking.
12-29 18:35:24.413   458   748 I chatty  : uid=1000(system) Binder_4 expire 6 lines
12-29 18:35:24.554   665   787 I chatty  : uid=10002(com.google.android.wearable.app) ClockworkProxyC expire 7 lines
12-29 18:35:24.585   665   868 I chatty  : uid=10002(com.google.android.wearable.app) WearableListene expire 3 lines
12-29 18:35:24.891   458   489 I chatty  : uid=1000(system) android.io expire 2 lines
12-29 18:35:24.903 31545 31560 I art     : CollectorTransition marksweep + semispace GC freed 421(-18KB) AllocSpace objects, 0(0B) LOS objects, 25% free, 5MB/7MB, paused 85.235ms total 85.235ms
12-29 18:35:24.961   458   521 I chatty  : uid=1000(system) NetworkPolicy expire 5 lines
12-29 18:35:24.976   458   484 I chatty  : uid=1000(system) android.bg expire 6 lines
12-29 18:35:25.091   458   484 I chatty  : uid=1000(system) android.bg expire 2 lines
12-29 18:35:25.096 31545 31545 I CommandHandlerService: Successfully connect to Google API Client
12-29 18:35:25.144   910   940 I chatty  : uid=1002(bluetooth) bt_workqueue expire 3 lines
12-29 18:35:25.149   910   934 I chatty  : uid=1002(bluetooth) BT Service Call expire 2 lines
12-29 18:35:25.176   693   719 I WearableBluetooth: Connected to 24:DA:9B:90:57:0D.
12-29 18:35:25.196   168   168 D gpsd    : WakeLock(Acquire,GPSD)
12-29 18:35:25.217   458   876 I chatty  : uid=1000(system) IPC Thread expire 2 lines
12-29 18:35:25.217   168   168 D gpsd    : WakeLock(Release,GPSD)
12-29 18:35:25.217   168   168 D gpsd    : WakeLock(Acquire,GPSD)
12-29 18:35:25.218   168   168 D gpsd    : WakeLock(Release,GPSD)
12-29 18:35:25.228   168   168 D gpsd    : WakeLock(Acquire,GPSD)
12-29 18:35:25.235   162   483 E Netd    : netlink response contains error (No such file or directory)
12-29 18:35:25.235   168   168 D gpsd    : WakeLock(Release,GPSD)
12-29 18:35:25.260   737   737 I chatty  : uid=1000(system) com.android.lto expire 2 lines
12-29 18:35:25.269 31878 31909 I ClearcutLoggerApiImpl: disconnect managed GoogleApiClient
12-29 18:35:25.567 31104 31113 I art     : CollectorTransition marksweep + semispace GC freed 51(-40KB) AllocSpace objects, 0(0B) LOS objects, 24% free, 5MB/7MB, paused 67.260ms total 67.260ms
12-29 18:35:25.885   693   702 I art     : Background partial concurrent mark sweep GC freed 21170(1498KB) AllocSpace objects, 4(68KB) LOS objects, 14% free, 11MB/13MB, paused 11.230ms total 101.501ms
12-29 18:35:26.088   665   868 I chatty  : uid=10002(com.google.android.wearable.app) WearableListene expire 4 lines
12-29 18:35:26.101   665   787 I chatty  : uid=10002(com.google.android.wearable.app) ClockworkProxyC expire 4 lines
12-29 18:35:26.123   693   822 I WiFiMediator: WiFi mediator is not running.
12-29 18:35:26.285 31577 31588 I art     : CollectorTransition marksweep + semispace GC freed 37(-29KB) AllocSpace objects, 0(0B) LOS objects, 24% free, 5MB/7MB, paused 40.130ms total 40.130ms
12-29 18:35:26.397   161   161 I clockwork_proxy_native: Starting UDP server...
12-29 18:35:26.397   161   161 I clockwork_proxy_native: UDP server started at port 59657.
12-29 18:35:26.514   775   775 W System  : ClassLoader referenced unknown path: /system/priv-app/ClockworkPhone/lib/arm
12-29 18:35:26.712   815   815 W System  : ClassLoader referenced unknown path: /data/app/com.motorola.camera-1/lib/arm
12-29 18:35:27.091   458   751 I chatty  : uid=1000(system) Binder_5 expire 3 lines
12-29 18:35:27.104   458   584 I chatty  : uid=1000(system) Binder_3 expire 4 lines
12-29 18:35:27.205 25701 25710 I art     : CollectorTransition marksweep + semispace GC freed 49(-44KB) AllocSpace objects, 0(0B) LOS objects, 24% free, 5MB/7MB, paused 32.867ms total 32.867ms
12-29 18:35:27.248 14014 14024 I art     : CollectorTransition marksweep + semispace GC freed 49(-39KB) AllocSpace objects, 0(0B) LOS objects, 25% free, 5MB/7MB, paused 47.393ms total 47.393ms
12-29 18:35:27.491   910   940 I chatty  : uid=1002(bluetooth) bt_workqueue expire 12 lines
12-29 18:35:27.498   872   872 W System  : ClassLoader referenced unknown path: /data/app/com.polyclock.watchfaces-1/lib/arm
12-29 18:35:27.673 31331 31340 I art     : CollectorTransition marksweep + semispace GC freed 23(-32KB) AllocSpace objects, 0(0B) LOS objects, 25% free, 5MB/7MB, paused 84.960ms total 84.960ms
12-29 18:35:27.719 31331   908 V WearableLS: bindService: com.google.android.deskclock/.DataLayerListenerService
12-29 18:35:27.724 31331   908 I CwAlarm : Storing connected phone node id: cf739143
12-29 18:35:27.726 31331   908 I CwAlarm : Storing connected phone node id: cf739143
12-29 18:35:27.726 31331   908 V WearableLS: unbindService: com.google.android.deskclock/.DataLayerListenerService
12-29 18:35:28.106   458  2532 I chatty  : uid=1000(system) Binder_9 expire 3 lines
12-29 18:35:29.384   665   787 I chatty  : uid=10002(com.google.android.wearable.app) ClockworkProxyC expire 2 lines
12-29 18:35:29.389   665  1010 I chatty  : uid=10002(com.google.android.wearable.app) expire 1 line
12-29 18:35:29.723   737   737 I chatty  : uid=1000(system) com.android.lto expire 1 line
12-29 18:35:29.779   168   168 D gpsd    : WakeLock(Acquire,GPSD)
12-29 18:35:29.779   168   168 D gpsd    : WakeLock(Release,GPSD)
12-29 18:35:29.781   168   168 D gpsd    : WakeLock(Acquire,GPSD)
12-29 18:35:29.781   168   168 D gpsd    : WakeLock(Release,GPSD)
12-29 18:35:29.784   168   168 D gpsd    : WakeLock(Acquire,GPSD)
12-29 18:35:29.785   168   168 D gpsd    : WakeLock(Release,GPSD)
12-29 18:35:29.838   737  1017 I chatty  : uid=1000(system) AsyncTask #1 expire 6 lines
12-29 18:35:29.841   168   631 D gpsd    : WakeLock(Release,NtpPipeClient)
12-29 18:35:29.975   737  1017 I chatty  : uid=1000(system) AsyncTask #1 expire 1 line
12-29 18:35:30.986 31615 31624 I art     : CollectorTransition marksweep + semispace GC freed 94(-27KB) AllocSpace objects, 0(0B) LOS objects, 24% free, 5MB/7MB, paused 27.618ms total 27.618ms
12-29 18:35:30.997 31615  1019 V WearableLS: bindService: com.google.android.keep/.microapp.KeepResponseListenerService
12-29 18:35:31.036 31615  1019 V WearableLS: unbindService: com.google.android.keep/.microapp.KeepResponseListenerService
12-29 18:35:37.008   693   822 I WiFiMediator: WiFi mediator is not running.
12-29 18:35:39.436   458   515 I chatty  : uid=1000(system) InputReader expire 2 lines
12-29 18:35:39.438   458   515 I chatty  : uid=1000(system) InputReader expire 4 lines
12-29 18:35:39.440   458   458 I chatty  : uid=1000 system_server expire 2 lines
12-29 18:35:39.483   458   523 I chatty  : uid=1000(system) WifiStateMachin expire 4 lines
12-29 18:35:39.485   164   532 I chatty  : uid=1013(media) Binder_2 expire 3 lines
12-29 18:35:39.680   158   158 I chatty  : uid=1000(system) /system/bin/surfaceflinger expire 16 lines
12-29 18:35:39.690   802   802 V DreamService[AmbientDream]: wakeUp(): fromSystem=true, mWaking=false, mFinished=false
12-29 18:35:39.690   802   802 V DreamService[AmbientDream]: finish(): mFinished=false
12-29 18:35:39.695   802   802 V DreamService[AmbientDream]: detach(): Calling onDreamingStopped()
12-29 18:35:39.695   802   802 I AmbientService: Ambient Stopping
12-29 18:35:39.696   802   802 D WristGestureCtrl: Resuming: GesturesEnabled-true UngazeEnabled-true
12-29 18:35:39.696   802   802 D DefaultUngazeDetector: starting
12-29 18:35:39.696   802   802 D DefaultUngazeDetector: startUngazeStateEstimation(). startTime = 373591452
12-29 18:35:39.714   458   748 I chatty  : uid=1000(system) Binder_4 expire 1 line
12-29 18:35:39.733   802   802 V DreamService[AmbientDream]: onDestroy()
12-29 18:35:39.743   164   216 I chatty  : uid=1013(media) Binder_1 expire 13 lines
12-29 18:35:39.745   164  1023 I chatty  : uid=1013(media) /system/bin/mediaserver expire 18 lines
12-29 18:35:40.074   802   829 W DefaultWristGestureDetector: Sensor accuracy changed: {Sensor name="em7180 accelerometer", vendor="EM Micro", version=104, type=1, maxRange=156.96, resolution=0.1, power=0.13, minDelay=5000} accuracy: 2
12-29 18:35:41.766 31186 31213 D PJB     : PujieWatchFaceService.Requesting new data...
12-29 18:35:41.934 31186 31186 D PJB     : PujieWatchFaceService.DataChanged
12-29 18:35:42.187   910   940 I chatty  : uid=1002(bluetooth) bt_workqueue expire 11 lines
12-29 18:35:42.431 31186 31186 D PJB     : PujieWatchFaceService.DataChanged
12-29 18:35:42.571 31186 31186 D PJB     : PujieWatchFaceService.DataChanged
12-29 18:35:43.062 32071 32083 I art     : CollectorTransition marksweep + semispace GC freed 887(-4KB) AllocSpace objects, 0(0B) LOS objects, 24% free, 5MB/7MB, paused 108.093ms total 108.093ms
12-29 18:35:52.146   802   802 D DefaultUngazeDetector: Ungaze event occurred; emitting gesture event!
12-29 18:35:52.146   802   802 D WristGestureCtrl: Gesture:GESTURE UNGAZE, timestamp(ms): 373591452, confidence: 0.0, latency(ms): 0, duration(ms): 12449
12-29 18:35:52.190   802   802 V DreamService[AmbientDream]: onBind() intent = Intent { act=android.service.dreams.DreamService flg=0x800000 cmp=com.google.android.wearable.ambient/.AmbientDream }
12-29 18:35:52.201   802   802 I AmbientService: Ambient Created
12-29 18:35:52.201   802   802 V DreamService[AmbientDream]: Calling onDreamingStarted()
12-29 18:35:52.201   802   802 I AmbientService: Ambient Starting
12-29 18:35:52.214   802   802 D WristGestureCtrl: Stopping detectors: GesturesEnabled-true gestureDetector-true ungazeEnabled-true ungaze-true
12-29 18:35:52.214   802   802 D DefaultUngazeDetector: stopping
12-29 18:35:52.229   458   492 I chatty  : uid=1000(system) PowerManagerSer expire 2 lines
12-29 18:35:52.237   164   164 I chatty  : uid=1013(media) /system/bin/mediaserver expire 6 lines
12-29 18:35:52.296   164  1023 I chatty  : uid=1013(media) /system/bin/mediaserver expire 6 lines
12-29 18:35:52.301   164   216 I chatty  : uid=1013(media) Binder_1 expire 8 lines
12-29 18:35:52.453   458  2532 I chatty  : uid=1000(system) Binder_9 expire 2 lines
12-29 18:35:52.576   458   543 I chatty  : uid=1000(system) PhotonicModulat expire 2 lines
12-29 18:35:58.817   665   678 I chatty  : uid=10002(com.google.android.wearable.app) HeapTaskDaemon expire 15 lines
12-29 18:35:59.081   665   798 I chatty  : uid=10002(com.google.android.wearable.app) NotificationCol expire 1 line
12-29 18:35:59.656 32260 32269 I art     : CollectorTransition marksweep + semispace GC freed 39(-68KB) AllocSpace objects, 0(0B) LOS objects, 21% free, 7MB/9MB, paused 37.841ms total 37.841ms
12-29 18:35:59.721   158   158 I chatty  : uid=1000(system) /system/bin/surfaceflinger expire 22 lines
12-29 18:35:59.747   665   665 I chatty  : uid=10002(com.google.android.wearable.app) expire 11 lines
12-29 18:36:00.001   802   802 I AmbientService: Ambient Updating
12-29 18:36:00.093   458   490 I chatty  : uid=1000(system) android.display expire 1 line
12-29 18:36:00.107   802   802 V DreamService[AmbientDream]: wakeUp(): fromSystem=true, mWaking=false, mFinished=false
12-29 18:36:00.108   802   802 V DreamService[AmbientDream]: finish(): mFinished=false
12-29 18:36:00.113   802   802 V DreamService[AmbientDream]: detach(): Calling onDreamingStopped()
12-29 18:36:00.113   802   802 I AmbientService: Ambient Stopping
12-29 18:36:00.113   802   802 D WristGestureCtrl: Resuming: GesturesEnabled-true UngazeEnabled-true
12-29 18:36:00.113   802   802 D DefaultUngazeDetector: starting
12-29 18:36:00.113   802   802 D DefaultUngazeDetector: startUngazeStateEstimation(). startTime = 373611869
12-29 18:36:00.141   802   802 V DreamService[AmbientDream]: onDestroy()
12-29 18:36:00.144   164   533 I chatty  : uid=1013(media) Binder_3 expire 18 lines
12-29 18:36:00.146   164  1037 I chatty  : uid=1013(media) /system/bin/mediaserver expire 24 lines
12-29 18:36:00.463   802   829 W DefaultWristGestureDetector: Sensor accuracy changed: {Sensor name="em7180 accelerometer", vendor="EM Micro", version=104, type=1, maxRange=156.96, resolution=0.1, power=0.13, minDelay=5000} accuracy: 2
12-29 18:36:01.807   693   702 I art     : Background sticky concurrent mark sweep GC freed 15346(1251KB) AllocSpace objects, 9(180KB) LOS objects, 13% free, 11MB/13MB, paused 2.593ms total 119.598ms
12-29 18:36:03.865 31186 31186 D PJB     : PujieWatchFaceService.DataChanged
12-29 18:36:03.959 31186 31186 D PJB     : PujieWatchFaceService.DataChanged
12-29 18:36:05.971   568   577 I art     : CollectorTransition marksweep + semispace GC freed 196(-28KB) AllocSpace objects, 0(0B) LOS objects, 24% free, 5MB/7MB, paused 22.033ms total 22.033ms
12-29 18:36:06.226   802   802 D DefaultUngazeDetector: Ungaze event occurred; emitting gesture event!
12-29 18:36:06.226   802   802 D WristGestureCtrl: Gesture:GESTURE UNGAZE, timestamp(ms): 373611869, confidence: 0.0, latency(ms): 0, duration(ms): 6112
12-29 18:36:06.232   458   458 E InputMethodManagerService: Ignoring updateSystemUiLocked due to an invalid token. uid:1000 token:null
12-29 18:36:06.233   458   492 I DreamManagerService: Entering dreamland.
12-29 18:36:06.233   458   492 I PowerManagerService: Dozing...
12-29 18:36:06.234   458   487 I DreamController: Starting dream: name=ComponentInfo{com.google.android.wearable.ambient/com.google.android.wearable.ambient.AmbientDream}, isTest=false, canDoze=true, userId=0
12-29 18:36:06.249   458   458 E InputMethodManagerService: Ignoring updateSystemUiLocked due to an invalid token. uid:1000 token:null
12-29 18:36:06.269   802   802 V DreamService[AmbientDream]: onBind() intent = Intent { act=android.service.dreams.DreamService flg=0x800000 cmp=com.google.android.wearable.ambient/.AmbientDream }
12-29 18:36:06.274   802   802 I AmbientService: Ambient Created
12-29 18:36:06.274   802   802 V DreamService[AmbientDream]: Calling onDreamingStarted()
12-29 18:36:06.274   802   802 I AmbientService: Ambient Starting
12-29 18:36:06.287   802   802 D WristGestureCtrl: Stopping detectors: GesturesEnabled-true gestureDetector-true ungazeEnabled-true ungaze-true
12-29 18:36:06.287   802   802 D DefaultUngazeDetector: stopping
12-29 18:36:06.570   458   490 I DisplayManagerService: Display device changed state: "Integrierter Bildschirm", DOZE_SUSPEND
12-29 18:36:06.614   458  8151 I chatty  : uid=1000(system) Binder_B expire 2 lines
12-29 18:36:06.791   458   490 I DisplayManagerService: Display device changed state: "Integrierter Bildschirm", DOZE
12-29 18:36:06.893   458   485 I ActivityManager: Start proc 1043:com.google.android.gms/u0a7 for broadcast com.google.android.gms/.checkin.EventLogServiceReceiver
12-29 18:36:06.911   458   490 I DisplayManagerService: Display device changed state: "Integrierter Bildschirm", DOZE_SUSPEND
12-29 18:36:06.993   458   490 I DisplayManagerService: Display device changed state: "Integrierter Bildschirm", DOZE
12-29 18:36:07.114   458   490 I DisplayManagerService: Display device changed state: "Integrierter Bildschirm", DOZE_SUSPEND
12-29 18:36:07.143   458   490 I DisplayManagerService: Display device changed state: "Integrierter Bildschirm", DOZE
12-29 18:36:07.381   458   490 I DisplayManagerService: Display device changed state: "Integrierter Bildschirm", DOZE_SUSPEND
12-29 18:36:07.405   458   490 I DisplayManagerService: Display device changed state: "Integrierter Bildschirm", DOZE
12-29 18:36:07.534   458   490 I DisplayManagerService: Display device changed state: "Integrierter Bildschirm", DOZE_SUSPEND
12-29 18:36:07.870   458   584 I ActivityManager: Start proc 1059:com.google.process.gapps/u0a7 for content provider com.google.android.gsf/.gservices.GservicesProvider
12-29 18:36:07.940  1059  1059 W System  : ClassLoader referenced unknown path: /system/priv-app/GoogleServicesFramework/lib/arm
12-29 18:36:07.969  1059  1059 I GservicesProvider: Gservices pushing to system: true; secure/global: true
12-29 18:36:08.245  1059  1059 I GoogleHttpClient: GMS http client unavailable, use old client
12-29 18:36:08.419  1043  1043 W linker  : /data/app/com.google.android.gms-1/lib/arm/libgmscore.so: unused DT entry: type 0x7ffffffd arg 0x79f
12-29 18:36:08.459  1043  1043 W linker  : /data/app/com.google.android.gms-1/lib/arm/libconscrypt_gmscore_jni.so: unused DT entry: type 0x1d arg 0xe0
12-29 18:36:08.459  1043  1043 W linker  : /data/app/com.google.android.gms-1/lib/arm/libconscrypt_gmscore_jni.so: unused DT entry: type 0x7ffffffd arg 0x1cd
12-29 18:36:08.470  1043  1043 V JNIHelp : Registering com/google/android/gms/org/conscrypt/NativeCrypto's 235 native methods...
12-29 18:36:08.505  1043  1043 I art     : Rejecting re-init on previously-failed class java.lang.Class<com.google.android.gms.org.conscrypt.OpenSSLExtendedSessionImpl>
12-29 18:36:08.505  1043  1043 I art     : Rejecting re-init on previously-failed class java.lang.Class<com.google.android.gms.org.conscrypt.OpenSSLExtendedSessionImpl>
12-29 18:36:08.596  1043  1043 I ProviderInstaller: Installed default security provider GmsCore_OpenSSL
12-29 18:36:08.770   458   748 I BroadcastQueue: Delay finish: com.google.android.gms/.checkin.EventLogServiceReceiver
12-29 18:36:08.862   458   748 I ActivityManager: Killing 416:com.google.android.music/u0a43 (adj 15): empty #17
12-29 18:36:08.940   458  2532 D ActivityManager: cleanUpApplicationRecord -- 416
12-29 18:36:08.968   458   471 W ActivityManager: Unable to start service Intent { act=com.google.android.gms.usagereporting.service.START pkg=com.google.android.gms } U=0: not found
12-29 18:36:08.969   458  5481 W ActivityManager: Unbind failed: could not find connection for android.os.BinderProxy@949cb4
12-29 18:36:08.970  1043  1077 E GmsClient: unable to connect to service: com.google.android.gms.usagereporting.service.START on com.google.android.gms
12-29 18:36:08.991  1043  1076 I EventLogChimeraService: Aggregate from 1483030947509 (log), 1483030947509 (data)
12-29 18:36:09.355   458   472 I BroadcastQueue: Resuming delayed broadcast
12-29 18:36:09.371   458  2532 I ActivityManager: Killing 775:com.google.android.apps.wearable.phone/u0a15 (adj 15): empty #17
12-29 18:36:09.467   458   471 D ActivityManager: cleanUpApplicationRecord -- 775
12-29 18:36:10.223   737  1017 I chatty  : uid=1000(system) AsyncTask #1 expire 14 lines
12-29 18:36:10.431   665   763 I chatty  : uid=10002(com.google.android.wearable.app) expire 6 lines
12-29 18:36:12.708 31331 31340 I art     : CollectorTransition marksweep + semispace GC freed 11(-33KB) AllocSpace objects, 0(0B) LOS objects, 24% free, 5MB/7MB, paused 38.146ms total 38.146ms
12-29 18:36:12.720   458   471 W AppOps  : Bad call: specified package com.google.android.wearable.app.cn under uid 10007 but it is really -1
12-29 18:36:12.725 31331  1081 V WearableLS: bindService: com.google.android.deskclock/.DataLayerListenerService
12-29 18:36:12.727 31331  1081 I CwAlarm : Received message /init
12-29 18:36:12.731 31331  1081 I CwAlarm : class com.google.android.deskclock.AlarmGatewayActivity enabled
12-29 18:36:12.731 31331  1081 I CwAlarm : class com.google.android.deskclock.ShowAlarmsActivity enabled
12-29 18:36:12.732 31331  1081 I CwAlarm : class com.google.android.deskclock.SetAlarmActivity enabled
12-29 18:36:12.733 31331  1081 I CwAlarm : class com.google.android.deskclock.TimerGatewayActivity enabled
12-29 18:36:12.733 31331  1081 I CwAlarm : class com.google.android.deskclock.SetTimerActivity enabled
12-29 18:36:12.734 31331  1081 I CwAlarm : class com.google.android.deskclock.StopwatchActivity enabled
12-29 18:36:12.734 31331  1081 V WearableLS: unbindService: com.google.android.deskclock/.DataLayerListenerService
12-29 18:36:13.378   458  8151 D ConnectivityService: reportNetworkConnectivity(125, false) by 10007
12-29 18:36:13.379   458  1011 I chatty  : uid=1000 system_server expire 1 line
12-29 18:36:13.380   458   525 D ConnectivityService: setProvNotificationVisibleIntent null visible=false networkType=MOBILE extraInfo=null highPriority=false
12-29 18:36:13.380   458   525 D ConnectivityService: NetworkAgentInfo [PROXY () - 125] validation  passed
12-29 18:36:14.211 32260 32269 I art     : CollectorTransition marksweep + semispace GC freed 26(-68KB) AllocSpace objects, 0(0B) LOS objects, 21% free, 7MB/9MB, paused 31.890ms total 31.890ms
12-29 18:36:14.218   458   472 W AppOps  : Bad call: specified package com.google.android.wearable.app.cn under uid 10007 but it is really -1
12-29 18:36:19.776   693   822 I WiFiMediator: WiFi mediator is not running.
12-29 18:36:19.778   458  5481 W ActivityManager: Unable to start service Intent { act=com.google.android.gms.wearable.BIND_LISTENER cmp=com.google.android.gms/com.google.android.location.fused.wearable.GmsWearableListenerChimeraService } U=0: not found
12-29 18:36:19.779   458   748 W ActivityManager: Unbind failed: could not find connection for android.os.BinderProxy@b6d9f49
12-29 18:36:21.875   910   940 I chatty  : uid=1002(bluetooth) bt_workqueue expire 12 lines
12-29 18:36:28.063 23482 23492 I art     : CollectorTransition marksweep + semispace GC freed 9(-33KB) AllocSpace objects, 0(0B) LOS objects, 24% free, 5MB/7MB, paused 27.770ms total 27.770ms
12-29 18:36:28.117 23482  1092 D WearToolbox: message received: org.mg.weartoolbox.clear_overlay
12-29 18:36:28.122 23482 23482 D WearToolbox: onStartCommand called
12-29 18:36:28.122 23482 23482 D WearToolbox: clear_overlay requested
12-29 18:37:01.021   802   802 I AmbientService: Ambient Updating
12-29 18:37:01.049   458   490 I DisplayManagerService: Display device changed state: "Integrierter Bildschirm", DOZE
12-29 18:37:01.052   158   158 I chatty  : uid=1000(system) /system/bin/surfaceflinger expire 10 lines
12-29 18:37:01.170   458   490 I DisplayManagerService: Display device changed state: "Integrierter Bildschirm", DOZE_SUSPEND
12-29 18:37:01.435 23482 23492 I art     : CollectorTransition marksweep + semispace GC freed 8(-33KB) AllocSpace objects, 0(0B) LOS objects, 25% free, 5MB/7MB, paused 26.458ms total 26.458ms
12-29 18:37:01.447 23482  1094 D WearToolbox: message received: org.mg.weartoolbox.clear_overlay
12-29 18:37:01.449 23482 23482 D WearToolbox: onStartCommand called
12-29 18:37:01.449 23482 23482 D WearToolbox: clear_overlay requested
12-29 18:37:03.398   910   940 I chatty  : uid=1002(bluetooth) bt_workqueue expire 10 lines
12-29 18:37:42.822 31186 31186 D PJB     : PujieWatchFaceService.DataChanged
12-29 18:37:48.254   693   702 I art     : Background sticky concurrent mark sweep GC freed 2117(1758KB) AllocSpace objects, 0(0B) LOS objects, 13% free, 11MB/13MB, paused 9.979ms total 72.631ms
12-29 18:38:00.008   802   802 I AmbientService: Ambient Updating
12-29 18:38:00.040   458   490 I DisplayManagerService: Display device changed state: "Integrierter Bildschirm", DOZE
12-29 18:38:00.162   458   490 I DisplayManagerService: Display device changed state: "Integrierter Bildschirm", DOZE_SUSPEND
12-29 18:38:42.798   665  1056 I chatty  : uid=10002(com.google.android.wearable.app) Thread-70 expire 1 line
12-29 18:38:42.873 31186 31186 D PJB     : PujieWatchFaceService.DataChanged
12-29 18:39:00.017   802   802 I AmbientService: Ambient Updating
12-29 18:39:00.039   458   490 I DisplayManagerService: Display device changed state: "Integrierter Bildschirm", DOZE
12-29 18:39:00.159   458   490 I DisplayManagerService: Display device changed state: "Integrierter Bildschirm", DOZE_SUSPEND
12-29 18:39:00.164   158   158 I chatty  : uid=1000(system) /system/bin/surfaceflinger expire 18 lines
12-29 18:39:17.451 31186 31186 D PJB     : PujieWatchFaceService.DataChanged
12-29 18:40:00.006   802   802 I AmbientService: Ambient Updating
12-29 18:40:00.054   458   490 I DisplayManagerService: Display device changed state: "Integrierter Bildschirm", DOZE
12-29 18:40:00.175   458   490 I DisplayManagerService: Display device changed state: "Integrierter Bildschirm", DOZE_SUSPEND
12-29 18:40:05.154   458   468 I chatty  : uid=1000(system) HeapTaskDaemon expire 5 lines
12-29 18:40:17.424 31186 31186 D PJB     : PujieWatchFaceService.DataChanged
12-29 18:40:54.431   693   702 I art     : Background sticky concurrent mark sweep GC freed 1600(1603KB) AllocSpace objects, 0(0B) LOS objects, 12% free, 11MB/13MB, paused 8.026ms total 76.324ms
12-29 18:41:00.003   802   802 I AmbientService: Ambient Updating
12-29 18:41:00.036   458   490 I DisplayManagerService: Display device changed state: "Integrierter Bildschirm", DOZE
12-29 18:41:00.123   693   702 I art     : Background sticky concurrent mark sweep GC freed 1600(1603KB) AllocSpace objects, 0(0B) LOS objects, 12% free, 11MB/13MB, paused 13.793ms total 55.450ms
12-29 18:41:00.171   458   490 I DisplayManagerService: Display device changed state: "Integrierter Bildschirm", DOZE_SUSPEND
12-29 18:41:03.335 31186 31186 D PJB     : PujieWatchFaceService.DataChanged
12-29 18:41:18.136   693   702 I art     : Background sticky concurrent mark sweep GC freed 1575(1577KB) AllocSpace objects, 0(0B) LOS objects, 12% free, 11MB/13MB, paused 8.697ms total 61.767ms
12-29 18:41:34.004   693   702 I art     : Background sticky concurrent mark sweep GC freed 1573(1565KB) AllocSpace objects, 0(0B) LOS objects, 12% free, 11MB/13MB, paused 9.094ms total 62.561ms
12-29 18:41:35.660  1059  1069 I art     : Waiting for a blocking GC DisableMovingGc
12-29 18:41:35.661  1059  1068 I art     : CollectorTransition marksweep + semispace GC freed 256(-52KB) AllocSpace objects, 0(0B) LOS objects, 25% free, 5MB/7MB, paused 31.738ms total 31.738ms
12-29 18:41:35.661  1059  1069 I art     : Starting a blocking GC DisableMovingGc
12-29 18:41:37.327   665  1101 I chatty  : uid=10002(com.google.android.wearable.app) expire 1 line
12-29 18:41:37.358   458   748 I ActivityManager: Start proc 1105:com.google.android.packageinstaller/u0a16 for service com.google.android.packageinstaller/com.android.packageinstaller.wear.WearPackageInstallerService
12-29 18:41:37.467  1105  1105 W System  : ClassLoader referenced unknown path: /system/priv-app/GooglePackageInstaller/lib/arm
12-29 18:41:39.763   910   940 I chatty  : uid=1002(bluetooth) bt_workqueue expire 14 lines
12-29 18:41:40.842  1105  1117 W PackageParser: Unknown element under <manifest>: meta-data at /data/user/0/com.google.android.packageinstaller/files/tmp/com.untouchableapps.android.geodiscoverer.apk Binary XML file line #11
12-29 18:41:42.092  1105  1117 E WearPkgInstallerService: Wearable com.untouchableapps.android.geodiscoverer has a permission "com.google.android.permission.PROVIDE_BACKGROUND" that is not defined in the host application's manifest.
12-29 18:41:42.092  1105  1117 E WearPkgInstallerService: Wearable com.untouchableapps.android.geodiscoverer has a permission "android.permission.SYSTEM_ALERT_WINDOW" that is not defined in the host application's manifest.
12-29 18:41:42.092  1105  1117 W WearPkgInstallerService: Wearable does not have enough permissions.
12-29 18:41:42.144   458  2532 I ActivityManager: Killing 31577:de.hafas.android.db/u0a59 (adj 15): empty #17
12-29 18:41:42.214   458   584 D ActivityManager: cleanUpApplicationRecord -- 31577
12-29 18:42:00.027   802   802 I AmbientService: Ambient Updating
12-29 18:42:00.080   458   490 I DisplayManagerService: Display device changed state: "Integrierter Bildschirm", DOZE
12-29 18:42:00.194   458   490 I DisplayManagerService: Display device changed state: "Integrierter Bildschirm", DOZE_SUSPEND
12-29 18:42:30.587   665   798 I chatty  : uid=10002(com.google.android.wearable.app) NotificationCol expire 10 lines
12-29 18:42:31.546   458   490 I DisplayManagerService: Display device changed state: "Integrierter Bildschirm", DOZE
12-29 18:42:31.633   458  2532 I chatty  : uid=1000(system) Binder_9 expire 1 line
12-29 18:42:31.983   458   490 I DisplayManagerService: Display device changed state: "Integrierter Bildschirm", DOZE_SUSPEND
12-29 18:42:36.607   458  5481 I chatty  : uid=1000(system) Binder_A expire 3 lines
12-29 18:42:43.731   458   490 I DisplayManagerService: Display device changed state: "Integrierter Bildschirm", DOZE
12-29 18:42:43.738   158   158 I chatty  : uid=1000(system) /system/bin/surfaceflinger expire 12 lines
12-29 18:42:43.750   665   823 I chatty  : uid=10002(com.google.android.wearable.app) AsyncTask #3 expire 2 lines
12-29 18:42:43.794   458   751 I chatty  : uid=1000(system) Binder_5 expire 1 line
12-29 18:42:43.899   458   490 I DisplayManagerService: Display device changed state: "Integrierter Bildschirm", DOZE_SUSPEND
12-29 18:42:44.363   458   490 I DisplayManagerService: Display device changed state: "Integrierter Bildschirm", DOZE
12-29 18:42:44.504   665   780 I chatty  : uid=10002(com.google.android.wearable.app) AsyncTask #2 expire 2 lines
12-29 18:42:44.557   458   490 I DisplayManagerService: Display device changed state: "Integrierter Bildschirm", DOZE_SUSPEND
12-29 18:42:54.119   665   665 I chatty  : uid=10002(com.google.android.wearable.app) expire 12 lines
12-29 18:42:54.129   458   490 I DisplayManagerService: Display device changed state: "Integrierter Bildschirm", DOZE
12-29 18:42:54.187   458   471 I chatty  : uid=1000(system) Binder_1 expire 1 line
12-29 18:42:54.286   458   490 I DisplayManagerService: Display device changed state: "Integrierter Bildschirm", DOZE_SUSPEND
12-29 18:42:57.623 31186 31186 D PJB     : PujieWatchFaceService.DataChanged
12-29 18:42:57.902   910   940 I chatty  : uid=1002(bluetooth) bt_workqueue expire 10 lines
12-29 18:42:59.172   458   766 I chatty  : uid=1000(system) Binder_8 expire 1 line
12-29 18:43:00.006   802   802 I AmbientService: Ambient Updating
12-29 18:43:00.042   458   490 I DisplayManagerService: Display device changed state: "Integrierter Bildschirm", DOZE
12-29 18:43:00.049   158   158 I chatty  : uid=1000(system) /system/bin/surfaceflinger expire 36 lines
12-29 18:43:00.161   458   490 I DisplayManagerService: Display device changed state: "Integrierter Bildschirm", DOZE_SUSPEND
12-29 18:43:00.187   458   490 I DisplayManagerService: Display device changed state: "Integrierter Bildschirm", DOZE
12-29 18:43:00.304   458   490 I DisplayManagerService: Display device changed state: "Integrierter Bildschirm", DOZE_SUSPEND
12-29 18:43:06.064 31104 31113 I art     : CollectorTransition marksweep + semispace GC freed 101(-38KB) AllocSpace objects, 0(0B) LOS objects, 24% free, 5MB/7MB, paused 31.463ms total 31.463ms
12-29 18:43:07.301 25701 25710 I art     : CollectorTransition marksweep + semispace GC freed 69(-44KB) AllocSpace objects, 0(0B) LOS objects, 24% free, 5MB/7MB, paused 29.937ms total 29.937ms
12-29 18:43:07.402 14014 14024 I art     : CollectorTransition marksweep + semispace GC freed 5(-42KB) AllocSpace objects, 0(0B) LOS objects, 25% free, 5MB/7MB, paused 32.653ms total 32.653ms
12-29 18:44:00.020   802   802 I AmbientService: Ambient Updating
12-29 18:44:00.048   458   490 I DisplayManagerService: Display device changed state: "Integrierter Bildschirm", DOZE
12-29 18:44:00.170   458   490 I DisplayManagerService: Display device changed state: "Integrierter Bildschirm", DOZE_SUSPEND
12-29 18:44:55.097  1172  1172 W ContextImpl: Calling a method in the system process without a qualified user: android.app.ContextImpl.sendBroadcast:763 android.content.ContextWrapper.sendBroadcast:396 sony.com.stepservice.StepService.broadcastSteps:295 sony.com.stepservice.StepService.onSensorChanged:212 android.hardware.SystemSensorManager$SensorEventQueue.dispatchSensorEvent:512 
12-29 18:45:00.019   802   802 I AmbientService: Ambient Updating
12-29 18:45:00.045   458   490 I DisplayManagerService: Display device changed state: "Integrierter Bildschirm", DOZE
12-29 18:45:00.167   458   490 I DisplayManagerService: Display device changed state: "Integrierter Bildschirm", DOZE_SUSPEND
12-29 18:46:00.022   802   802 I AmbientService: Ambient Updating
12-29 18:46:00.046   458   490 I DisplayManagerService: Display device changed state: "Integrierter Bildschirm", DOZE
12-29 18:46:00.167   458   490 I DisplayManagerService: Display device changed state: "Integrierter Bildschirm", DOZE_SUSPEND
12-29 18:46:22.908   458   490 I DisplayManagerService: Display device changed state: "Integrierter Bildschirm", DOZE
12-29 18:46:23.028   458   490 I DisplayManagerService: Display device changed state: "Integrierter Bildschirm", DOZE_SUSPEND
