12-29 18:46:23.641 31186 31208 D PJB     : PujieWatchFaceService.Requesting new data...
12-29 18:46:23.819 31186 31186 D PJB     : PujieWatchFaceService.DataChanged
12-29 18:46:24.799   458   490 I DisplayManagerService: Display device changed state: "Integrierter Bildschirm", DOZE
12-29 18:46:24.824 31186 31186 D PJB     : PujieWatchFaceService.DataChanged
12-29 18:46:25.019   458   490 I DisplayManagerService: Display device changed state: "Integrierter Bildschirm", DOZE_SUSPEND
12-29 18:46:25.127   693   702 I art     : Background partial concurrent mark sweep GC freed 24055(1606KB) AllocSpace objects, 4(80KB) LOS objects, 14% free, 11MB/13MB, paused 6.866ms total 344.299ms
12-29 18:46:25.131 31186 31214 D PJB     : PujieWatchFaceService.Customization DataChanged
12-29 18:46:25.140   458   490 I DisplayManagerService: Display device changed state: "Integrierter Bildschirm", DOZE
12-29 18:46:25.261   458   490 I DisplayManagerService: Display device changed state: "Integrierter Bildschirm", DOZE_SUSPEND
12-29 18:46:25.478   458   490 I DisplayManagerService: Display device changed state: "Integrierter Bildschirm", DOZE
12-29 18:46:25.601   458   490 I DisplayManagerService: Display device changed state: "Integrierter Bildschirm", DOZE_SUSPEND
12-29 18:46:27.965 23482 23492 I art     : CollectorTransition marksweep + semispace GC freed 8(-33KB) AllocSpace objects, 0(0B) LOS objects, 25% free, 5MB/7MB, paused 31.341ms total 31.341ms
12-29 18:46:28.004 23482  1136 D WearToolbox: message received: org.mg.weartoolbox.clear_overlay
12-29 18:46:28.008 23482 23482 D WearToolbox: onStartCommand called
12-29 18:46:28.008 23482 23482 D WearToolbox: clear_overlay requested
12-29 18:46:29.908   910   940 I chatty  : uid=1002(bluetooth) bt_workqueue expire 15 lines
12-29 18:46:34.220 31186 31186 D PJB     : PujieWatchFaceService.DataChanged
12-29 18:46:34.290 31186 31211 D PJB     : PujieWatchFaceService.Customization DataChanged
12-29 18:46:34.295   458   490 I DisplayManagerService: Display device changed state: "Integrierter Bildschirm", DOZE
12-29 18:46:34.303   158   158 I chatty  : uid=1000(system) /system/bin/surfaceflinger expire 28 lines
12-29 18:46:34.435   458   490 I DisplayManagerService: Display device changed state: "Integrierter Bildschirm", DOZE_SUSPEND
12-29 18:46:34.518   458   490 I DisplayManagerService: Display device changed state: "Integrierter Bildschirm", DOZE
12-29 18:46:34.640   458   490 I DisplayManagerService: Display device changed state: "Integrierter Bildschirm", DOZE_SUSPEND
12-29 18:46:50.309   665   798 I chatty  : uid=10002(com.google.android.wearable.app) NotificationCol expire 24 lines
12-29 18:46:51.394   458   490 I DisplayManagerService: Display device changed state: "Integrierter Bildschirm", DOZE
12-29 18:46:51.514   458   490 I DisplayManagerService: Display device changed state: "Integrierter Bildschirm", DOZE_SUSPEND
12-29 18:46:54.135   458   490 I DisplayManagerService: Display device changed state: "Integrierter Bildschirm", DOZE
12-29 18:46:54.255   458   490 I DisplayManagerService: Display device changed state: "Integrierter Bildschirm", DOZE_SUSPEND
12-29 18:46:57.628   665   678 I chatty  : uid=10002(com.google.android.wearable.app) HeapTaskDaemon expire 4 lines
12-29 18:46:58.403   458   490 I DisplayManagerService: Display device changed state: "Integrierter Bildschirm", DOZE
12-29 18:46:58.523   458   490 I DisplayManagerService: Display device changed state: "Integrierter Bildschirm", DOZE_SUSPEND
12-29 18:47:00.007   802   802 I AmbientService: Ambient Updating
12-29 18:47:00.030   458   490 I DisplayManagerService: Display device changed state: "Integrierter Bildschirm", DOZE
12-29 18:47:00.151   458   490 I DisplayManagerService: Display device changed state: "Integrierter Bildschirm", DOZE_SUSPEND
12-29 18:47:00.937 23482 23492 I art     : CollectorTransition marksweep + semispace GC freed 8(-33KB) AllocSpace objects, 0(0B) LOS objects, 25% free, 5MB/7MB, paused 23.223ms total 23.223ms
12-29 18:47:00.949 23482  1137 D WearToolbox: message received: org.mg.weartoolbox.clear_overlay
12-29 18:47:00.951 23482 23482 D WearToolbox: onStartCommand called
12-29 18:47:00.951 23482 23482 D WearToolbox: clear_overlay requested
12-29 18:47:02.981   665   798 I chatty  : uid=10002(com.google.android.wearable.app) NotificationCol expire 18 lines
12-29 18:47:04.331   458   490 I DisplayManagerService: Display device changed state: "Integrierter Bildschirm", DOZE
12-29 18:47:04.482   458   490 I DisplayManagerService: Display device changed state: "Integrierter Bildschirm", DOZE_SUSPEND
12-29 18:47:05.278   910   940 I chatty  : uid=1002(bluetooth) bt_workqueue expire 11 lines
12-29 18:47:12.372 31186 31186 D PJB     : PujieWatchFaceService.DataChanged
12-29 18:47:12.849   458   468 I chatty  : uid=1000(system) HeapTaskDaemon expire 1 line
12-29 18:47:13.585   458   490 I DisplayManagerService: Display device changed state: "Integrierter Bildschirm", DOZE
12-29 18:47:13.592   158   158 I chatty  : uid=1000(system) /system/bin/surfaceflinger expire 28 lines
12-29 18:47:13.706   458   490 I DisplayManagerService: Display device changed state: "Integrierter Bildschirm", DOZE_SUSPEND
12-29 18:47:22.373   693   702 I art     : Background sticky concurrent mark sweep GC freed 22197(1506KB) AllocSpace objects, 4(92KB) LOS objects, 12% free, 11MB/13MB, paused 19.989ms total 159.088ms
12-29 18:47:22.576   665   798 I chatty  : uid=10002(com.google.android.wearable.app) NotificationCol expire 14 lines
12-29 18:47:22.630   665   678 I chatty  : uid=10002(com.google.android.wearable.app) HeapTaskDaemon expire 1 line
12-29 18:47:23.475   458   490 I DisplayManagerService: Display device changed state: "Integrierter Bildschirm", DOZE
12-29 18:47:23.629   458   490 I DisplayManagerService: Display device changed state: "Integrierter Bildschirm", DOZE_SUSPEND
12-29 18:48:00.023   802   802 I AmbientService: Ambient Updating
12-29 18:48:00.047   458   490 I DisplayManagerService: Display device changed state: "Integrierter Bildschirm", DOZE
12-29 18:48:00.167   458   490 I DisplayManagerService: Display device changed state: "Integrierter Bildschirm", DOZE_SUSPEND
12-29 18:48:11.407   665   665 I chatty  : uid=10002(com.google.android.wearable.app) expire 4 lines
12-29 18:48:11.414   458   490 I DisplayManagerService: Display device changed state: "Integrierter Bildschirm", DOZE
12-29 18:48:11.484   458   766 I chatty  : uid=1000(system) Binder_8 expire 1 line
12-29 18:48:11.569   458   490 I DisplayManagerService: Display device changed state: "Integrierter Bildschirm", DOZE_SUSPEND
12-29 18:48:12.404   910   940 I chatty  : uid=1002(bluetooth) bt_workqueue expire 10 lines
12-29 18:48:16.454   458  2532 I chatty  : uid=1000(system) Binder_9 expire 1 line
12-29 18:49:01.024   802   802 I AmbientService: Ambient Updating
12-29 18:49:01.055   458   490 I DisplayManagerService: Display device changed state: "Integrierter Bildschirm", DOZE
12-29 18:49:01.175   458   490 I DisplayManagerService: Display device changed state: "Integrierter Bildschirm", DOZE_SUSPEND
12-29 18:49:01.195   458   490 I DisplayManagerService: Display device changed state: "Integrierter Bildschirm", DOZE
12-29 18:49:01.315   458   490 I DisplayManagerService: Display device changed state: "Integrierter Bildschirm", DOZE_SUSPEND
12-29 18:50:00.023   802   802 I AmbientService: Ambient Updating
12-29 18:50:00.046   458   490 I DisplayManagerService: Display device changed state: "Integrierter Bildschirm", DOZE
12-29 18:50:00.167   458   490 I DisplayManagerService: Display device changed state: "Integrierter Bildschirm", DOZE_SUSPEND
12-29 18:50:23.452   665   798 I chatty  : uid=10002(com.google.android.wearable.app) NotificationCol expire 7 lines
12-29 18:50:23.764   665   678 I chatty  : uid=10002(com.google.android.wearable.app) HeapTaskDaemon expire 9 lines
12-29 18:50:23.781   458   468 I chatty  : uid=1000(system) HeapTaskDaemon expire 1 line
12-29 18:50:24.506   665   665 I chatty  : uid=10002(com.google.android.wearable.app) expire 15 lines
12-29 18:50:24.514   458   490 I DisplayManagerService: Display device changed state: "Integrierter Bildschirm", DOZE
12-29 18:50:24.522   158   158 I chatty  : uid=1000(system) /system/bin/surfaceflinger expire 10 lines
12-29 18:50:24.562   458   753 I chatty  : uid=1000(system) Binder_6 expire 1 line
12-29 18:50:24.634   458   490 I DisplayManagerService: Display device changed state: "Integrierter Bildschirm", DOZE_SUSPEND
12-29 18:50:29.555   458  5481 I chatty  : uid=1000(system) Binder_A expire 1 line
12-29 18:51:01.022   802   802 I AmbientService: Ambient Updating
12-29 18:51:01.045   458   490 I DisplayManagerService: Display device changed state: "Integrierter Bildschirm", DOZE
12-29 18:51:01.285   458   490 I DisplayManagerService: Display device changed state: "Integrierter Bildschirm", DOZE_SUSPEND
12-29 18:51:03.288 31186 31186 D PJB     : PujieWatchFaceService.DataChanged
12-29 18:51:14.024   458   515 I PowerManagerService: Waking up from dozing (uid 1000)...
12-29 18:51:14.025   458   458 E InputMethodManagerService: Ignoring updateSystemUiLocked due to an invalid token. uid:1000 token:null
12-29 18:51:14.025   458   458 I chatty  : uid=1000 system_server expire 3 lines
12-29 18:51:14.047   458   523 I chatty  : uid=1000(system) WifiStateMachin expire 5 lines
12-29 18:51:14.049   164   532 I chatty  : uid=1013(media) Binder_2 expire 16 lines
12-29 18:51:14.066   458   515 I chatty  : uid=1000(system) InputReader expire 6 lines
12-29 18:51:14.257   458   490 I DisplayManagerService: Display device changed state: "Integrierter Bildschirm", ON
12-29 18:51:14.273   458   492 I DreamManagerService: Gently waking up from dream.
12-29 18:51:14.274   802   802 V DreamService[AmbientDream]: wakeUp(): fromSystem=true, mWaking=false, mFinished=false
12-29 18:51:14.274   802   802 V DreamService[AmbientDream]: finish(): mFinished=false
12-29 18:51:14.274   458  5481 I DreamManagerService: Leaving dreamland.
12-29 18:51:14.275   458   487 I DreamController: Stopping dream: name=ComponentInfo{com.google.android.wearable.ambient/com.google.android.wearable.ambient.AmbientDream}, isTest=false, canDoze=true, userId=0
12-29 18:51:14.280   802   802 V DreamService[AmbientDream]: detach(): Calling onDreamingStopped()
12-29 18:51:14.280   802   802 I AmbientService: Ambient Stopping
12-29 18:51:14.280   802   802 D WristGestureCtrl: Resuming: GesturesEnabled-true UngazeEnabled-true
12-29 18:51:14.280   802   802 D DefaultUngazeDetector: starting
12-29 18:51:14.280   802   802 D DefaultUngazeDetector: startUngazeStateEstimation(). startTime = 374526035
12-29 18:51:14.312   164   164 I chatty  : uid=1013(media) /system/bin/mediaserver expire 13 lines
12-29 18:51:14.312   458   472 I chatty  : uid=1000(system) Binder_2 expire 2 lines
12-29 18:51:14.315   164  1146 I chatty  : uid=1013(media) /system/bin/mediaserver expire 24 lines
12-29 18:51:14.333   802   802 V DreamService[AmbientDream]: onDestroy()
12-29 18:51:14.384   910   940 I chatty  : uid=1002(bluetooth) bt_workqueue expire 10 lines
12-29 18:51:14.673   802   829 W DefaultWristGestureDetector: Sensor accuracy changed: {Sensor name="em7180 accelerometer", vendor="EM Micro", version=104, type=1, maxRange=156.96, resolution=0.1, power=0.13, minDelay=5000} accuracy: 2
12-29 18:51:16.299 31186 31213 D PJB     : PujieWatchFaceService.Requesting new data...
12-29 18:51:16.364 31186 31186 D PJB     : PujieWatchFaceService.DataChanged
12-29 18:51:17.386 31186 31186 D PJB     : PujieWatchFaceService.DataChanged
12-29 18:51:17.505 31186 31208 D PJB     : PujieWatchFaceService.Customization DataChanged
12-29 18:51:18.232   665   780 I chatty  : uid=10002(com.google.android.wearable.app) AsyncTask #2 expire 2 lines
12-29 18:51:18.486 31186 31186 D PJB     : PujieWatchFaceService.DataChanged
12-29 18:51:18.565 31186 31214 D PJB     : PujieWatchFaceService.Customization DataChanged
12-29 18:51:19.121   665   857 I chatty  : uid=10002(com.google.android.wearable.app) AsyncTask #4 expire 2 lines
12-29 18:51:19.124   665  1610 I chatty  : uid=10002(com.google.android.wearable.app) l.SetBackground expire 4 lines
12-29 18:51:19.666   665   879 I chatty  : uid=10002(com.google.android.wearable.app) .ReloadContacts expire 6 lines
12-29 18:51:20.246   665   823 I chatty  : uid=10002(com.google.android.wearable.app) AsyncTask #3 expire 4 lines
12-29 18:51:20.651   693   702 I art     : Background partial concurrent mark sweep GC freed 19133(1261KB) AllocSpace objects, 26(572KB) LOS objects, 14% free, 11MB/13MB, paused 2.441ms total 181.335ms
12-29 18:51:21.852   665   665 I chatty  : uid=10002(com.google.android.wearable.app) expire 10 lines
12-29 18:51:23.240   458   458 E InputMethodManagerService: Ignoring updateSystemUiLocked due to an invalid token. uid:1000 token:null
12-29 18:51:23.249   458   486 I ActivityManager: START u0 {act=android.intent.action.MAIN cat=[android.intent.category.HOME] flg=0x10200000 cmp=com.google.android.wearable.app/com.google.android.clockwork.home.HomeActivity (has extras)} from uid 1000 on display 0
12-29 18:51:23.368   164   216 I chatty  : uid=1013(media) Binder_1 expire 23 lines
12-29 18:51:23.424   164  1150 I chatty  : uid=1013(media) /system/bin/mediaserver expire 22 lines
12-29 18:51:23.462 32071 32083 I art     : CollectorTransition marksweep + semispace GC freed 243(-60KB) AllocSpace objects, 0(0B) LOS objects, 24% free, 5MB/7MB, paused 67.840ms total 67.840ms
12-29 18:51:23.981 31186 31195 W art     : Suspending all threads took: 36.071ms
12-29 18:51:24.047 31186 31195 I art     : Background partial concurrent mark sweep GC freed 17785(2MB) AllocSpace objects, 22(672KB) LOS objects, 16% free, 10MB/12MB, paused 41.198ms total 161.071ms
12-29 18:51:24.047 31186 31186 D PJB     : PujieWatchFaceService.DataChanged
12-29 18:51:24.048 31186 31186 D PJB     : PujieWatchFaceService.DataChanged
12-29 18:51:24.309   458   458 E InputMethodManagerService: Ignoring updateSystemUiLocked due to an invalid token. uid:1000 token:null
12-29 18:51:24.311   458   486 I ActivityManager: START u0 {act=android.intent.action.MAIN cat=[android.intent.category.HOME] flg=0x10200000 cmp=com.google.android.wearable.app/com.google.android.clockwork.home.HomeActivity (has extras)} from uid 1000 on display 0
12-29 18:51:24.446   458  5481 I PowerManagerService: Going to sleep by application request (uid 1000)...
12-29 18:51:24.447   458   458 E InputMethodManagerService: Ignoring updateSystemUiLocked due to an invalid token. uid:1000 token:null
12-29 18:51:24.447   458   492 I DreamManagerService: Entering dreamland.
12-29 18:51:24.448   458   492 I PowerManagerService: Dozing...
12-29 18:51:24.448   458   487 I DreamController: Starting dream: name=ComponentInfo{com.google.android.wearable.ambient/com.google.android.wearable.ambient.AmbientDream}, isTest=false, canDoze=true, userId=0
12-29 18:51:24.473   458   458 E InputMethodManagerService: Ignoring updateSystemUiLocked due to an invalid token. uid:1000 token:null
12-29 18:51:24.532   802   802 V DreamService[AmbientDream]: onBind() intent = Intent { act=android.service.dreams.DreamService flg=0x800000 cmp=com.google.android.wearable.ambient/.AmbientDream }
12-29 18:51:24.541   802   802 I AmbientService: Ambient Created
12-29 18:51:24.541   802   802 V DreamService[AmbientDream]: Calling onDreamingStarted()
12-29 18:51:24.541   802   802 I AmbientService: Ambient Starting
12-29 18:51:24.545   802   802 D WristGestureCtrl: Stopping detectors: GesturesEnabled-true gestureDetector-true ungazeEnabled-true ungaze-true
12-29 18:51:24.545   802   802 D DefaultUngazeDetector: stopping
12-29 18:51:24.554   458   748 I chatty  : uid=1000(system) Binder_4 expire 1 line
12-29 18:51:24.635   458   490 I DisplayManagerService: Display device changed state: "Integrierter Bildschirm", DOZE_SUSPEND
12-29 18:51:24.649   158   158 I chatty  : uid=1000(system) /system/bin/surfaceflinger expire 36 lines
12-29 18:51:24.654   458   492 I chatty  : uid=1000(system) PowerManagerSer expire 3 lines
12-29 18:51:24.665   164   164 I chatty  : uid=1013(media) /system/bin/mediaserver expire 3 lines
12-29 18:51:24.756   458   490 I DisplayManagerService: Display device changed state: "Integrierter Bildschirm", DOZE
12-29 18:51:25.460   458   515 I PowerManagerService: Waking up from dozing (uid 1000)...
12-29 18:51:25.471   458   458 E InputMethodManagerService: Ignoring updateSystemUiLocked due to an invalid token. uid:1000 token:null
12-29 18:51:25.727   458   490 I DisplayManagerService: Display device changed state: "Integrierter Bildschirm", ON
12-29 18:51:25.738   458   492 I DreamManagerService: Gently waking up from dream.
12-29 18:51:25.739   802   802 V DreamService[AmbientDream]: wakeUp(): fromSystem=true, mWaking=false, mFinished=false
12-29 18:51:25.739   802   802 V DreamService[AmbientDream]: finish(): mFinished=false
12-29 18:51:25.740   458  2532 I DreamManagerService: Leaving dreamland.
12-29 18:51:25.740   458   487 I DreamController: Stopping dream: name=ComponentInfo{com.google.android.wearable.ambient/com.google.android.wearable.ambient.AmbientDream}, isTest=false, canDoze=true, userId=0
12-29 18:51:25.742   802   802 V DreamService[AmbientDream]: detach(): Calling onDreamingStopped()
12-29 18:51:25.742   802   802 I AmbientService: Ambient Stopping
12-29 18:51:25.743   802   802 D WristGestureCtrl: Resuming: GesturesEnabled-true UngazeEnabled-true
12-29 18:51:25.743   802   802 D DefaultUngazeDetector: starting
12-29 18:51:25.743   802   802 D DefaultUngazeDetector: startUngazeStateEstimation(). startTime = 374537498
12-29 18:51:25.762   458  8151 I chatty  : uid=1000(system) Binder_B expire 1 line
12-29 18:51:25.763   802   802 V DreamService[AmbientDream]: onDestroy()
12-29 18:51:25.769   164  1154 I chatty  : uid=1013(media) /system/bin/mediaserver expire 24 lines
12-29 18:51:26.133   802   829 W DefaultWristGestureDetector: Sensor accuracy changed: {Sensor name="em7180 accelerometer", vendor="EM Micro", version=104, type=1, maxRange=156.96, resolution=0.1, power=0.13, minDelay=5000} accuracy: 2
12-29 18:51:27.747   164   532 I chatty  : uid=1013(media) Binder_2 expire 11 lines
12-29 18:51:32.452   458   458 E InputMethodManagerService: Ignoring updateSystemUiLocked due to an invalid token. uid:1000 token:null
12-29 18:51:32.454   458   486 I ActivityManager: START u0 {act=android.intent.action.MAIN cat=[android.intent.category.HOME] flg=0x10200000 cmp=com.google.android.wearable.app/com.google.android.clockwork.home.HomeActivity (has extras)} from uid 1000 on display 0
12-29 18:51:32.613   164   533 I chatty  : uid=1013(media) Binder_3 expire 18 lines
12-29 18:51:32.615   164  1158 I chatty  : uid=1013(media) /system/bin/mediaserver expire 24 lines
12-29 18:51:32.834   458   468 I chatty  : uid=1000(system) HeapTaskDaemon expire 2 lines
12-29 18:51:32.845 31186 31195 I art     : Background sticky concurrent mark sweep GC freed 18358(2MB) AllocSpace objects, 0(0B) LOS objects, 13% free, 10MB/12MB, paused 6.256ms total 84.960ms
12-29 18:51:33.436 31186 31186 D PJB     : PujieWatchFaceService.DataChanged
12-29 18:51:35.704   802   802 D DefaultUngazeDetector: Ungaze event occurred; emitting gesture event!
12-29 18:51:35.705   802   802 D WristGestureCtrl: Gesture:GESTURE UNGAZE, timestamp(ms): 374537498, confidence: 0.0, latency(ms): 0, duration(ms): 9962
12-29 18:51:35.729   458   472 I PowerManagerService: Going to sleep due to screen timeout (uid 1000)...
12-29 18:51:35.730   458   458 E InputMethodManagerService: Ignoring updateSystemUiLocked due to an invalid token. uid:1000 token:null
12-29 18:51:35.731   458   492 I DreamManagerService: Entering dreamland.
12-29 18:51:35.731   458   492 I PowerManagerService: Dozing...
12-29 18:51:35.732   458   487 I DreamController: Starting dream: name=ComponentInfo{com.google.android.wearable.ambient/com.google.android.wearable.ambient.AmbientDream}, isTest=false, canDoze=true, userId=0
12-29 18:51:35.740   458   458 E InputMethodManagerService: Ignoring updateSystemUiLocked due to an invalid token. uid:1000 token:null
12-29 18:51:35.761   802   802 V DreamService[AmbientDream]: onBind() intent = Intent { act=android.service.dreams.DreamService flg=0x800000 cmp=com.google.android.wearable.ambient/.AmbientDream }
12-29 18:51:35.767   802   802 I AmbientService: Ambient Created
12-29 18:51:35.768   802   802 V DreamService[AmbientDream]: Calling onDreamingStarted()
12-29 18:51:35.768   802   802 I AmbientService: Ambient Starting
12-29 18:51:35.786   802   802 D WristGestureCtrl: Stopping detectors: GesturesEnabled-true gestureDetector-true ungazeEnabled-true ungaze-true
12-29 18:51:35.786   802   802 D DefaultUngazeDetector: stopping
12-29 18:51:36.059   458   543 I chatty  : uid=1000(system) PhotonicModulat expire 4 lines
12-29 18:51:36.060   458   490 I DisplayManagerService: Display device changed state: "Integrierter Bildschirm", DOZE_SUSPEND
12-29 18:51:36.141   458   490 I DisplayManagerService: Display device changed state: "Integrierter Bildschirm", DOZE
12-29 18:51:36.372   458   490 I DisplayManagerService: Display device changed state: "Integrierter Bildschirm", DOZE_SUSPEND
12-29 18:51:36.394   458   490 I DisplayManagerService: Display device changed state: "Integrierter Bildschirm", DOZE
12-29 18:51:36.511   458   490 I DisplayManagerService: Display device changed state: "Integrierter Bildschirm", DOZE_SUSPEND
12-29 18:51:36.543   458   490 I DisplayManagerService: Display device changed state: "Integrierter Bildschirm", DOZE
12-29 18:51:36.654   458   490 I DisplayManagerService: Display device changed state: "Integrierter Bildschirm", DOZE_SUSPEND
12-29 18:51:36.677   458   490 I DisplayManagerService: Display device changed state: "Integrierter Bildschirm", DOZE
12-29 18:51:36.768   910   940 I chatty  : uid=1002(bluetooth) bt_workqueue expire 10 lines
12-29 18:51:36.978   458   490 I DisplayManagerService: Display device changed state: "Integrierter Bildschirm", DOZE_SUSPEND
12-29 18:51:37.864   458   490 I DisplayManagerService: Display device changed state: "Integrierter Bildschirm", DOZE
12-29 18:51:38.014   458   490 I DisplayManagerService: Display device changed state: "Integrierter Bildschirm", DOZE_SUSPEND
12-29 18:52:00.020   802   802 I AmbientService: Ambient Updating
12-29 18:52:00.046   458   490 I DisplayManagerService: Display device changed state: "Integrierter Bildschirm", DOZE
12-29 18:52:00.168   458   490 I DisplayManagerService: Display device changed state: "Integrierter Bildschirm", DOZE_SUSPEND
12-29 18:53:00.020   802   802 I AmbientService: Ambient Updating
12-29 18:53:00.044   458   490 I DisplayManagerService: Display device changed state: "Integrierter Bildschirm", DOZE
12-29 18:53:00.165   458   490 I DisplayManagerService: Display device changed state: "Integrierter Bildschirm", DOZE_SUSPEND
12-29 18:53:11.398 32260 32269 I art     : CollectorTransition marksweep + semispace GC freed 26(-68KB) AllocSpace objects, 0(0B) LOS objects, 21% free, 7MB/9MB, paused 39.550ms total 39.550ms
12-29 18:53:11.414   458   584 W AppOps  : Bad call: specified package com.google.android.wearable.app.cn under uid 10007 but it is really -1
12-29 18:53:11.572   458   490 I DisplayManagerService: Display device changed state: "Integrierter Bildschirm", DOZE
12-29 18:53:11.580   158   158 I chatty  : uid=1000(system) /system/bin/surfaceflinger expire 16 lines
12-29 18:53:11.684   665   798 I chatty  : uid=10002(com.google.android.wearable.app) NotificationCol expire 5 lines
12-29 18:53:11.713   458   490 I DisplayManagerService: Display device changed state: "Integrierter Bildschirm", DOZE_SUSPEND
12-29 18:53:11.875   458   490 I DisplayManagerService: Display device changed state: "Integrierter Bildschirm", DOZE
12-29 18:53:12.015   458   490 I DisplayManagerService: Display device changed state: "Integrierter Bildschirm", DOZE_SUSPEND
12-29 18:53:38.017   910   940 I chatty  : uid=1002(bluetooth) bt_workqueue expire 8 lines
12-29 18:53:38.079 14014 14024 I art     : CollectorTransition marksweep + semispace GC freed 3(-42KB) AllocSpace objects, 0(0B) LOS objects, 25% free, 5MB/7MB, paused 36.529ms total 36.529ms
12-29 18:54:01.017   802   802 I AmbientService: Ambient Updating
12-29 18:54:01.043   458   490 I DisplayManagerService: Display device changed state: "Integrierter Bildschirm", DOZE
12-29 18:54:01.163   458   490 I DisplayManagerService: Display device changed state: "Integrierter Bildschirm", DOZE_SUSPEND
12-29 18:55:00.017   802   802 I AmbientService: Ambient Updating
12-29 18:55:00.048   458   490 I DisplayManagerService: Display device changed state: "Integrierter Bildschirm", DOZE
12-29 18:55:00.169   458   490 I DisplayManagerService: Display device changed state: "Integrierter Bildschirm", DOZE_SUSPEND
12-29 18:56:00.022   802   802 I AmbientService: Ambient Updating
12-29 18:56:00.054   458   490 I DisplayManagerService: Display device changed state: "Integrierter Bildschirm", DOZE
12-29 18:56:00.061   158   158 I chatty  : uid=1000(system) /system/bin/surfaceflinger expire 10 lines
12-29 18:56:00.175   458   490 I DisplayManagerService: Display device changed state: "Integrierter Bildschirm", DOZE_SUSPEND
12-29 18:57:00.022   802   802 I AmbientService: Ambient Updating
12-29 18:57:00.049   458   490 I DisplayManagerService: Display device changed state: "Integrierter Bildschirm", DOZE
12-29 18:57:00.169   458   490 I DisplayManagerService: Display device changed state: "Integrierter Bildschirm", DOZE_SUSPEND
12-29 18:57:02.057 23482 23492 I art     : CollectorTransition marksweep + semispace GC freed 8(-33KB) AllocSpace objects, 0(0B) LOS objects, 24% free, 5MB/7MB, paused 27.465ms total 27.465ms
12-29 18:57:02.084 23482  1161 D WearToolbox: message received: org.mg.weartoolbox.clear_overlay
12-29 18:57:02.086 23482 23482 D WearToolbox: onStartCommand called
12-29 18:57:02.086 23482 23482 D WearToolbox: clear_overlay requested
12-29 18:57:04.037   910   940 D bt_btm_pm: btm_pm_proc_mode_change switched from UNKNOWN to SNIFF.
12-29 18:58:00.020   802   802 I AmbientService: Ambient Updating
12-29 18:58:00.046   458   490 I DisplayManagerService: Display device changed state: "Integrierter Bildschirm", DOZE
12-29 18:58:00.111  1172  1172 W ContextImpl: Calling a method in the system process without a qualified user: android.app.ContextImpl.sendBroadcast:763 android.content.ContextWrapper.sendBroadcast:396 sony.com.stepservice.StepService.broadcastSteps:295 sony.com.stepservice.StepService.onSensorChanged:212 android.hardware.SystemSensorManager$SensorEventQueue.dispatchSensorEvent:512 
12-29 18:58:00.165   458   490 I DisplayManagerService: Display device changed state: "Integrierter Bildschirm", DOZE_SUSPEND
12-29 18:58:00.169   158   158 I chatty  : uid=1000(system) /system/bin/surfaceflinger expire 10 lines
12-29 18:59:00.017   802   802 I AmbientService: Ambient Updating
12-29 18:59:00.044   458   490 I DisplayManagerService: Display device changed state: "Integrierter Bildschirm", DOZE
12-29 18:59:00.164   458   490 I DisplayManagerService: Display device changed state: "Integrierter Bildschirm", DOZE_SUSPEND
12-29 18:59:52.014   910   940 D bt_btm_pm: btm_pm_proc_mode_change switched from SNIFF to ACTIVE.
12-29 18:59:52.067 31104 31113 I art     : CollectorTransition marksweep + semispace GC freed 4(-42KB) AllocSpace objects, 0(0B) LOS objects, 24% free, 5MB/7MB, paused 29.357ms total 29.357ms
12-29 18:59:54.022   910   940 D bt_btm_pm: btm_pm_snd_md_req switching from ACTIVE to SNIFF.
12-29 18:59:54.177   910   940 D bt_btm_pm: btm_pm_proc_mode_change switched from UNKNOWN to SNIFF.
12-29 18:59:54.903   910   940 D bt_btm_pm: btm_pm_proc_mode_change switched from SNIFF to ACTIVE.
12-29 18:59:55.062 25701 25710 I art     : CollectorTransition marksweep + semispace GC freed 3(-47KB) AllocSpace objects, 0(0B) LOS objects, 24% free, 5MB/7MB, paused 32.775ms total 32.775ms
12-29 18:59:55.335 14014 14024 I art     : CollectorTransition marksweep + semispace GC freed 3(-42KB) AllocSpace objects, 0(0B) LOS objects, 25% free, 5MB/7MB, paused 26.794ms total 26.794ms
12-29 18:59:57.292   910   940 D bt_btm_pm: btm_pm_snd_md_req switching from ACTIVE to SNIFF.
12-29 18:59:57.397   910   940 D bt_btm_pm: btm_pm_proc_mode_change switched from UNKNOWN to SNIFF.
12-29 19:00:00.007   802   802 I AmbientService: Ambient Updating
12-29 19:00:00.046   458   490 I DisplayManagerService: Display device changed state: "Integrierter Bildschirm", DOZE
12-29 19:00:00.168   458   490 I DisplayManagerService: Display device changed state: "Integrierter Bildschirm", DOZE_SUSPEND
12-29 19:00:06.017   910   940 D bt_btm_pm: btm_pm_proc_mode_change switched from SNIFF to ACTIVE.
12-29 19:00:06.944 14014 14024 I art     : CollectorTransition marksweep + semispace GC freed 3(-42KB) AllocSpace objects, 0(0B) LOS objects, 25% free, 5MB/7MB, paused 52.917ms total 52.917ms
12-29 19:00:06.948 25701 25710 I art     : CollectorTransition marksweep + semispace GC freed 3(-47KB) AllocSpace objects, 0(0B) LOS objects, 24% free, 5MB/7MB, paused 42.449ms total 42.449ms
12-29 19:00:08.877   910   940 D bt_btm_pm: btm_pm_snd_md_req switching from ACTIVE to SNIFF.
12-29 19:00:08.908   910   940 D bt_btm_pm: btm_pm_proc_mode_change switched from UNKNOWN to SNIFF.
12-29 19:00:09.402   910   940 D bt_btm_pm: btm_pm_proc_mode_change switched from SNIFF to ACTIVE.
12-29 19:00:11.404   910   940 D bt_btm_pm: btm_pm_snd_md_req switching from ACTIVE to SNIFF.
12-29 19:00:11.433   910   940 D bt_btm_pm: btm_pm_proc_mode_change switched from UNKNOWN to SNIFF.
12-29 19:00:17.020   910   940 D bt_btm_pm: btm_pm_proc_mode_change switched from SNIFF to ACTIVE.
12-29 19:00:19.030   910   940 D bt_btm_pm: btm_pm_snd_md_req switching from ACTIVE to SNIFF.
12-29 19:00:19.055   910   940 D bt_btm_pm: btm_pm_proc_mode_change switched from UNKNOWN to SNIFF.
12-29 19:00:19.411   910   940 D bt_btm_pm: btm_pm_proc_mode_change switched from SNIFF to ACTIVE.
12-29 19:00:21.412   910   940 D bt_btm_pm: btm_pm_snd_md_req switching from ACTIVE to SNIFF.
12-29 19:00:21.439   910   940 D bt_btm_pm: btm_pm_proc_mode_change switched from UNKNOWN to SNIFF.
12-29 19:00:37.018   458   515 I PowerManagerService: Waking up from dozing (uid 1000)...
12-29 19:00:37.019   458   458 E InputMethodManagerService: Ignoring updateSystemUiLocked due to an invalid token. uid:1000 token:null
12-29 19:00:37.037   164   164 I chatty  : uid=1013(media) /system/bin/mediaserver expire 3 lines
12-29 19:00:37.236   458   490 I DisplayManagerService: Display device changed state: "Integrierter Bildschirm", ON
12-29 19:00:37.243   158   158 I chatty  : uid=1000(system) /system/bin/surfaceflinger expire 16 lines
12-29 19:00:37.250   458   492 I DreamManagerService: Gently waking up from dream.
12-29 19:00:37.251   802   802 V DreamService[AmbientDream]: wakeUp(): fromSystem=true, mWaking=false, mFinished=false
12-29 19:00:37.251   802   802 V DreamService[AmbientDream]: finish(): mFinished=false
12-29 19:00:37.251   458  8151 I DreamManagerService: Leaving dreamland.
12-29 19:00:37.251   458   487 I DreamController: Stopping dream: name=ComponentInfo{com.google.android.wearable.ambient/com.google.android.wearable.ambient.AmbientDream}, isTest=false, canDoze=true, userId=0
12-29 19:00:37.257   802   802 V DreamService[AmbientDream]: detach(): Calling onDreamingStopped()
12-29 19:00:37.257   802   802 I AmbientService: Ambient Stopping
12-29 19:00:37.257   802   802 D WristGestureCtrl: Resuming: GesturesEnabled-true UngazeEnabled-true
12-29 19:00:37.257   802   802 D DefaultUngazeDetector: starting
12-29 19:00:37.257   802   802 D DefaultUngazeDetector: startUngazeStateEstimation(). startTime = 375089012
12-29 19:00:37.276   458   766 I chatty  : uid=1000(system) Binder_8 expire 1 line
12-29 19:00:37.284   802   802 V DreamService[AmbientDream]: onDestroy()
12-29 19:00:37.298   164   532 I chatty  : uid=1013(media) Binder_2 expire 13 lines
12-29 19:00:37.301   164  1169 I chatty  : uid=1013(media) /system/bin/mediaserver expire 18 lines
12-29 19:00:37.402   910   940 D bt_btm_pm: btm_pm_snd_md_req switching from SNIFF to ACTIVE.
12-29 19:00:37.537   802   829 W DefaultWristGestureDetector: Sensor accuracy changed: {Sensor name="em7180 accelerometer", vendor="EM Micro", version=104, type=1, maxRange=156.96, resolution=0.1, power=0.13, minDelay=5000} accuracy: 2
12-29 19:00:37.891   910   940 D bt_btm_pm: btm_pm_proc_mode_change switched from UNKNOWN to ACTIVE.
12-29 19:00:39.281 31186 31208 D PJB     : PujieWatchFaceService.Requesting new data...
12-29 19:00:39.328 31186 31186 D PJB     : PujieWatchFaceService.DataChanged
12-29 19:00:40.789 31186 31186 D PJB     : PujieWatchFaceService.DataChanged
12-29 19:00:40.860 31186 31211 D PJB     : PujieWatchFaceService.Customization DataChanged
12-29 19:00:41.448   665   665 I chatty  : uid=10002(com.google.android.wearable.app) expire 14 lines
12-29 19:00:44.032   910   940 D bt_btm_pm: btm_pm_snd_md_req switching from ACTIVE to SNIFF.
12-29 19:00:44.040   910   940 D bt_btm_pm: btm_pm_proc_mode_change switched from UNKNOWN to SNIFF.
12-29 19:00:44.869   910   940 D bt_btm_pm: btm_pm_proc_mode_change switched from SNIFF to ACTIVE.
12-29 19:00:44.922 23482 23492 I art     : CollectorTransition marksweep + semispace GC freed 8(-33KB) AllocSpace objects, 0(0B) LOS objects, 25% free, 5MB/7MB, paused 26.062ms total 26.062ms
12-29 19:00:44.933 23482  1171 D WearToolbox: message received: org.mg.weartoolbox.clear_overlay
12-29 19:00:44.935 23482 23482 D WearToolbox: onStartCommand called
12-29 19:00:44.935 23482 23482 D WearToolbox: clear_overlay requested
12-29 19:00:46.879   910   940 D bt_btm_pm: btm_pm_snd_md_req switching from ACTIVE to SNIFF.
12-29 19:00:46.888   910   940 D bt_btm_pm: btm_pm_proc_mode_change switched from UNKNOWN to SNIFF.
12-29 19:00:46.981   910   940 D bt_btm_pm: btm_pm_snd_md_req switching from SNIFF to ACTIVE.
12-29 19:00:47.374   910   940 D bt_btm_pm: btm_pm_proc_mode_change switched from UNKNOWN to ACTIVE.
12-29 19:00:49.376   910   940 D bt_btm_pm: btm_pm_snd_md_req switching from ACTIVE to SNIFF.
12-29 19:00:49.396   910   940 D bt_btm_pm: btm_pm_proc_mode_change switched from UNKNOWN to SNIFF.
12-29 19:00:50.514   910   940 D bt_btm_pm: btm_pm_snd_md_req switching from SNIFF to ACTIVE.
12-29 19:00:50.859   910   940 D bt_btm_pm: btm_pm_proc_mode_change switched from UNKNOWN to ACTIVE.
12-29 19:00:51.690   665   743 I chatty  : uid=10002(com.google.android.wearable.app) AsyncTask #1 expire 2 lines
12-29 19:00:52.449 31186 31186 D PJB     : PujieWatchFaceService.DataChanged
12-29 19:00:52.520 31186 31213 D PJB     : PujieWatchFaceService.Customization DataChanged
12-29 19:00:53.472   665   665 I chatty  : uid=10002(com.google.android.wearable.app) expire 10 lines
12-29 19:00:54.396   910   940 D bt_btm_pm: btm_pm_snd_md_req switching from ACTIVE to SNIFF.
12-29 19:00:54.422   910   940 D bt_btm_pm: btm_pm_proc_mode_change switched from UNKNOWN to SNIFF.
12-29 19:00:58.515   910   940 D bt_btm_pm: btm_pm_snd_md_req switching from SNIFF to ACTIVE.
12-29 19:00:58.623 31186 31186 D PJB     : PujieWatchFaceService.DataChanged
12-29 19:00:58.624 31186 31186 D PJB     : PujieWatchFaceService.DataChanged
12-29 19:00:58.839   910   940 D bt_btm_pm: btm_pm_proc_mode_change switched from UNKNOWN to ACTIVE.
12-29 19:01:00.855   910   940 D bt_btm_pm: btm_pm_snd_md_req switching from ACTIVE to SNIFF.
12-29 19:01:00.863   910   940 D bt_btm_pm: btm_pm_proc_mode_change switched from UNKNOWN to SNIFF.
12-29 19:01:01.281   665   678 I chatty  : uid=10002(com.google.android.wearable.app) HeapTaskDaemon expire 10 lines
12-29 19:01:16.719   458   458 E InputMethodManagerService: Ignoring updateSystemUiLocked due to an invalid token. uid:1000 token:null
12-29 19:01:16.721   458   486 I ActivityManager: START u0 {act=android.intent.action.MAIN cat=[android.intent.category.HOME] flg=0x10200000 cmp=com.google.android.wearable.app/com.google.android.clockwork.home.HomeActivity (has extras)} from uid 1000 on display 0
12-29 19:01:16.789   910   940 D bt_btm_pm: btm_pm_snd_md_req switching from SNIFF to ACTIVE.
12-29 19:01:16.829   164  1169 I chatty  : uid=1013(media) /system/bin/mediaserver expire 6 lines
12-29 19:01:16.832   164   216 I chatty  : uid=1013(media) Binder_1 expire 5 lines
12-29 19:01:16.857   164   533 I chatty  : uid=1013(media) Binder_3 expire 13 lines
12-29 19:01:16.863   164  1184 I chatty  : uid=1013(media) /system/bin/mediaserver expire 18 lines
12-29 19:01:17.218 32071 32083 I art     : CollectorTransition marksweep + semispace GC freed 825(-27KB) AllocSpace objects, 0(0B) LOS objects, 24% free, 5MB/7MB, paused 76.782ms total 76.782ms
12-29 19:01:17.292   910   940 D bt_btm_pm: btm_pm_proc_mode_change switched from UNKNOWN to ACTIVE.
12-29 19:01:17.362 31186 31186 D PJB     : PujieWatchFaceService.DataChanged
12-29 19:01:17.378 31186 31186 D PJB     : PujieWatchFaceService.DataChanged
12-29 19:01:19.091   802   802 D DefaultUngazeDetector: Ungaze event occurred; emitting gesture event!
12-29 19:01:19.091   802   802 D WristGestureCtrl: Gesture:GESTURE UNGAZE, timestamp(ms): 375089012, confidence: 0.0, latency(ms): 0, duration(ms): 41834
12-29 19:01:19.093   458   748 I PowerManagerService: Going to sleep due to screen timeout (uid 1000)...
12-29 19:01:19.093   458   458 E InputMethodManagerService: Ignoring updateSystemUiLocked due to an invalid token. uid:1000 token:null
12-29 19:01:19.094   458   492 I DreamManagerService: Entering dreamland.
12-29 19:01:19.094   458   492 I PowerManagerService: Dozing...
12-29 19:01:19.095   458   487 I DreamController: Starting dream: name=ComponentInfo{com.google.android.wearable.ambient/com.google.android.wearable.ambient.AmbientDream}, isTest=false, canDoze=true, userId=0
12-29 19:01:19.102   458   458 E InputMethodManagerService: Ignoring updateSystemUiLocked due to an invalid token. uid:1000 token:null
12-29 19:01:19.139   802   802 V DreamService[AmbientDream]: onBind() intent = Intent { act=android.service.dreams.DreamService flg=0x800000 cmp=com.google.android.wearable.ambient/.AmbientDream }
12-29 19:01:19.147   802   802 I AmbientService: Ambient Created
12-29 19:01:19.147   802   802 V DreamService[AmbientDream]: Calling onDreamingStarted()
12-29 19:01:19.147   802   802 I AmbientService: Ambient Starting
12-29 19:01:19.165   802   802 D WristGestureCtrl: Stopping detectors: GesturesEnabled-true gestureDetector-true ungazeEnabled-true ungaze-true
12-29 19:01:19.165   802   802 D DefaultUngazeDetector: stopping
12-29 19:01:19.182   458   492 I chatty  : uid=1000(system) PowerManagerSer expire 3 lines
12-29 19:01:19.190   164   533 I chatty  : uid=1013(media) Binder_3 expire 3 lines
12-29 19:01:19.196   458   523 I chatty  : uid=1000(system) WifiStateMachin expire 6 lines
12-29 19:01:19.281   164  1184 I chatty  : uid=1013(media) /system/bin/mediaserver expire 6 lines
12-29 19:01:19.286   164   533 I chatty  : uid=1013(media) Binder_3 expire 5 lines
12-29 19:01:19.382   458  5481 I chatty  : uid=1000(system) Binder_A expire 1 line
12-29 19:01:19.480   458   490 I DisplayManagerService: Display device changed state: "Integrierter Bildschirm", DOZE_SUSPEND
12-29 19:01:19.657   458   490 I DisplayManagerService: Display device changed state: "Integrierter Bildschirm", DOZE
12-29 19:01:19.778   458   490 I DisplayManagerService: Display device changed state: "Integrierter Bildschirm", DOZE_SUSPEND
12-29 19:01:19.804   458   490 I DisplayManagerService: Display device changed state: "Integrierter Bildschirm", DOZE
12-29 19:01:20.274   458   490 I DisplayManagerService: Display device changed state: "Integrierter Bildschirm", DOZE_SUSPEND
12-29 19:01:20.732   910   940 D bt_btm_pm: btm_pm_snd_md_req switching from ACTIVE to SNIFF.
12-29 19:01:20.754   910   940 D bt_btm_pm: btm_pm_proc_mode_change switched from UNKNOWN to SNIFF.
12-29 19:01:21.390   910   940 D bt_btm_pm: btm_pm_snd_md_req switching from SNIFF to ACTIVE.
12-29 19:01:21.781   910   940 D bt_btm_pm: btm_pm_proc_mode_change switched from UNKNOWN to ACTIVE.
12-29 19:01:23.803   910   940 D bt_btm_pm: btm_pm_snd_md_req switching from ACTIVE to SNIFF.
12-29 19:01:23.831   910   940 D bt_btm_pm: btm_pm_proc_mode_change switched from UNKNOWN to SNIFF.
12-29 19:02:00.031   802   802 I AmbientService: Ambient Updating
12-29 19:02:00.095   458   490 I DisplayManagerService: Display device changed state: "Integrierter Bildschirm", DOZE
12-29 19:02:00.216   458   490 I DisplayManagerService: Display device changed state: "Integrierter Bildschirm", DOZE_SUSPEND
12-29 19:02:00.294   910   940 D bt_btm_pm: btm_pm_snd_md_req switching from SNIFF to ACTIVE.
12-29 19:02:00.309 31186 31186 D PJB     : PujieWatchFaceService.DataChanged
12-29 19:02:00.339   458   468 I chatty  : uid=1000(system) HeapTaskDaemon expire 3 lines
12-29 19:02:00.720   910   940 D bt_btm_pm: btm_pm_proc_mode_change switched from UNKNOWN to ACTIVE.
12-29 19:02:02.741   910   940 D bt_btm_pm: btm_pm_snd_md_req switching from ACTIVE to SNIFF.
12-29 19:02:02.756   910   940 D bt_btm_pm: btm_pm_proc_mode_change switched from UNKNOWN to SNIFF.
12-29 19:02:04.206   910   940 D bt_btm_pm: btm_pm_proc_mode_change switched from SNIFF to ACTIVE.
12-29 19:02:06.223   910   940 D bt_btm_pm: btm_pm_snd_md_req switching from ACTIVE to SNIFF.
12-29 19:02:06.231   910   940 D bt_btm_pm: btm_pm_proc_mode_change switched from UNKNOWN to SNIFF.
12-29 19:02:06.699   910   940 D bt_btm_pm: btm_pm_proc_mode_change switched from SNIFF to ACTIVE.
12-29 19:02:08.699   910   940 D bt_btm_pm: btm_pm_snd_md_req switching from ACTIVE to SNIFF.
12-29 19:02:08.729   910   940 D bt_btm_pm: btm_pm_proc_mode_change switched from UNKNOWN to SNIFF.
12-29 19:02:50.019   458   515 I PowerManagerService: Waking up from dozing (uid 1000)...
12-29 19:02:50.020   458   458 E InputMethodManagerService: Ignoring updateSystemUiLocked due to an invalid token. uid:1000 token:null
12-29 19:02:50.022   458   458 I chatty  : uid=1000 system_server expire 3 lines
12-29 19:02:50.045   164   164 I chatty  : uid=1013(media) /system/bin/mediaserver expire 3 lines
12-29 19:02:50.069   458   515 I chatty  : uid=1000(system) InputReader expire 4 lines
12-29 19:02:50.246   458   490 I DisplayManagerService: Display device changed state: "Integrierter Bildschirm", ON
12-29 19:02:50.253   158   158 I chatty  : uid=1000(system) /system/bin/surfaceflinger expire 18 lines
12-29 19:02:50.262   458   492 I DreamManagerService: Gently waking up from dream.
12-29 19:02:50.263   802   802 V DreamService[AmbientDream]: wakeUp(): fromSystem=true, mWaking=false, mFinished=false
12-29 19:02:50.263   802   802 V DreamService[AmbientDream]: finish(): mFinished=false
12-29 19:02:50.263   458   584 I DreamManagerService: Leaving dreamland.
12-29 19:02:50.263   458   487 I DreamController: Stopping dream: name=ComponentInfo{com.google.android.wearable.ambient/com.google.android.wearable.ambient.AmbientDream}, isTest=false, canDoze=true, userId=0
12-29 19:02:50.268   802   802 V DreamService[AmbientDream]: detach(): Calling onDreamingStopped()
12-29 19:02:50.268   802   802 I AmbientService: Ambient Stopping
12-29 19:02:50.268   802   802 D WristGestureCtrl: Resuming: GesturesEnabled-true UngazeEnabled-true
12-29 19:02:50.268   802   802 D DefaultUngazeDetector: starting
12-29 19:02:50.268   802   802 D DefaultUngazeDetector: startUngazeStateEstimation(). startTime = 375222023
12-29 19:02:50.285   458   471 I chatty  : uid=1000(system) Binder_1 expire 2 lines
12-29 19:02:50.297   802   802 V DreamService[AmbientDream]: onDestroy()
12-29 19:02:50.305   164   533 I chatty  : uid=1013(media) Binder_3 expire 13 lines
12-29 19:02:50.307   164  1188 I chatty  : uid=1013(media) /system/bin/mediaserver expire 18 lines
12-29 19:02:50.376   910   940 D bt_btm_pm: btm_pm_snd_md_req switching from SNIFF to ACTIVE.
12-29 19:02:50.512   802   829 W DefaultWristGestureDetector: Sensor accuracy changed: {Sensor name="em7180 accelerometer", vendor="EM Micro", version=104, type=1, maxRange=156.96, resolution=0.1, power=0.13, minDelay=5000} accuracy: 2
12-29 19:02:50.947   910   940 D bt_btm_pm: btm_pm_proc_mode_change switched from UNKNOWN to ACTIVE.
12-29 19:02:52.307 31186 31215 D PJB     : PujieWatchFaceService.Requesting new data...
12-29 19:02:52.430 31186 31186 D PJB     : PujieWatchFaceService.DataChanged
12-29 19:02:53.111 31186 31186 D PJB     : PujieWatchFaceService.DataChanged
12-29 19:02:53.112 31186 31186 D PJB     : PujieWatchFaceService.DataChanged
12-29 19:02:53.364 31186 31195 I art     : Background partial concurrent mark sweep GC freed 20981(2MB) AllocSpace objects, 19(572KB) LOS objects, 15% free, 10MB/12MB, paused 3.692ms total 129.577ms
12-29 19:02:55.101   910   940 D bt_btm_pm: btm_pm_snd_md_req switching from ACTIVE to SNIFF.
12-29 19:02:55.109   910   940 D bt_btm_pm: btm_pm_proc_mode_change switched from UNKNOWN to SNIFF.
12-29 19:03:04.928   458   458 E InputMethodManagerService: Ignoring updateSystemUiLocked due to an invalid token. uid:1000 token:null
12-29 19:03:04.931   458   486 I ActivityManager: START u0 {act=android.intent.action.MAIN cat=[android.intent.category.HOME] flg=0x10200000 cmp=com.google.android.wearable.app/com.google.android.clockwork.home.HomeActivity (has extras)} from uid 1000 on display 0
12-29 19:03:04.971   910   940 D bt_btm_pm: btm_pm_snd_md_req switching from SNIFF to ACTIVE.
12-29 19:03:05.041   164  1188 I chatty  : uid=1013(media) /system/bin/mediaserver expire 6 lines
12-29 19:03:05.044   164   164 I chatty  : uid=1013(media) /system/bin/mediaserver expire 5 lines
12-29 19:03:05.100   164   532 I chatty  : uid=1013(media) Binder_2 expire 13 lines
12-29 19:03:05.102   164  1203 I chatty  : uid=1013(media) /system/bin/mediaserver expire 18 lines
12-29 19:03:05.207 32071 32083 I art     : CollectorTransition marksweep + semispace GC freed 249(-60KB) AllocSpace objects, 0(0B) LOS objects, 24% free, 5MB/7MB, paused 121.704ms total 121.704ms
12-29 19:03:05.411   910   940 D bt_btm_pm: btm_pm_proc_mode_change switched from UNKNOWN to ACTIVE.
12-29 19:03:05.524 31186 31186 D PJB     : PujieWatchFaceService.DataChanged
12-29 19:03:05.529 31186 31195 I art     : Background partial concurrent mark sweep GC freed 14859(2MB) AllocSpace objects, 12(368KB) LOS objects, 16% free, 9MB/11MB, paused 5.279ms total 71.868ms
12-29 19:03:06.153   802   802 D DefaultUngazeDetector: Ungaze event occurred; emitting gesture event!
12-29 19:03:06.153   802   802 D WristGestureCtrl: Gesture:GESTURE UNGAZE, timestamp(ms): 375222023, confidence: 0.0, latency(ms): 0, duration(ms): 15885
12-29 19:03:06.155   458   748 I PowerManagerService: Going to sleep due to screen timeout (uid 1000)...
12-29 19:03:06.156   458   458 E InputMethodManagerService: Ignoring updateSystemUiLocked due to an invalid token. uid:1000 token:null
12-29 19:03:06.157   458   492 I DreamManagerService: Entering dreamland.
12-29 19:03:06.157   458   492 I PowerManagerService: Dozing...
12-29 19:03:06.158   458   487 I DreamController: Starting dream: name=ComponentInfo{com.google.android.wearable.ambient/com.google.android.wearable.ambient.AmbientDream}, isTest=false, canDoze=true, userId=0
12-29 19:03:06.170   458   458 E InputMethodManagerService: Ignoring updateSystemUiLocked due to an invalid token. uid:1000 token:null
12-29 19:03:06.179   802   802 V DreamService[AmbientDream]: onBind() intent = Intent { act=android.service.dreams.DreamService flg=0x800000 cmp=com.google.android.wearable.ambient/.AmbientDream }
12-29 19:03:06.185   802   802 I AmbientService: Ambient Created
12-29 19:03:06.186   802   802 V DreamService[AmbientDream]: Calling onDreamingStarted()
12-29 19:03:06.186   802   802 I AmbientService: Ambient Starting
12-29 19:03:06.197   802   802 D WristGestureCtrl: Stopping detectors: GesturesEnabled-true gestureDetector-true ungazeEnabled-true ungaze-true
12-29 19:03:06.197   802   802 D DefaultUngazeDetector: stopping
12-29 19:03:06.221   164   533 I chatty  : uid=1013(media) Binder_3 expire 3 lines
12-29 19:03:06.321   164  1203 I chatty  : uid=1013(media) /system/bin/mediaserver expire 6 lines
12-29 19:03:06.326   164   533 I chatty  : uid=1013(media) Binder_3 expire 5 lines
12-29 19:03:06.494   458   490 I DisplayManagerService: Display device changed state: "Integrierter Bildschirm", DOZE_SUSPEND
12-29 19:03:06.529   458   490 I DisplayManagerService: Display device changed state: "Integrierter Bildschirm", DOZE
12-29 19:03:06.745   458   753 I chatty  : uid=1000(system) Binder_6 expire 1 line
12-29 19:03:06.766   458   490 I DisplayManagerService: Display device changed state: "Integrierter Bildschirm", DOZE_SUSPEND
12-29 19:03:06.800   458   490 I DisplayManagerService: Display device changed state: "Integrierter Bildschirm", DOZE
12-29 19:03:07.283   458   490 I DisplayManagerService: Display device changed state: "Integrierter Bildschirm", DOZE_SUSPEND
12-29 19:03:07.495   910   940 D bt_btm_pm: btm_pm_snd_md_req switching from ACTIVE to SNIFF.
12-29 19:03:07.510   910   940 D bt_btm_pm: btm_pm_proc_mode_change switched from UNKNOWN to SNIFF.
12-29 19:03:07.987   910   940 D bt_btm_pm: btm_pm_snd_md_req switching from SNIFF to ACTIVE.
12-29 19:03:08.403   910   940 D bt_btm_pm: btm_pm_proc_mode_change switched from UNKNOWN to ACTIVE.
12-29 19:03:11.710   910   940 D bt_btm_pm: btm_pm_snd_md_req switching from ACTIVE to SNIFF.
12-29 19:03:11.741   910   940 D bt_btm_pm: btm_pm_proc_mode_change switched from UNKNOWN to SNIFF.
12-29 19:04:01.019   802   802 I AmbientService: Ambient Updating
12-29 19:04:01.046   458   490 I DisplayManagerService: Display device changed state: "Integrierter Bildschirm", DOZE
12-29 19:04:01.167   458   490 I DisplayManagerService: Display device changed state: "Integrierter Bildschirm", DOZE_SUSPEND
