12-29 09:05:37.448   458  5481 I chatty  : uid=1000(system) Binder_A expire 1 line
12-29 09:06:01.018   802   802 I AmbientService: Ambient Updating
12-29 09:06:01.049   458   490 I chatty  : uid=1000(system) android.display expire 8 lines
12-29 09:06:01.110  1172  1172 I chatty  : uid=1000(system) sony.com.stepservice expire 41 lines
12-29 09:06:40.100   648  1104 I chatty  : uid=1000(system) PhoneTimeSyncer expire 8 lines
12-29 09:07:01.019   802   802 I AmbientService: Ambient Updating
12-29 09:07:11.528   458   458 I chatty  : uid=1000 system_server expire 1 line
12-29 09:07:12.598   648 27727 I chatty  : uid=1000(system) com.google.android.apps.wearable.settings expire 1 line
12-29 09:07:59.023   802   802 I AmbientService: Ambient Updating
12-29 09:07:59.082  1172  1172 I chatty  : uid=1000(system) sony.com.stepservice expire 21 lines
12-29 09:08:04.047   458   490 I chatty  : uid=1000(system) android.display expire 14 lines
12-29 09:08:04.105   802   802 I AmbientService: Ambient Updating
12-29 09:09:00.006   802   802 I AmbientService: Ambient Updating
12-29 09:10:00.021   802   802 I AmbientService: Ambient Updating
12-29 09:10:01.252   458   458 I chatty  : uid=1000 system_server expire 4 lines
12-29 09:11:00.025   802   802 I AmbientService: Ambient Updating
12-29 09:11:00.035  1172  1172 I chatty  : uid=1000(system) sony.com.stepservice expire 11 lines
12-29 09:11:00.080   458   490 I chatty  : uid=1000(system) android.display expire 18 lines
12-29 09:12:00.058   802   802 I AmbientService: Ambient Updating
12-29 09:12:00.111  1172  1172 I chatty  : uid=1000(system) sony.com.stepservice expire 14 lines
12-29 09:13:00.024   802   802 I AmbientService: Ambient Updating
12-29 09:13:00.048  1172  1172 I chatty  : uid=1000(system) sony.com.stepservice expire 29 lines
12-29 09:14:00.007   802   802 I AmbientService: Ambient Updating
12-29 09:14:34.239   458  5481 I chatty  : uid=1000(system) Binder_A expire 1 line
12-29 09:15:00.005   802   802 I AmbientService: Ambient Updating
12-29 09:15:00.032   458   490 I chatty  : uid=1000(system) android.display expire 16 lines
12-29 09:15:00.058  1172  1172 I chatty  : uid=1000(system) sony.com.stepservice expire 10 lines
12-29 09:15:07.047   458   584 I chatty  : uid=1000(system) Binder_3 expire 1 line
12-29 09:15:07.072   458   766 I chatty  : uid=1000(system) Binder_8 expire 2 lines
12-29 09:15:07.073   458  2532 I chatty  : uid=1000(system) Binder_9 expire 1 line
12-29 09:15:12.058   648  1104 I chatty  : uid=1000(system) PhoneTimeSyncer expire 2 lines
12-29 09:15:12.188   648 27792 I chatty  : uid=1000(system) com.google.android.apps.wearable.settings expire 2 lines
12-29 09:15:18.572   458   765 I chatty  : uid=1000(system) Binder_7 expire 1 line
12-29 09:15:18.614   458   471 I chatty  : uid=1000(system) Binder_1 expire 1 line
12-29 09:16:02.023   802   802 I AmbientService: Ambient Updating
12-29 09:16:02.059   458   490 I chatty  : uid=1000(system) android.display expire 10 lines
12-29 09:17:00.017   802   802 I AmbientService: Ambient Updating
12-29 09:17:01.109  1172  1172 I chatty  : uid=1000(system) sony.com.stepservice expire 14 lines
12-29 09:18:01.017   802   802 I AmbientService: Ambient Updating
12-29 09:18:01.068  1172  1172 I chatty  : uid=1000(system) sony.com.stepservice expire 15 lines
12-29 09:19:00.061   802   802 I AmbientService: Ambient Updating
12-29 09:20:00.021   802   802 I AmbientService: Ambient Updating
12-29 09:21:00.017   802   802 I AmbientService: Ambient Updating
12-29 09:21:00.050   458   490 I chatty  : uid=1000(system) android.display expire 10 lines
12-29 09:21:00.108  1172  1172 I chatty  : uid=1000(system) sony.com.stepservice expire 12 lines
12-29 09:22:01.058   802   802 I AmbientService: Ambient Updating
12-29 09:22:01.258  1172  1172 I chatty  : uid=1000(system) sony.com.stepservice expire 16 lines
12-29 09:23:00.019   802   802 I AmbientService: Ambient Updating
12-29 09:23:00.133  1172  1172 I chatty  : uid=1000(system) sony.com.stepservice expire 18 lines
12-29 09:23:47.293   458   458 I chatty  : uid=1000 system_server expire 1 line
12-29 09:24:01.020   802   802 I AmbientService: Ambient Updating
12-29 09:24:01.044  1172  1172 I chatty  : uid=1000(system) sony.com.stepservice expire 29 lines
12-29 09:25:00.021   802   802 I AmbientService: Ambient Updating
12-29 09:25:00.050   458   490 I chatty  : uid=1000(system) android.display expire 10 lines
12-29 09:25:23.129  1172  1172 I chatty  : uid=1000(system) sony.com.stepservice expire 11 lines
12-29 09:26:00.018   802   802 I AmbientService: Ambient Updating
12-29 09:26:00.042  1172  1172 I chatty  : uid=1000(system) sony.com.stepservice expire 19 lines
12-29 09:26:00.050   458   490 I chatty  : uid=1000(system) android.display expire 10 lines
12-29 09:26:51.094   458   766 I chatty  : uid=1000(system) Binder_8 expire 7 lines
12-29 09:26:51.095   458  5481 I chatty  : uid=1000(system) Binder_A expire 5 lines
12-29 09:27:00.008   802   802 I AmbientService: Ambient Updating
12-29 09:27:00.716  1172  1172 I chatty  : uid=1000(system) sony.com.stepservice expire 13 lines
12-29 09:27:21.414   458   751 I chatty  : uid=1000(system) Binder_5 expire 8 lines
12-29 09:27:21.415   458   525 I chatty  : uid=1000(system) ConnectivitySer expire 2 lines
12-29 09:28:00.023   802   802 I AmbientService: Ambient Updating
12-29 09:28:05.094   458   521 I chatty  : uid=1000(system) NetworkPolicy expire 2 lines
12-29 09:28:05.103   648   648 I chatty  : uid=1000(system) com.google.android.apps.wearable.settings expire 2 lines
12-29 09:28:05.136   458   472 I chatty  : uid=1000(system) Binder_2 expire 4 lines
12-29 09:28:05.283   458  8151 I chatty  : uid=1000(system) Binder_B expire 5 lines
12-29 09:28:05.283   458   584 I chatty  : uid=1000(system) Binder_3 expire 2 lines
12-29 09:28:06.534   458   748 I chatty  : uid=1000(system) Binder_4 expire 4 lines
12-29 09:28:06.558   458   765 I chatty  : uid=1000(system) Binder_7 expire 3 lines
12-29 09:28:06.585   458   753 I chatty  : uid=1000(system) Binder_6 expire 3 lines
12-29 09:28:09.058   458  2532 I chatty  : uid=1000(system) Binder_9 expire 4 lines
12-29 09:28:13.648   458   471 I chatty  : uid=1000(system) Binder_1 expire 3 lines
12-29 09:29:00.021   802   802 I AmbientService: Ambient Updating
12-29 09:30:01.022   802   802 I AmbientService: Ambient Updating
12-29 09:30:01.152  1172  1172 I chatty  : uid=1000(system) sony.com.stepservice expire 5 lines
12-29 09:31:00.020   802   802 I AmbientService: Ambient Updating
12-29 09:31:00.047   458   490 I chatty  : uid=1000(system) android.display expire 14 lines
12-29 09:32:00.017   802   802 I AmbientService: Ambient Updating
12-29 09:33:00.020   802   802 I AmbientService: Ambient Updating
12-29 09:34:00.035   802   802 I AmbientService: Ambient Updating
12-29 09:34:34.306   458   458 I chatty  : uid=1000 system_server expire 11 lines
12-29 09:35:01.018   802   802 I AmbientService: Ambient Updating
12-29 09:35:01.048   458   490 I chatty  : uid=1000(system) android.display expire 14 lines
12-29 09:36:00.019   802   802 I AmbientService: Ambient Updating
12-29 09:37:00.017   802   802 I AmbientService: Ambient Updating
12-29 09:38:01.020   802   802 I AmbientService: Ambient Updating
12-29 09:38:01.054   458   490 I chatty  : uid=1000(system) android.display expire 10 lines
12-29 09:39:00.022   802   802 I AmbientService: Ambient Updating
12-29 09:40:01.024   802   802 I AmbientService: Ambient Updating
12-29 09:40:12.021   458   485 I chatty  : uid=1000(system) ActivityManager expire 2 lines
12-29 09:41:00.021   802   802 I AmbientService: Ambient Updating
12-29 09:42:00.023   802   802 I AmbientService: Ambient Updating
12-29 09:43:00.022   802   802 I AmbientService: Ambient Updating
12-29 09:43:00.047   458   490 I chatty  : uid=1000(system) android.display expire 14 lines
12-29 09:44:00.021   802   802 I AmbientService: Ambient Updating
12-29 09:45:00.006   802   802 I AmbientService: Ambient Updating
12-29 09:46:01.019   802   802 I AmbientService: Ambient Updating
12-29 09:46:01.051   458   490 I chatty  : uid=1000(system) android.display expire 16 lines
12-29 09:47:01.019   802   802 I AmbientService: Ambient Updating
12-29 09:47:01.049   458   490 I chatty  : uid=1000(system) android.display expire 14 lines
12-29 09:48:00.018   802   802 I AmbientService: Ambient Updating
12-29 09:49:01.020   802   802 I AmbientService: Ambient Updating
12-29 09:49:01.050   458   490 I chatty  : uid=1000(system) android.display expire 12 lines
12-29 09:50:00.020   802   802 I AmbientService: Ambient Updating
12-29 09:51:00.021   802   802 I AmbientService: Ambient Updating
12-29 09:52:01.031   802   802 I AmbientService: Ambient Updating
12-29 09:52:01.043   458   490 I chatty  : uid=1000(system) android.display expire 10 lines
12-29 09:53:00.018   802   802 I AmbientService: Ambient Updating
12-29 09:53:07.119   458   458 I chatty  : uid=1000 system_server expire 3 lines
12-29 09:54:01.023   802   802 I AmbientService: Ambient Updating
12-29 09:55:00.021   802   802 I AmbientService: Ambient Updating
12-29 09:55:00.047   458   490 I chatty  : uid=1000(system) android.display expire 20 lines
12-29 09:56:00.021   802   802 I AmbientService: Ambient Updating
12-29 09:56:06.384   458   748 I chatty  : uid=1000(system) Binder_4 expire 5 lines
12-29 09:56:06.385   458  2532 I chatty  : uid=1000(system) Binder_9 expire 6 lines
12-29 09:56:06.387   458  5481 I chatty  : uid=1000(system) Binder_A expire 4 lines
12-29 09:56:06.389   458   751 I chatty  : uid=1000(system) Binder_5 expire 5 lines
12-29 09:56:06.846   458   471 I chatty  : uid=1000(system) Binder_1 expire 4 lines
12-29 09:56:06.848   458   584 I chatty  : uid=1000(system) Binder_3 expire 5 lines
12-29 09:56:06.850   458   765 I chatty  : uid=1000(system) Binder_7 expire 7 lines
12-29 09:56:07.776   458  8151 I chatty  : uid=1000(system) Binder_B expire 3 lines
12-29 09:56:07.784   458   753 I chatty  : uid=1000(system) Binder_6 expire 5 lines
12-29 09:57:00.034   802   802 I AmbientService: Ambient Updating
12-29 09:58:00.018   802   802 I AmbientService: Ambient Updating
12-29 09:58:00.043   458   490 I chatty  : uid=1000(system) android.display expire 10 lines
12-29 09:59:00.020   802   802 I AmbientService: Ambient Updating
12-29 10:00:01.024   802   802 I AmbientService: Ambient Updating
12-29 10:01:00.020   802   802 I AmbientService: Ambient Updating
12-29 10:01:00.052   458   490 I chatty  : uid=1000(system) android.display expire 27 lines
12-29 10:02:00.016   802   802 I AmbientService: Ambient Updating
12-29 10:02:21.314   458   458 I chatty  : uid=1000 system_server expire 31 lines
12-29 10:02:34.125   458   484 I chatty  : uid=1000(system) android.bg expire 3 lines
12-29 10:19:25.028   458   521 I chatty  : uid=1000(system) NetworkPolicy expire 3 lines
12-29 10:19:25.034   648   648 I chatty  : uid=1000(system) com.google.android.apps.wearable.settings expire 3 lines
12-29 10:50:17.048   458   485 I chatty  : uid=1000(system) ActivityManager expire 1 line
12-29 10:51:30.083 28021 28033 I chatty  : uid=1000(system) expire 1 line
12-29 10:59:21.145   458   513 I chatty  : uid=1000(system) AlarmManager expire 1 line
12-29 10:59:21.155   802   802 I AmbientService: Ambient Updating
12-29 10:59:21.288   458   766 I chatty  : uid=1000(system) Binder_8 expire 4 lines
12-29 10:59:22.045   458   458 I chatty  : uid=1000 system_server expire 12 lines
12-29 10:59:22.068   458   492 I chatty  : uid=1000(system) PowerManagerSer expire 4 lines
12-29 10:59:25.093   458   472 I chatty  : uid=1000(system) Binder_2 expire 3 lines
12-29 11:00:00.021   802   802 I AmbientService: Ambient Updating
12-29 11:00:00.055   458   490 I chatty  : uid=1000(system) android.display expire 11 lines
12-29 11:01:00.021   802   802 I AmbientService: Ambient Updating
12-29 11:02:00.028   802   802 I AmbientService: Ambient Updating
12-29 11:03:00.026   802   802 I AmbientService: Ambient Updating
12-29 11:04:01.019   802   802 I AmbientService: Ambient Updating
12-29 11:09:27.032   802   802 I AmbientService: Ambient Updating
12-29 11:09:46.140   458   490 I chatty  : uid=1000(system) android.display expire 18 lines
12-29 11:10:00.007   802   802 I AmbientService: Ambient Updating
12-29 11:10:00.044   458   490 I chatty  : uid=1000(system) android.display expire 10 lines
12-29 11:11:00.019   802   802 I AmbientService: Ambient Updating
12-29 11:11:00.046   458   490 I chatty  : uid=1000(system) android.display expire 16 lines
12-29 11:12:00.025   802   802 I AmbientService: Ambient Updating
12-29 11:13:00.021   802   802 I AmbientService: Ambient Updating
12-29 11:14:00.019   802   802 I AmbientService: Ambient Updating
12-29 11:15:00.018   802   802 I AmbientService: Ambient Updating
12-29 11:16:01.020   802   802 I AmbientService: Ambient Updating
12-29 11:16:01.047   458   490 I chatty  : uid=1000(system) android.display expire 18 lines
12-29 11:17:00.006   802   802 I AmbientService: Ambient Updating
12-29 11:18:01.019   802   802 I AmbientService: Ambient Updating
12-29 11:19:00.022   802   802 I AmbientService: Ambient Updating
12-29 11:20:00.019   802   802 I AmbientService: Ambient Updating
12-29 11:21:00.023   802   802 I AmbientService: Ambient Updating
12-29 11:21:00.064   458   490 I chatty  : uid=1000(system) android.display expire 12 lines
12-29 11:22:00.021   802   802 I AmbientService: Ambient Updating
12-29 11:23:00.017   802   802 I AmbientService: Ambient Updating
12-29 11:24:00.025   802   802 I AmbientService: Ambient Updating
12-29 11:25:00.022   802   802 I AmbientService: Ambient Updating
12-29 11:25:03.402   458   458 I chatty  : uid=1000 system_server expire 3 lines
12-29 11:26:00.032   802   802 I AmbientService: Ambient Updating
12-29 11:26:00.093   458   490 I chatty  : uid=1000(system) android.display expire 10 lines
12-29 11:27:00.018   802   802 I AmbientService: Ambient Updating
12-29 11:28:00.019   802   802 I AmbientService: Ambient Updating
12-29 11:29:00.022   802   802 I AmbientService: Ambient Updating
12-29 11:30:00.016   802   802 I AmbientService: Ambient Updating
12-29 11:31:00.017   802   802 I AmbientService: Ambient Updating
12-29 11:31:00.054   458   490 I chatty  : uid=1000(system) android.display expire 10 lines
12-29 11:32:00.056   802   802 I AmbientService: Ambient Updating
12-29 11:32:00.084   458   490 I chatty  : uid=1000(system) android.display expire 10 lines
12-29 11:33:00.025   802   802 I AmbientService: Ambient Updating
12-29 11:33:37.306   458   458 I chatty  : uid=1000 system_server expire 30 lines
12-29 11:34:01.020   802   802 I AmbientService: Ambient Updating
12-29 11:34:01.045   458   490 I chatty  : uid=1000(system) android.display expire 10 lines
12-29 11:35:00.022   802   802 I AmbientService: Ambient Updating
12-29 11:36:01.023   802   802 I AmbientService: Ambient Updating
12-29 11:37:00.094   802   802 I AmbientService: Ambient Updating
12-29 11:37:00.119   458   490 I chatty  : uid=1000(system) android.display expire 13 lines
12-29 11:38:00.018   802   802 I AmbientService: Ambient Updating
12-29 11:39:00.022   802   802 I AmbientService: Ambient Updating
12-29 11:40:00.028   802   802 I AmbientService: Ambient Updating
12-29 11:40:12.122   458   471 I chatty  : uid=1000(system) Binder_1 expire 10 lines
12-29 11:40:12.154   458   748 I chatty  : uid=1000(system) Binder_4 expire 8 lines
12-29 11:40:12.155   458   584 I chatty  : uid=1000(system) Binder_3 expire 4 lines
12-29 11:40:12.487   458   472 I chatty  : uid=1000(system) Binder_2 expire 4 lines
12-29 11:40:12.592   458   765 I chatty  : uid=1000(system) Binder_7 expire 6 lines
12-29 11:40:12.593   458  8151 I chatty  : uid=1000(system) Binder_B expire 2 lines
12-29 11:40:20.690   458   766 I chatty  : uid=1000(system) Binder_8 expire 6 lines
12-29 11:40:20.747   458  5481 I chatty  : uid=1000(system) Binder_A expire 3 lines
12-29 11:40:20.748   458   751 I chatty  : uid=1000(system) Binder_5 expire 11 lines
12-29 11:40:21.141   458  2532 I chatty  : uid=1000(system) Binder_9 expire 3 lines
12-29 11:40:23.355   458   753 I chatty  : uid=1000(system) Binder_6 expire 7 lines
12-29 12:10:00.063   458   521 I chatty  : uid=1000(system) NetworkPolicy expire 4 lines
12-29 12:10:00.076   648   648 I chatty  : uid=1000(system) com.google.android.apps.wearable.settings expire 4 lines
12-29 12:18:11.077   458   484 I chatty  : uid=1000(system) android.bg expire 5 lines
12-29 12:28:08.064   648  1104 I chatty  : uid=1000(system) PhoneTimeSyncer expire 2 lines
12-29 12:39:56.977   802   802 I AmbientService: Ambient Updating
12-29 12:39:57.164   458   458 I chatty  : uid=1000 system_server expire 6 lines
12-29 12:39:57.171   458   492 I chatty  : uid=1000(system) PowerManagerSer expire 8 lines
12-29 12:40:00.003   802   802 I AmbientService: Ambient Updating
12-29 12:40:00.027   458   490 I chatty  : uid=1000(system) android.display expire 14 lines
12-29 12:41:00.017   802   802 I AmbientService: Ambient Updating
12-29 12:41:00.055   458   490 I chatty  : uid=1000(system) android.display expire 11 lines
12-29 12:42:00.016   802   802 I AmbientService: Ambient Updating
12-29 12:43:00.020   802   802 I AmbientService: Ambient Updating
12-29 12:44:00.022   802   802 I AmbientService: Ambient Updating
12-29 12:45:00.020   802   802 I AmbientService: Ambient Updating
12-29 13:30:59.094   802   802 I AmbientService: Ambient Updating
12-29 13:30:59.135   458   751 I chatty  : uid=1000(system) Binder_5 expire 2 lines
12-29 13:30:59.461   458   490 I chatty  : uid=1000(system) android.display expire 5 lines
12-29 13:31:00.250   802   802 V DreamService[AmbientDream]: wakeUp(): fromSystem=true, mWaking=false, mFinished=false
12-29 13:31:00.250   802   802 V DreamService[AmbientDream]: finish(): mFinished=false
12-29 13:31:00.251   458   487 I chatty  : uid=1000(system) android.fg expire 2 lines
12-29 13:31:00.256   802   802 V DreamService[AmbientDream]: detach(): Calling onDreamingStopped()
12-29 13:31:00.258   802   802 I AmbientService: Ambient Stopping
12-29 13:31:00.367   802   802 V DreamService[AmbientDream]: onDestroy()
12-29 13:31:02.073  1172  1172 I chatty  : uid=1000(system) sony.com.stepservice expire 13 lines
12-29 13:31:02.165   802   802 V DreamService[AmbientDream]: onBind() intent = Intent { act=android.service.dreams.DreamService flg=0x800000 cmp=com.google.android.wearable.ambient/.AmbientDream }
12-29 13:31:02.171   802   802 I AmbientService: Ambient Created
12-29 13:31:02.171   802   802 V DreamService[AmbientDream]: Calling onDreamingStarted()
12-29 13:31:02.171   802   802 I AmbientService: Ambient Starting
12-29 13:31:03.409   458   471 I chatty  : uid=1000(system) Binder_1 expire 2 lines
12-29 13:31:03.418   802   802 I AmbientService: Ambient Updating
12-29 13:31:03.438   458   490 I chatty  : uid=1000(system) android.display expire 14 lines
12-29 13:31:10.792   458   472 I chatty  : uid=1000(system) Binder_2 expire 4 lines
12-29 13:31:10.796   458   584 I chatty  : uid=1000(system) Binder_3 expire 5 lines
12-29 13:31:10.813   458   753 I chatty  : uid=1000(system) Binder_6 expire 5 lines
12-29 13:31:10.816   458   765 I chatty  : uid=1000(system) Binder_7 expire 2 lines
12-29 13:31:10.850   458   766 I chatty  : uid=1000(system) Binder_8 expire 3 lines
12-29 13:31:11.638   458  5481 I chatty  : uid=1000(system) Binder_A expire 5 lines
12-29 13:31:11.640   458  8151 I chatty  : uid=1000(system) Binder_B expire 4 lines
12-29 13:31:11.645   458   748 I chatty  : uid=1000(system) Binder_4 expire 5 lines
12-29 13:31:11.648   458  2532 I chatty  : uid=1000(system) Binder_9 expire 2 lines
12-29 13:31:12.787   458   751 I chatty  : uid=1000(system) Binder_5 expire 3 lines
12-29 13:32:01.017   802   802 I AmbientService: Ambient Updating
12-29 13:32:01.054   458   490 I chatty  : uid=1000(system) android.display expire 10 lines
12-29 13:33:00.022   802   802 I AmbientService: Ambient Updating
12-29 13:33:59.130   648  1104 I chatty  : uid=1000(system) PhoneTimeSyncer expire 7 lines
12-29 13:34:00.007   802   802 I AmbientService: Ambient Updating
12-29 13:35:00.023   802   802 I AmbientService: Ambient Updating
12-29 13:35:00.053  1172  1172 I chatty  : uid=1000(system) sony.com.stepservice expire 12 lines
12-29 13:36:01.019   802   802 I AmbientService: Ambient Updating
12-29 13:36:01.049   458   490 I chatty  : uid=1000(system) android.display expire 10 lines
12-29 13:37:00.021   802   802 I AmbientService: Ambient Updating
12-29 13:38:01.023   802   802 I AmbientService: Ambient Updating
12-29 13:38:01.120  1172  1172 I chatty  : uid=1000(system) sony.com.stepservice expire 4 lines
12-29 13:39:00.008   802   802 I AmbientService: Ambient Updating
12-29 13:39:36.763   458   525 I chatty  : uid=1000(system) ConnectivitySer expire 2 lines
12-29 13:40:00.003   802   802 I AmbientService: Ambient Updating
12-29 13:41:00.003   802   802 I AmbientService: Ambient Updating
12-29 13:41:00.025   458   490 I chatty  : uid=1000(system) android.display expire 10 lines
12-29 13:42:00.007   802   802 I AmbientService: Ambient Updating
12-29 13:42:00.038   458   490 I chatty  : uid=1000(system) android.display expire 10 lines
12-29 13:43:00.007   802   802 I AmbientService: Ambient Updating
12-29 13:44:00.007   802   802 I AmbientService: Ambient Updating
12-29 13:45:00.003   802   802 I AmbientService: Ambient Updating
12-29 13:46:00.007   802   802 I AmbientService: Ambient Updating
12-29 13:47:00.007   802   802 I AmbientService: Ambient Updating
12-29 13:47:00.035   458   490 I chatty  : uid=1000(system) android.display expire 16 lines
12-29 13:47:23.073   458   484 I chatty  : uid=1000(system) android.bg expire 1 line
12-29 13:48:00.007   802   802 I AmbientService: Ambient Updating
12-29 13:49:00.008   802   802 I AmbientService: Ambient Updating
12-29 13:50:00.007   802   802 I AmbientService: Ambient Updating
12-29 13:51:00.007   802   802 I AmbientService: Ambient Updating
12-29 13:51:00.026   458   490 I chatty  : uid=1000(system) android.display expire 10 lines
12-29 13:51:16.324   458   521 I chatty  : uid=1000(system) NetworkPolicy expire 1 line
12-29 13:51:16.333   648   648 I chatty  : uid=1000(system) com.google.android.apps.wearable.settings expire 1 line
12-29 13:51:16.938   458   472 I chatty  : uid=1000(system) Binder_2 expire 5 lines
12-29 13:51:16.939   458   471 I chatty  : uid=1000(system) Binder_1 expire 4 lines
12-29 13:51:17.166   458   584 I chatty  : uid=1000(system) Binder_3 expire 2 lines
12-29 13:51:17.168   458   751 I chatty  : uid=1000(system) Binder_5 expire 5 lines
12-29 13:51:17.175   458  8151 I chatty  : uid=1000(system) Binder_B expire 8 lines
12-29 13:51:17.177   458   766 I chatty  : uid=1000(system) Binder_8 expire 2 lines
12-29 13:51:17.181   458  2532 I chatty  : uid=1000(system) Binder_9 expire 5 lines
12-29 13:51:17.523   458   765 I chatty  : uid=1000(system) Binder_7 expire 3 lines
12-29 13:51:17.524   458   748 I chatty  : uid=1000(system) Binder_4 expire 3 lines
12-29 13:51:17.526   458  5481 I chatty  : uid=1000(system) Binder_A expire 3 lines
12-29 13:52:00.009   802   802 I AmbientService: Ambient Updating
12-29 13:52:00.042   458   490 I chatty  : uid=1000(system) android.display expire 10 lines
12-29 13:52:59.852   458   485 I chatty  : uid=1000(system) ActivityManager expire 1 line
12-29 13:52:59.864   458   484 I chatty  : uid=1000(system) android.bg expire 2 lines
12-29 13:53:00.012   802   802 I AmbientService: Ambient Updating
12-29 13:54:00.006   802   802 I AmbientService: Ambient Updating
12-29 13:55:00.007   802   802 I AmbientService: Ambient Updating
12-29 13:55:03.688  1172  1172 I chatty  : uid=1000(system) sony.com.stepservice expire 20 lines
12-29 13:56:00.021   802   802 I AmbientService: Ambient Updating
12-29 13:56:00.058   458   490 I chatty  : uid=1000(system) android.display expire 10 lines
12-29 13:57:00.007   802   802 I AmbientService: Ambient Updating
12-29 13:58:00.007   802   802 I AmbientService: Ambient Updating
12-29 13:58:41.457   458   753 I chatty  : uid=1000(system) Binder_6 expire 1 line
12-29 13:59:00.008   802   802 I AmbientService: Ambient Updating
12-29 14:00:00.008   802   802 I AmbientService: Ambient Updating
12-29 14:01:00.004   802   802 I AmbientService: Ambient Updating
12-29 14:01:00.027   458   490 I chatty  : uid=1000(system) android.display expire 16 lines
12-29 14:02:00.007   802   802 I AmbientService: Ambient Updating
12-29 14:02:24.299   648  1104 I chatty  : uid=1000(system) PhoneTimeSyncer expire 12 lines
12-29 14:03:00.007   802   802 I AmbientService: Ambient Updating
12-29 14:03:00.043   458   490 I chatty  : uid=1000(system) android.display expire 10 lines
12-29 14:04:00.007   802   802 I AmbientService: Ambient Updating
12-29 14:05:00.008   802   802 I AmbientService: Ambient Updating
12-29 14:06:00.007   802   802 I AmbientService: Ambient Updating
12-29 14:07:00.008   802   802 I AmbientService: Ambient Updating
12-29 14:08:00.007   802   802 I AmbientService: Ambient Updating
12-29 14:08:00.041   458   490 I chatty  : uid=1000(system) android.display expire 13 lines
12-29 14:09:00.004   802   802 I AmbientService: Ambient Updating
12-29 14:10:00.007   802   802 I AmbientService: Ambient Updating
12-29 14:10:16.565   458   515 I chatty  : uid=1000(system) InputReader expire 1 line
12-29 14:10:16.569   458   458 I chatty  : uid=1000 system_server expire 9 lines
12-29 14:10:16.903   458   492 I chatty  : uid=1000(system) PowerManagerSer expire 12 lines
12-29 14:10:16.904   802   802 V DreamService[AmbientDream]: wakeUp(): fromSystem=true, mWaking=false, mFinished=false
12-29 14:10:16.904   802   802 V DreamService[AmbientDream]: finish(): mFinished=false
12-29 14:10:16.905   458   487 I chatty  : uid=1000(system) android.fg expire 6 lines
12-29 14:10:16.909   802   802 V DreamService[AmbientDream]: detach(): Calling onDreamingStopped()
12-29 14:10:16.910   802   802 I AmbientService: Ambient Stopping
12-29 14:10:16.948   802   802 V DreamService[AmbientDream]: onDestroy()
12-29 14:10:33.984   802   802 V DreamService[AmbientDream]: onBind() intent = Intent { act=android.service.dreams.DreamService flg=0x800000 cmp=com.google.android.wearable.ambient/.AmbientDream }
12-29 14:10:34.002   802   802 I AmbientService: Ambient Created
12-29 14:10:34.002   802   802 V DreamService[AmbientDream]: Calling onDreamingStarted()
12-29 14:10:34.002   802   802 I AmbientService: Ambient Starting
12-29 14:10:51.361   802   802 V DreamService[AmbientDream]: wakeUp(): fromSystem=true, mWaking=false, mFinished=false
12-29 14:10:51.361   802   802 V DreamService[AmbientDream]: finish(): mFinished=false
12-29 14:10:51.372   802   802 V DreamService[AmbientDream]: detach(): Calling onDreamingStopped()
12-29 14:10:51.372   802   802 I AmbientService: Ambient Stopping
12-29 14:10:51.405   802   802 V DreamService[AmbientDream]: onDestroy()
12-29 14:10:56.172   802   802 V DreamService[AmbientDream]: onBind() intent = Intent { act=android.service.dreams.DreamService flg=0x800000 cmp=com.google.android.wearable.ambient/.AmbientDream }
12-29 14:10:56.182   802   802 I AmbientService: Ambient Created
12-29 14:10:56.182   802   802 V DreamService[AmbientDream]: Calling onDreamingStarted()
12-29 14:10:56.182   802   802 I AmbientService: Ambient Starting
12-29 14:10:56.371   458   490 I chatty  : uid=1000(system) android.display expire 5 lines
12-29 14:11:00.008   802   802 I AmbientService: Ambient Updating
12-29 14:11:14.968   802   802 V DreamService[AmbientDream]: wakeUp(): fromSystem=true, mWaking=false, mFinished=false
12-29 14:11:14.968   802   802 V DreamService[AmbientDream]: finish(): mFinished=false
12-29 14:11:14.974   802   802 V DreamService[AmbientDream]: detach(): Calling onDreamingStopped()
12-29 14:11:14.974   802   802 I AmbientService: Ambient Stopping
12-29 14:11:15.001   802   802 V DreamService[AmbientDream]: onDestroy()
12-29 14:11:19.732   802   802 V DreamService[AmbientDream]: onBind() intent = Intent { act=android.service.dreams.DreamService flg=0x800000 cmp=com.google.android.wearable.ambient/.AmbientDream }
12-29 14:11:19.760   802   802 I AmbientService: Ambient Created
12-29 14:11:19.760   802   802 V DreamService[AmbientDream]: Calling onDreamingStarted()
12-29 14:11:19.760   802   802 I AmbientService: Ambient Starting
12-29 14:12:00.007   802   802 I AmbientService: Ambient Updating
12-29 14:13:00.007   802   802 I AmbientService: Ambient Updating
12-29 14:14:00.008   802   802 I AmbientService: Ambient Updating
12-29 14:15:00.008   802   802 I AmbientService: Ambient Updating
12-29 14:15:21.571   648  1104 I chatty  : uid=1000(system) PhoneTimeSyncer expire 10 lines
12-29 14:16:00.003   802   802 I AmbientService: Ambient Updating
12-29 14:17:01.022   802   802 I AmbientService: Ambient Updating
12-29 14:18:00.019   802   802 I AmbientService: Ambient Updating
12-29 14:18:22.445  1172  1172 I chatty  : uid=1000(system) sony.com.stepservice expire 19 lines
12-29 14:19:01.017   802   802 I AmbientService: Ambient Updating
12-29 14:19:01.050  1172  1172 I chatty  : uid=1000(system) sony.com.stepservice expire 27 lines
12-29 14:19:16.463   458   753 I chatty  : uid=1000(system) Binder_6 expire 3 lines
12-29 14:19:16.465   458   584 I chatty  : uid=1000(system) Binder_3 expire 3 lines
12-29 14:19:24.699   458   766 I chatty  : uid=1000(system) Binder_8 expire 3 lines
12-29 14:19:24.700   458   765 I chatty  : uid=1000(system) Binder_7 expire 2 lines
12-29 14:19:24.970   458   521 I chatty  : uid=1000(system) NetworkPolicy expire 1 line
12-29 14:19:24.988   648   648 I chatty  : uid=1000(system) com.google.android.apps.wearable.settings expire 1 line
12-29 14:20:00.007   802   802 I AmbientService: Ambient Updating
12-29 14:20:39.750   458   490 I chatty  : uid=1000(system) android.display expire 4 lines
12-29 14:21:01.019   802   802 I AmbientService: Ambient Updating
12-29 14:22:00.018   802   802 I AmbientService: Ambient Updating
12-29 14:23:00.004   802   802 I AmbientService: Ambient Updating
12-29 14:23:00.094  1172  1172 I chatty  : uid=1000(system) sony.com.stepservice expire 14 lines
12-29 14:24:01.019   802   802 I AmbientService: Ambient Updating
12-29 14:25:01.020   802   802 I AmbientService: Ambient Updating
12-29 14:25:01.107  1172  1172 I chatty  : uid=1000(system) sony.com.stepservice expire 2 lines
12-29 14:25:46.045   648  1104 I chatty  : uid=1000(system) PhoneTimeSyncer expire 5 lines
12-29 14:26:01.019   802   802 I AmbientService: Ambient Updating
12-29 14:26:26.351   458   751 I chatty  : uid=1000(system) Binder_5 expire 2 lines
12-29 14:26:26.381   458  2532 I chatty  : uid=1000(system) Binder_9 expire 1 line
12-29 14:26:26.416   458   748 I chatty  : uid=1000(system) Binder_4 expire 2 lines
12-29 14:26:26.775   458   471 I chatty  : uid=1000(system) Binder_1 expire 1 line
12-29 14:26:26.779   458   472 I chatty  : uid=1000(system) Binder_2 expire 9 lines
12-29 14:26:27.151   458   748 I chatty  : uid=1000(system) Binder_4 expire 11 lines
12-29 14:26:27.173   458  8151 I chatty  : uid=1000(system) Binder_B expire 11 lines
12-29 14:26:27.195   458   766 I chatty  : uid=1000(system) Binder_8 expire 8 lines
12-29 14:26:28.447   458   751 I chatty  : uid=1000(system) Binder_5 expire 4 lines
12-29 14:26:28.453   458   471 I chatty  : uid=1000(system) Binder_1 expire 6 lines
12-29 14:26:28.458   458   753 I chatty  : uid=1000(system) Binder_6 expire 5 lines
12-29 14:26:28.463   458  5481 I chatty  : uid=1000(system) Binder_A expire 8 lines
12-29 14:27:00.004   802   802 I AmbientService: Ambient Updating
12-29 14:28:00.026   802   802 I AmbientService: Ambient Updating
12-29 14:29:00.003   802   802 I AmbientService: Ambient Updating
12-29 14:30:00.006   802   802 I AmbientService: Ambient Updating
12-29 14:30:09.296   458   490 I chatty  : uid=1000(system) android.display expire 10 lines
12-29 14:30:25.351   648  1104 I chatty  : uid=1000(system) PhoneTimeSyncer expire 10 lines
12-29 14:30:36.358   458  2532 I chatty  : uid=1000(system) Binder_9 expire 7 lines
12-29 14:30:52.912   458   485 I chatty  : uid=1000(system) ActivityManager expire 2 lines
12-29 14:31:00.007   802   802 I AmbientService: Ambient Updating
12-29 14:32:00.003   802   802 I AmbientService: Ambient Updating
12-29 14:33:00.007   802   802 I AmbientService: Ambient Updating
12-29 14:33:38.344   648 29700 I chatty  : uid=1000(system) com.google.android.apps.wearable.settings expire 1 line
12-29 14:33:39.486   458   458 I chatty  : uid=1000 system_server expire 10 lines
12-29 14:33:39.545   458   765 I chatty  : uid=1000(system) Binder_7 expire 5 lines
12-29 14:33:40.878   458   584 I chatty  : uid=1000(system) Binder_3 expire 8 lines
12-29 14:34:01.033   802   802 I AmbientService: Ambient Updating
12-29 14:35:00.007   802   802 I AmbientService: Ambient Updating
12-29 14:35:35.034   458   484 I chatty  : uid=1000(system) android.bg expire 5 lines
12-29 14:36:00.007   802   802 I AmbientService: Ambient Updating
12-29 14:37:00.007   802   802 I AmbientService: Ambient Updating
12-29 14:38:00.008   802   802 I AmbientService: Ambient Updating
12-29 14:39:00.004   802   802 I AmbientService: Ambient Updating
12-29 14:40:00.003   802   802 I AmbientService: Ambient Updating
12-29 14:41:00.007   802   802 I AmbientService: Ambient Updating
12-29 14:42:00.008   802   802 I AmbientService: Ambient Updating
12-29 14:42:29.116   458   490 I chatty  : uid=1000(system) android.display expire 11 lines
12-29 14:42:29.133   458   492 I chatty  : uid=1000(system) PowerManagerSer expire 11 lines
12-29 14:42:29.133   802   802 V DreamService[AmbientDream]: wakeUp(): fromSystem=true, mWaking=false, mFinished=false
12-29 14:42:29.134   802   802 V DreamService[AmbientDream]: finish(): mFinished=false
12-29 14:42:29.134   458   487 I chatty  : uid=1000(system) android.fg expire 10 lines
12-29 14:42:29.139   802   802 V DreamService[AmbientDream]: detach(): Calling onDreamingStopped()
12-29 14:42:29.139   802   802 I AmbientService: Ambient Stopping
12-29 14:42:29.178   802   802 V DreamService[AmbientDream]: onDestroy()
12-29 14:42:29.954   802   802 V DreamService[AmbientDream]: onBind() intent = Intent { act=android.service.dreams.DreamService flg=0x800000 cmp=com.google.android.wearable.ambient/.AmbientDream }
12-29 14:42:29.959   802   802 I AmbientService: Ambient Created
12-29 14:42:29.959   802   802 V DreamService[AmbientDream]: Calling onDreamingStarted()
12-29 14:42:29.959   802   802 I AmbientService: Ambient Starting
12-29 14:42:31.759  1172  1172 I chatty  : uid=1000(system) sony.com.stepservice expire 10 lines
12-29 14:42:35.326   802   802 V DreamService[AmbientDream]: wakeUp(): fromSystem=true, mWaking=false, mFinished=false
12-29 14:42:35.326   802   802 V DreamService[AmbientDream]: finish(): mFinished=false
12-29 14:42:35.331   802   802 V DreamService[AmbientDream]: detach(): Calling onDreamingStopped()
12-29 14:42:35.331   802   802 I AmbientService: Ambient Stopping
12-29 14:42:35.349   802   802 V DreamService[AmbientDream]: onDestroy()
12-29 14:42:51.688   802   802 V DreamService[AmbientDream]: onBind() intent = Intent { act=android.service.dreams.DreamService flg=0x800000 cmp=com.google.android.wearable.ambient/.AmbientDream }
12-29 14:42:51.693   802   802 I AmbientService: Ambient Created
12-29 14:42:51.694   802   802 V DreamService[AmbientDream]: Calling onDreamingStarted()
12-29 14:42:51.694   802   802 I AmbientService: Ambient Starting
12-29 14:43:00.007   802   802 I AmbientService: Ambient Updating
12-29 14:44:00.006   802   802 I AmbientService: Ambient Updating
12-29 14:45:00.003   802   802 I AmbientService: Ambient Updating
12-29 14:45:48.194   648 30104 I chatty  : uid=1000(system) com.google.android.apps.wearable.settings expire 2 lines
12-29 14:46:01.141   802   802 I AmbientService: Ambient Updating
12-29 14:47:00.005   802   802 I AmbientService: Ambient Updating
12-29 14:47:35.348   802   802 V DreamService[AmbientDream]: wakeUp(): fromSystem=true, mWaking=false, mFinished=false
12-29 14:47:35.348   802   802 V DreamService[AmbientDream]: finish(): mFinished=false
12-29 14:47:35.353   802   802 V DreamService[AmbientDream]: detach(): Calling onDreamingStopped()
12-29 14:47:35.353   802   802 I AmbientService: Ambient Stopping
12-29 14:47:35.388   802   802 V DreamService[AmbientDream]: onDestroy()
12-29 14:48:05.138   802   802 V DreamService[AmbientDream]: onBind() intent = Intent { act=android.service.dreams.DreamService flg=0x800000 cmp=com.google.android.wearable.ambient/.AmbientDream }
12-29 14:48:05.145   802   802 I AmbientService: Ambient Created
12-29 14:48:05.145   802   802 V DreamService[AmbientDream]: Calling onDreamingStarted()
12-29 14:48:05.145   802   802 I AmbientService: Ambient Starting
12-29 14:48:05.575   648  1104 I chatty  : uid=1000(system) PhoneTimeSyncer expire 4 lines
12-29 14:49:00.007   802   802 I AmbientService: Ambient Updating
12-29 14:50:00.008   802   802 I AmbientService: Ambient Updating
12-29 14:50:35.658   458   490 I chatty  : uid=1000(system) android.display expire 15 lines
12-29 14:51:00.011   802   802 I AmbientService: Ambient Updating
12-29 14:51:06.159   458   458 I chatty  : uid=1000 system_server expire 10 lines
12-29 14:51:06.409   458   492 I chatty  : uid=1000(system) PowerManagerSer expire 10 lines
12-29 14:51:06.410   802   802 V DreamService[AmbientDream]: wakeUp(): fromSystem=true, mWaking=false, mFinished=false
12-29 14:51:06.410   802   802 V DreamService[AmbientDream]: finish(): mFinished=false
12-29 14:51:06.415   802   802 V DreamService[AmbientDream]: detach(): Calling onDreamingStopped()
12-29 14:51:06.415   802   802 I AmbientService: Ambient Stopping
12-29 14:51:06.429   802   802 V DreamService[AmbientDream]: onDestroy()
12-29 14:51:08.732   458   515 I chatty  : uid=1000(system) InputReader expire 4 lines
12-29 14:51:08.779   802   802 V DreamService[AmbientDream]: onBind() intent = Intent { act=android.service.dreams.DreamService flg=0x800000 cmp=com.google.android.wearable.ambient/.AmbientDream }
12-29 14:51:08.784   802   802 I AmbientService: Ambient Created
12-29 14:51:08.785   802   802 V DreamService[AmbientDream]: Calling onDreamingStarted()
12-29 14:51:08.785   802   802 I AmbientService: Ambient Starting
12-29 14:51:13.854   802   802 V DreamService[AmbientDream]: wakeUp(): fromSystem=true, mWaking=false, mFinished=false
12-29 14:51:13.854   802   802 V DreamService[AmbientDream]: finish(): mFinished=false
12-29 14:51:13.857   802   802 V DreamService[AmbientDream]: detach(): Calling onDreamingStopped()
12-29 14:51:13.857   802   802 I AmbientService: Ambient Stopping
12-29 14:51:13.875   802   802 V DreamService[AmbientDream]: onDestroy()
12-29 14:51:15.839   802   802 V DreamService[AmbientDream]: onBind() intent = Intent { act=android.service.dreams.DreamService flg=0x800000 cmp=com.google.android.wearable.ambient/.AmbientDream }
12-29 14:51:15.844   802   802 I AmbientService: Ambient Created
12-29 14:51:15.844   802   802 V DreamService[AmbientDream]: Calling onDreamingStarted()
12-29 14:51:15.845   802   802 I AmbientService: Ambient Starting
12-29 14:51:17.191   458   490 I chatty  : uid=1000(system) android.display expire 11 lines
12-29 14:51:18.374   458   521 I chatty  : uid=1000(system) NetworkPolicy expire 1 line
12-29 14:51:18.457 23482 23482 W ViewRootImpl: Dropping event due to no window focus: MotionEvent { action=ACTION_DOWN, actionButton=0, id[0]=0, x[0]=252.21184, y[0]=269.15887, toolType[0]=TOOL_TYPE_FINGER, buttonState=0, metaState=0, flags=0x0, edgeFlags=0x0, pointerCount=1, historySize=0, eventTime=285654339, downTime=285654339, deviceId=3, source=0x1002 }
12-29 14:51:18.485 23482 23482 W ViewRootImpl: Dropping event due to no window focus: MotionEvent { action=ACTION_MOVE, actionButton=0, id[0]=0, x[0]=252.21184, y[0]=269.15887, toolType[0]=TOOL_TYPE_FINGER, buttonState=0, metaState=0, flags=0x0, edgeFlags=0x0, pointerCount=1, historySize=0, eventTime=285654359, downTime=285654339, deviceId=3, source=0x1002 }
12-29 14:51:18.523   648   648 I chatty  : uid=1000(system) com.google.android.apps.wearable.settings expire 1 line
12-29 14:51:18.533 23482 23482 W ViewRootImpl: Dropping event due to no window focus: MotionEvent { action=ACTION_MOVE, actionButton=0, id[0]=0, x[0]=252.21184, y[0]=269.15887, toolType[0]=TOOL_TYPE_FINGER, buttonState=0, metaState=0, flags=0x0, edgeFlags=0x0, pointerCount=1, historySize=0, eventTime=285654411, downTime=285654339, deviceId=3, source=0x1002 }
12-29 14:51:18.550 23482 23482 W ViewRootImpl: Dropping event due to no window focus: MotionEvent { action=ACTION_MOVE, actionButton=0, id[0]=0, x[0]=252.21184, y[0]=269.15887, toolType[0]=TOOL_TYPE_FINGER, buttonState=0, metaState=0, flags=0x0, edgeFlags=0x0, pointerCount=1, historySize=1, eventTime=285654426, downTime=285654339, deviceId=3, source=0x1002 }
12-29 14:51:18.584 23482 23482 W ViewRootImpl: Dropping event due to no window focus: MotionEvent { action=ACTION_MOVE, actionButton=0, id[0]=0, x[0]=252.21184, y[0]=269.15887, toolType[0]=TOOL_TYPE_FINGER, buttonState=0, metaState=0, flags=0x0, edgeFlags=0x0, pointerCount=1, historySize=0, eventTime=285654452, downTime=285654339, deviceId=3, source=0x1002 }
12-29 14:51:18.589   802   802 V DreamService[AmbientDream]: wakeUp(): fromSystem=true, mWaking=false, mFinished=false
12-29 14:51:18.589   802   802 V DreamService[AmbientDream]: finish(): mFinished=false
12-29 14:51:18.590   458   487 I chatty  : uid=1000(system) android.fg expire 4 lines
12-29 14:51:18.594   802   802 V DreamService[AmbientDream]: detach(): Calling onDreamingStopped()
12-29 14:51:18.594   802   802 I AmbientService: Ambient Stopping
12-29 14:51:18.610 23482 23482 W ViewRootImpl: Dropping event due to no window focus: MotionEvent { action=ACTION_MOVE, actionButton=0, id[0]=0, x[0]=252.21184, y[0]=269.15887, toolType[0]=TOOL_TYPE_FINGER, buttonState=0, metaState=0, flags=0x0, edgeFlags=0x0, pointerCount=1, historySize=1, eventTime=285654483, downTime=285654339, deviceId=3, source=0x1002 }
12-29 14:51:18.611 23482 23482 W ViewRootImpl: Cancelling event due to no window focus: MotionEvent { action=ACTION_CANCEL, actionButton=0, id[0]=0, x[0]=252.21184, y[0]=269.15887, toolType[0]=TOOL_TYPE_FINGER, buttonState=0, metaState=0, flags=0x0, edgeFlags=0x0, pointerCount=1, historySize=0, eventTime=285654493, downTime=285654339, deviceId=3, source=0x1002 }
12-29 14:51:18.611 23482 23482 W ViewRootImpl: Cancelling event due to no window focus: MotionEvent { action=ACTION_CANCEL, actionButton=0, id[0]=0, x[0]=252.21184, y[0]=269.15887, toolType[0]=TOOL_TYPE_FINGER, buttonState=0, metaState=0, flags=0x0, edgeFlags=0x0, pointerCount=1, historySize=0, eventTime=285654493, downTime=285654339, deviceId=3, source=0x1002 }
12-29 14:51:18.611 23482 23482 W ViewRootImpl: Cancelling event due to no window focus: MotionEvent { action=ACTION_CANCEL, actionButton=0, id[0]=0, x[0]=252.21184, y[0]=269.15887, toolType[0]=TOOL_TYPE_FINGER, buttonState=0, metaState=0, flags=0x0, edgeFlags=0x0, pointerCount=1, historySize=0, eventTime=285654493, downTime=285654339, deviceId=3, source=0x1002 }
12-29 14:51:18.611 23482 23482 W ViewRootImpl: Cancelling event due to no window focus: MotionEvent { action=ACTION_CANCEL, actionButton=0, id[0]=0, x[0]=252.21184, y[0]=269.15887, toolType[0]=TOOL_TYPE_FINGER, buttonState=0, metaState=0, flags=0x0, edgeFlags=0x0, pointerCount=1, historySize=0, eventTime=285654493, downTime=285654339, deviceId=3, source=0x1002 }
12-29 14:51:18.614   802   802 V DreamService[AmbientDream]: onDestroy()
12-29 14:51:27.630   802   802 V DreamService[AmbientDream]: onBind() intent = Intent { act=android.service.dreams.DreamService flg=0x800000 cmp=com.google.android.wearable.ambient/.AmbientDream }
12-29 14:51:27.635   802   802 I AmbientService: Ambient Created
12-29 14:51:27.635   802   802 V DreamService[AmbientDream]: Calling onDreamingStarted()
12-29 14:51:27.635   802   802 I AmbientService: Ambient Starting
12-29 14:52:00.008   802   802 I AmbientService: Ambient Updating
12-29 14:53:00.004   802   802 I AmbientService: Ambient Updating
12-29 14:54:00.004   802   802 I AmbientService: Ambient Updating
12-29 14:55:00.005   802   802 I AmbientService: Ambient Updating
12-29 14:55:52.018   458  8151 I chatty  : uid=1000(system) Binder_B expire 3 lines
12-29 14:56:00.004   802   802 I AmbientService: Ambient Updating
12-29 14:57:00.007   802   802 I AmbientService: Ambient Updating
12-29 14:58:00.007   802   802 I AmbientService: Ambient Updating
12-29 14:59:00.009   802   802 I AmbientService: Ambient Updating
12-29 14:59:08.302   458   492 I chatty  : uid=1000(system) PowerManagerSer expire 4 lines
12-29 14:59:08.303   802   802 V DreamService[AmbientDream]: wakeUp(): fromSystem=true, mWaking=false, mFinished=false
12-29 14:59:08.303   802   802 V DreamService[AmbientDream]: finish(): mFinished=false
12-29 14:59:08.309   802   802 V DreamService[AmbientDream]: detach(): Calling onDreamingStopped()
12-29 14:59:08.309   802   802 I AmbientService: Ambient Stopping
12-29 14:59:08.346   802   802 V DreamService[AmbientDream]: onDestroy()
12-29 14:59:13.034   458   458 I chatty  : uid=1000 system_server expire 2 lines
12-29 14:59:13.085   802   802 V DreamService[AmbientDream]: onBind() intent = Intent { act=android.service.dreams.DreamService flg=0x800000 cmp=com.google.android.wearable.ambient/.AmbientDream }
12-29 14:59:13.090   802   802 I AmbientService: Ambient Created
12-29 14:59:13.090   802   802 V DreamService[AmbientDream]: Calling onDreamingStarted()
12-29 14:59:13.090   802   802 I AmbientService: Ambient Starting
12-29 15:00:00.004   802   802 I AmbientService: Ambient Updating
12-29 15:01:00.017   802   802 I AmbientService: Ambient Updating
12-29 15:02:00.007   802   802 I AmbientService: Ambient Updating
12-29 15:03:00.004   802   802 I AmbientService: Ambient Updating
12-29 15:04:00.008   802   802 I AmbientService: Ambient Updating
12-29 15:05:00.007   802   802 I AmbientService: Ambient Updating
12-29 15:06:00.007   802   802 I AmbientService: Ambient Updating
12-29 15:07:00.008   802   802 I AmbientService: Ambient Updating
12-29 15:08:00.008   802   802 I AmbientService: Ambient Updating
12-29 15:09:00.007   802   802 I AmbientService: Ambient Updating
12-29 15:10:00.007   802   802 I AmbientService: Ambient Updating
12-29 15:11:00.008   802   802 I AmbientService: Ambient Updating
12-29 15:11:05.465   458   490 I chatty  : uid=1000(system) android.display expire 4 lines
12-29 15:12:00.008   802   802 I AmbientService: Ambient Updating
12-29 15:13:00.007   802   802 I AmbientService: Ambient Updating
12-29 15:14:00.027   802   802 I AmbientService: Ambient Updating
12-29 15:15:00.007   802   802 I AmbientService: Ambient Updating
12-29 15:16:00.003   802   802 I AmbientService: Ambient Updating
12-29 15:17:00.007   802   802 I AmbientService: Ambient Updating
12-29 15:18:00.007   802   802 I AmbientService: Ambient Updating
12-29 15:19:00.007   802   802 I AmbientService: Ambient Updating
12-29 15:19:35.093   458   525 I chatty  : uid=1000(system) ConnectivitySer expire 2 lines
12-29 15:19:43.434  1172  1172 I chatty  : uid=1000(system) sony.com.stepservice expire 17 lines
12-29 15:20:01.018   802   802 I AmbientService: Ambient Updating
12-29 15:20:07.066   458   521 I chatty  : uid=1000(system) NetworkPolicy expire 1 line
12-29 15:20:07.084   648   648 I chatty  : uid=1000(system) com.google.android.apps.wearable.settings expire 1 line
12-29 15:20:49.092   648  1104 I chatty  : uid=1000(system) PhoneTimeSyncer expire 6 lines
12-29 15:21:01.020   802   802 I AmbientService: Ambient Updating
12-29 15:21:01.081  1172  1172 I chatty  : uid=1000(system) sony.com.stepservice expire 19 lines
12-29 15:21:19.144   458  8151 I chatty  : uid=1000(system) Binder_B expire 5 lines
12-29 15:21:19.146   458   472 I chatty  : uid=1000(system) Binder_2 expire 5 lines
12-29 15:21:19.155   458   471 I chatty  : uid=1000(system) Binder_1 expire 3 lines
12-29 15:21:19.157   458   751 I chatty  : uid=1000(system) Binder_5 expire 6 lines
12-29 15:21:19.190   458   748 I chatty  : uid=1000(system) Binder_4 expire 4 lines
12-29 15:21:19.190   458  2532 I chatty  : uid=1000(system) Binder_9 expire 4 lines
12-29 15:21:19.336   458  5481 I chatty  : uid=1000(system) Binder_A expire 3 lines
12-29 15:21:19.346   458   753 I chatty  : uid=1000(system) Binder_6 expire 3 lines
12-29 15:21:19.351   458   765 I chatty  : uid=1000(system) Binder_7 expire 3 lines
12-29 15:21:19.356   458   584 I chatty  : uid=1000(system) Binder_3 expire 3 lines
12-29 15:21:25.608   458   766 I chatty  : uid=1000(system) Binder_8 expire 1 line
12-29 15:22:00.007   802   802 I AmbientService: Ambient Updating
12-29 15:22:00.042  1172  1172 I chatty  : uid=1000(system) sony.com.stepservice expire 10 lines
12-29 15:22:22.021   458   515 I chatty  : uid=1000(system) InputReader expire 1 line
12-29 15:22:22.022   458   458 I chatty  : uid=1000 system_server expire 3 lines
12-29 15:22:22.235   665   665 W ViewRootImpl: Dropping event due to no window focus: MotionEvent { action=ACTION_DOWN, actionButton=0, id[0]=0, x[0]=54.828663, y[0]=139.56387, toolType[0]=TOOL_TYPE_FINGER, buttonState=0, metaState=0, flags=0x0, edgeFlags=0x0, pointerCount=1, historySize=0, eventTime=287404254, downTime=287404254, deviceId=3, source=0x1002 }
12-29 15:22:22.256   458   490 I chatty  : uid=1000(system) android.display expire 16 lines
12-29 15:22:22.262   665   665 W ViewRootImpl: Dropping event due to no window focus: MotionEvent { action=ACTION_MOVE, actionButton=0, id[0]=0, x[0]=54.828663, y[0]=139.56387, toolType[0]=TOOL_TYPE_FINGER, buttonState=0, metaState=0, flags=0x0, edgeFlags=0x0, pointerCount=1, historySize=0, eventTime=287404275, downTime=287404254, deviceId=3, source=0x1002 }
12-29 15:22:22.274   458   492 I chatty  : uid=1000(system) PowerManagerSer expire 3 lines
