12-29 03:32:00.030   458   490 I chatty  : uid=1000(system) android.display expire 18 lines
12-29 03:33:00.007   802   802 I AmbientService: Ambient Updating
12-29 03:34:00.006   802   802 I AmbientService: Ambient Updating
12-29 03:35:00.007   802   802 I AmbientService: Ambient Updating
12-29 03:35:00.022   458   485 I chatty  : uid=1000(system) ActivityManager expire 8 lines
12-29 03:36:00.006   802   802 I AmbientService: Ambient Updating
12-29 03:37:00.006   802   802 I AmbientService: Ambient Updating
12-29 03:37:00.028   458   490 I chatty  : uid=1000(system) android.display expire 10 lines
12-29 03:38:00.006   802   802 I AmbientService: Ambient Updating
12-29 03:39:00.006   802   802 I AmbientService: Ambient Updating
12-29 03:40:00.012   802   802 I AmbientService: Ambient Updating
12-29 03:41:00.012   802   802 I AmbientService: Ambient Updating
12-29 03:42:00.012   802   802 I AmbientService: Ambient Updating
12-29 03:42:00.039   458   490 I chatty  : uid=1000(system) android.display expire 18 lines
12-29 03:43:00.012   802   802 I AmbientService: Ambient Updating
12-29 03:44:00.012   802   802 I AmbientService: Ambient Updating
12-29 03:45:00.012   802   802 I AmbientService: Ambient Updating
12-29 03:46:00.007   802   802 I AmbientService: Ambient Updating
12-29 03:47:00.007   802   802 I AmbientService: Ambient Updating
12-29 03:47:00.035   458   490 I chatty  : uid=1000(system) android.display expire 10 lines
12-29 03:48:00.007   802   802 I AmbientService: Ambient Updating
12-29 03:49:00.007   802   802 I AmbientService: Ambient Updating
12-29 03:50:00.007   802   802 I AmbientService: Ambient Updating
12-29 03:50:05.032   458   484 I chatty  : uid=1000(system) android.bg expire 1 line
12-29 03:51:00.007   802   802 I AmbientService: Ambient Updating
12-29 03:52:00.006   802   802 I AmbientService: Ambient Updating
12-29 03:52:00.031   458   490 I chatty  : uid=1000(system) android.display expire 10 lines
12-29 03:52:48.630   458   458 I chatty  : uid=1000 system_server expire 3 lines
12-29 03:53:00.006   802   802 I AmbientService: Ambient Updating
12-29 03:54:00.006   802   802 I AmbientService: Ambient Updating
12-29 03:55:00.006   802   802 I AmbientService: Ambient Updating
12-29 03:56:00.006   802   802 I AmbientService: Ambient Updating
12-29 03:56:00.048   458   490 I chatty  : uid=1000(system) android.display expire 16 lines
12-29 03:57:00.007   802   802 I AmbientService: Ambient Updating
12-29 03:58:00.007   802   802 I AmbientService: Ambient Updating
12-29 03:58:00.040   458   490 I chatty  : uid=1000(system) android.display expire 10 lines
12-29 03:59:00.006   802   802 I AmbientService: Ambient Updating
12-29 04:00:00.006   802   802 I AmbientService: Ambient Updating
12-29 04:01:00.006   802   802 I AmbientService: Ambient Updating
12-29 04:02:00.006   802   802 I AmbientService: Ambient Updating
12-29 04:03:00.007   802   802 I AmbientService: Ambient Updating
12-29 04:03:00.036   458   490 I chatty  : uid=1000(system) android.display expire 10 lines
12-29 04:04:00.006   802   802 I AmbientService: Ambient Updating
12-29 04:05:00.006   802   802 I AmbientService: Ambient Updating
12-29 04:06:00.006   802   802 I AmbientService: Ambient Updating
12-29 04:07:00.006   802   802 I AmbientService: Ambient Updating
12-29 04:08:00.006   802   802 I AmbientService: Ambient Updating
12-29 04:08:00.033   458   490 I chatty  : uid=1000(system) android.display expire 10 lines
12-29 04:09:00.006   802   802 I AmbientService: Ambient Updating
12-29 04:09:00.034   458   490 I chatty  : uid=1000(system) android.display expire 14 lines
12-29 04:10:00.012   802   802 I AmbientService: Ambient Updating
12-29 04:11:00.012   802   802 I AmbientService: Ambient Updating
12-29 04:12:00.012   802   802 I AmbientService: Ambient Updating
12-29 04:13:00.012   802   802 I AmbientService: Ambient Updating
12-29 04:13:57.962   458   765 I chatty  : uid=1000(system) Binder_7 expire 4 lines
12-29 04:13:58.054   458   458 I chatty  : uid=1000 system_server expire 6 lines
12-29 04:14:00.012   802   802 I AmbientService: Ambient Updating
12-29 04:14:00.041   458   490 I chatty  : uid=1000(system) android.display expire 18 lines
12-29 04:15:00.012   802   802 I AmbientService: Ambient Updating
12-29 04:16:00.007   802   802 I AmbientService: Ambient Updating
12-29 04:17:00.006   802   802 I AmbientService: Ambient Updating
12-29 04:18:00.006   802   802 I AmbientService: Ambient Updating
12-29 04:19:00.006   802   802 I AmbientService: Ambient Updating
12-29 04:19:00.038   458   490 I chatty  : uid=1000(system) android.display expire 10 lines
12-29 04:20:00.006   802   802 I AmbientService: Ambient Updating
12-29 04:20:10.866   458   484 I chatty  : uid=1000(system) android.bg expire 2 lines
12-29 04:21:00.006   802   802 I AmbientService: Ambient Updating
12-29 04:22:00.006   802   802 I AmbientService: Ambient Updating
12-29 04:23:00.007   802   802 I AmbientService: Ambient Updating
12-29 04:24:00.006   802   802 I AmbientService: Ambient Updating
12-29 04:24:00.034   458   490 I chatty  : uid=1000(system) android.display expire 10 lines
12-29 04:25:00.006   802   802 I AmbientService: Ambient Updating
12-29 04:26:00.006   802   802 I AmbientService: Ambient Updating
12-29 04:27:00.007   802   802 I AmbientService: Ambient Updating
12-29 04:28:00.006   802   802 I AmbientService: Ambient Updating
12-29 04:29:00.007   802   802 I AmbientService: Ambient Updating
12-29 04:29:00.031   458   490 I chatty  : uid=1000(system) android.display expire 14 lines
12-29 04:30:00.006   802   802 I AmbientService: Ambient Updating
12-29 04:30:00.028   458   490 I chatty  : uid=1000(system) android.display expire 10 lines
12-29 04:30:04.836   458  5481 I chatty  : uid=1000(system) Binder_A expire 1 line
12-29 04:30:04.855   458   471 I chatty  : uid=1000(system) Binder_1 expire 2 lines
12-29 04:30:04.855   458  8151 I chatty  : uid=1000(system) Binder_B expire 7 lines
12-29 04:30:05.236   458   751 I chatty  : uid=1000(system) Binder_5 expire 5 lines
12-29 04:30:05.248   458   521 I chatty  : uid=1000(system) NetworkPolicy expire 2 lines
12-29 04:30:05.253   648   648 I chatty  : uid=1000(system) com.google.android.apps.wearable.settings expire 2 lines
12-29 04:30:06.151   458  2532 I chatty  : uid=1000(system) Binder_9 expire 3 lines
12-29 04:30:06.212   458   472 I chatty  : uid=1000(system) Binder_2 expire 5 lines
12-29 04:30:06.213   458   748 I chatty  : uid=1000(system) Binder_4 expire 2 lines
12-29 04:30:06.433   458   584 I chatty  : uid=1000(system) Binder_3 expire 2 lines
12-29 04:31:00.006   802   802 I AmbientService: Ambient Updating
12-29 04:32:00.006   802   802 I AmbientService: Ambient Updating
12-29 04:32:13.494   648  1104 I chatty  : uid=1000(system) PhoneTimeSyncer expire 1 line
12-29 04:33:00.006   802   802 I AmbientService: Ambient Updating
12-29 04:34:00.006   802   802 I AmbientService: Ambient Updating
12-29 04:35:00.006   802   802 I AmbientService: Ambient Updating
12-29 04:35:00.039   458   490 I chatty  : uid=1000(system) android.display expire 16 lines
12-29 04:36:00.006   802   802 I AmbientService: Ambient Updating
12-29 04:37:00.007   802   802 I AmbientService: Ambient Updating
12-29 04:37:00.028   458   485 I chatty  : uid=1000(system) ActivityManager expire 6 lines
12-29 04:38:00.007   802   802 I AmbientService: Ambient Updating
12-29 04:39:00.008   802   802 I AmbientService: Ambient Updating
12-29 04:39:00.039   458   490 I chatty  : uid=1000(system) android.display expire 12 lines
12-29 04:40:00.012   802   802 I AmbientService: Ambient Updating
12-29 04:41:00.013   802   802 I AmbientService: Ambient Updating
12-29 04:41:00.048   458   490 I chatty  : uid=1000(system) android.display expire 10 lines
12-29 04:42:00.012   802   802 I AmbientService: Ambient Updating
12-29 04:43:00.012   802   802 I AmbientService: Ambient Updating
12-29 04:44:00.012   802   802 I AmbientService: Ambient Updating
12-29 04:45:00.012   802   802 I AmbientService: Ambient Updating
12-29 04:46:00.007   802   802 I AmbientService: Ambient Updating
12-29 04:46:00.029   458   490 I chatty  : uid=1000(system) android.display expire 10 lines
12-29 04:47:00.007   802   802 I AmbientService: Ambient Updating
12-29 04:48:00.007   802   802 I AmbientService: Ambient Updating
12-29 04:49:00.007   802   802 I AmbientService: Ambient Updating
12-29 04:50:00.006   802   802 I AmbientService: Ambient Updating
12-29 04:51:00.006   802   802 I AmbientService: Ambient Updating
12-29 04:51:00.040   458   490 I chatty  : uid=1000(system) android.display expire 10 lines
12-29 04:52:00.006   802   802 I AmbientService: Ambient Updating
12-29 04:52:00.036   458   490 I chatty  : uid=1000(system) android.display expire 10 lines
12-29 04:53:00.006   802   802 I AmbientService: Ambient Updating
12-29 04:54:00.006   802   802 I AmbientService: Ambient Updating
12-29 04:55:00.007   802   802 I AmbientService: Ambient Updating
12-29 04:56:00.007   802   802 I AmbientService: Ambient Updating
12-29 04:57:00.006   802   802 I AmbientService: Ambient Updating
12-29 04:57:00.033   458   490 I chatty  : uid=1000(system) android.display expire 12 lines
12-29 04:58:00.006   802   802 I AmbientService: Ambient Updating
12-29 04:59:00.007   802   802 I AmbientService: Ambient Updating
12-29 05:00:00.007   802   802 I AmbientService: Ambient Updating
12-29 05:00:05.352   458   753 I chatty  : uid=1000(system) Binder_6 expire 3 lines
12-29 05:00:06.178   458   584 I chatty  : uid=1000(system) Binder_3 expire 3 lines
12-29 05:00:06.179   458   766 I chatty  : uid=1000(system) Binder_8 expire 5 lines
12-29 05:00:06.532   458  5481 I chatty  : uid=1000(system) Binder_A expire 7 lines
12-29 05:00:06.534   458   748 I chatty  : uid=1000(system) Binder_4 expire 3 lines
12-29 05:00:06.540   458  2532 I chatty  : uid=1000(system) Binder_9 expire 2 lines
12-29 05:00:07.054   458  8151 I chatty  : uid=1000(system) Binder_B expire 7 lines
12-29 05:01:00.006   802   802 I AmbientService: Ambient Updating
12-29 05:01:00.037   458   490 I chatty  : uid=1000(system) android.display expire 14 lines
12-29 05:02:00.006   802   802 I AmbientService: Ambient Updating
12-29 05:02:00.043   458   490 I chatty  : uid=1000(system) android.display expire 10 lines
12-29 05:03:00.007   802   802 I AmbientService: Ambient Updating
12-29 05:04:00.007   802   802 I AmbientService: Ambient Updating
12-29 05:05:00.007   802   802 I AmbientService: Ambient Updating
12-29 05:06:00.007   802   802 I AmbientService: Ambient Updating
12-29 05:07:00.006   802   802 I AmbientService: Ambient Updating
12-29 05:07:00.040   458   490 I chatty  : uid=1000(system) android.display expire 18 lines
12-29 05:08:00.007   802   802 I AmbientService: Ambient Updating
12-29 05:08:00.027   458   485 I chatty  : uid=1000(system) ActivityManager expire 8 lines
12-29 05:09:00.006   802   802 I AmbientService: Ambient Updating
12-29 05:10:00.012   802   802 I AmbientService: Ambient Updating
12-29 05:11:00.012   802   802 I AmbientService: Ambient Updating
12-29 05:12:00.012   802   802 I AmbientService: Ambient Updating
12-29 05:12:00.039   458   490 I chatty  : uid=1000(system) android.display expire 10 lines
12-29 05:13:00.012   802   802 I AmbientService: Ambient Updating
12-29 05:13:41.049   458   751 I chatty  : uid=1000(system) Binder_5 expire 2 lines
12-29 05:13:43.368   458   765 I chatty  : uid=1000(system) Binder_7 expire 2 lines
12-29 05:14:00.012   802   802 I AmbientService: Ambient Updating
12-29 05:15:00.012   802   802 I AmbientService: Ambient Updating
12-29 05:16:00.006   802   802 I AmbientService: Ambient Updating
12-29 05:16:00.030   458   490 I chatty  : uid=1000(system) android.display expire 10 lines
12-29 05:17:00.006   802   802 I AmbientService: Ambient Updating
12-29 05:18:00.007   802   802 I AmbientService: Ambient Updating
12-29 05:19:00.007   802   802 I AmbientService: Ambient Updating
12-29 05:20:00.006   802   802 I AmbientService: Ambient Updating
12-29 05:20:06.138   458   484 I chatty  : uid=1000(system) android.bg expire 3 lines
12-29 05:21:00.006   802   802 I AmbientService: Ambient Updating
12-29 05:21:00.027   458   490 I chatty  : uid=1000(system) android.display expire 12 lines
12-29 05:22:00.006   802   802 I AmbientService: Ambient Updating
12-29 05:23:00.006   802   802 I AmbientService: Ambient Updating
12-29 05:23:00.039   458   490 I chatty  : uid=1000(system) android.display expire 10 lines
12-29 05:24:00.006   802   802 I AmbientService: Ambient Updating
12-29 05:25:00.006   802   802 I AmbientService: Ambient Updating
12-29 05:26:00.007   802   802 I AmbientService: Ambient Updating
12-29 05:27:00.007   802   802 I AmbientService: Ambient Updating
12-29 05:28:00.006   802   802 I AmbientService: Ambient Updating
12-29 05:28:00.036   458   490 I chatty  : uid=1000(system) android.display expire 10 lines
12-29 05:29:00.006   802   802 I AmbientService: Ambient Updating
12-29 05:30:00.007   802   802 I AmbientService: Ambient Updating
12-29 05:30:05.730   458   471 I chatty  : uid=1000(system) Binder_1 expire 5 lines
12-29 05:30:06.091   458   521 I chatty  : uid=1000(system) NetworkPolicy expire 1 line
12-29 05:30:06.099   648   648 I chatty  : uid=1000(system) com.google.android.apps.wearable.settings expire 1 line
12-29 05:30:11.719   458   472 I chatty  : uid=1000(system) Binder_2 expire 3 lines
12-29 05:31:00.006   802   802 I AmbientService: Ambient Updating
12-29 05:32:00.007   802   802 I AmbientService: Ambient Updating
12-29 05:33:00.007   802   802 I AmbientService: Ambient Updating
12-29 05:33:00.033   458   490 I chatty  : uid=1000(system) android.display expire 14 lines
12-29 05:34:00.007   802   802 I AmbientService: Ambient Updating
12-29 05:34:00.040   458   490 I chatty  : uid=1000(system) android.display expire 10 lines
12-29 05:35:00.007   802   802 I AmbientService: Ambient Updating
12-29 05:36:00.006   802   802 I AmbientService: Ambient Updating
12-29 05:37:00.006   802   802 I AmbientService: Ambient Updating
12-29 05:38:00.006   802   802 I AmbientService: Ambient Updating
12-29 05:39:00.007   802   802 I AmbientService: Ambient Updating
12-29 05:39:00.037   458   490 I chatty  : uid=1000(system) android.display expire 18 lines
12-29 05:40:00.012   802   802 I AmbientService: Ambient Updating
12-29 05:41:00.012   802   802 I AmbientService: Ambient Updating
12-29 05:42:00.012   802   802 I AmbientService: Ambient Updating
12-29 05:43:00.012   802   802 I AmbientService: Ambient Updating
12-29 05:44:00.012   802   802 I AmbientService: Ambient Updating
12-29 05:44:00.038   458   490 I chatty  : uid=1000(system) android.display expire 10 lines
12-29 05:45:00.012   802   802 I AmbientService: Ambient Updating
12-29 05:46:00.006   802   802 I AmbientService: Ambient Updating
12-29 05:47:00.007   802   802 I AmbientService: Ambient Updating
12-29 05:48:00.007   802   802 I AmbientService: Ambient Updating
12-29 05:49:00.007   802   802 I AmbientService: Ambient Updating
12-29 05:49:00.031   458   490 I chatty  : uid=1000(system) android.display expire 10 lines
12-29 05:50:00.007   802   802 I AmbientService: Ambient Updating
12-29 05:51:00.006   802   802 I AmbientService: Ambient Updating
12-29 05:52:00.006   802   802 I AmbientService: Ambient Updating
12-29 05:53:00.007   802   802 I AmbientService: Ambient Updating
12-29 05:54:00.007   802   802 I AmbientService: Ambient Updating
12-29 05:54:00.046   458   490 I chatty  : uid=1000(system) android.display expire 10 lines
12-29 05:55:00.007   802   802 I AmbientService: Ambient Updating
12-29 05:55:00.035   458   490 I chatty  : uid=1000(system) android.display expire 10 lines
12-29 05:56:00.007   802   802 I AmbientService: Ambient Updating
12-29 05:57:00.007   802   802 I AmbientService: Ambient Updating
12-29 05:58:00.007   802   802 I AmbientService: Ambient Updating
12-29 05:59:00.007   802   802 I AmbientService: Ambient Updating
12-29 06:00:00.007   802   802 I AmbientService: Ambient Updating
12-29 06:00:00.038   458   490 I chatty  : uid=1000(system) android.display expire 22 lines
12-29 06:00:06.126   458  2532 I chatty  : uid=1000(system) Binder_9 expire 9 lines
12-29 06:00:06.151   458   766 I chatty  : uid=1000(system) Binder_8 expire 3 lines
12-29 06:00:06.152   458   472 I chatty  : uid=1000(system) Binder_2 expire 5 lines
12-29 06:00:06.478   458   751 I chatty  : uid=1000(system) Binder_5 expire 5 lines
12-29 06:00:06.490   458   521 I chatty  : uid=1000(system) NetworkPolicy expire 2 lines
12-29 06:00:06.496   648   648 I chatty  : uid=1000(system) com.google.android.apps.wearable.settings expire 3 lines
12-29 06:00:08.607   458   765 I chatty  : uid=1000(system) Binder_7 expire 4 lines
12-29 06:00:08.654   458   753 I chatty  : uid=1000(system) Binder_6 expire 5 lines
12-29 06:00:08.706   458  5481 I chatty  : uid=1000(system) Binder_A expire 6 lines
12-29 06:00:09.010   458   471 I chatty  : uid=1000(system) Binder_1 expire 4 lines
12-29 06:00:09.020   458  8151 I chatty  : uid=1000(system) Binder_B expire 3 lines
12-29 06:00:09.023   458   584 I chatty  : uid=1000(system) Binder_3 expire 3 lines
12-29 06:01:00.006   802   802 I AmbientService: Ambient Updating
12-29 06:02:00.006   802   802 I AmbientService: Ambient Updating
12-29 06:03:00.007   802   802 I AmbientService: Ambient Updating
12-29 06:04:00.007   802   802 I AmbientService: Ambient Updating
12-29 06:05:00.006   802   802 I AmbientService: Ambient Updating
12-29 06:05:00.035   458   490 I chatty  : uid=1000(system) android.display expire 10 lines
12-29 06:06:00.006   802   802 I AmbientService: Ambient Updating
12-29 06:07:00.006   802   802 I AmbientService: Ambient Updating
12-29 06:08:00.006   802   802 I AmbientService: Ambient Updating
12-29 06:09:00.006   802   802 I AmbientService: Ambient Updating
12-29 06:09:00.035   458   485 I chatty  : uid=1000(system) ActivityManager expire 5 lines
12-29 06:09:58.944   458   458 I chatty  : uid=1000 system_server expire 1 line
12-29 06:10:00.007   802   802 I AmbientService: Ambient Updating
12-29 06:10:00.032   458   490 I chatty  : uid=1000(system) android.display expire 10 lines
12-29 06:11:00.012   802   802 I AmbientService: Ambient Updating
12-29 06:12:00.012   802   802 I AmbientService: Ambient Updating
12-29 06:13:00.012   802   802 I AmbientService: Ambient Updating
12-29 06:13:00.046   458   490 I chatty  : uid=1000(system) android.display expire 14 lines
12-29 06:14:00.012   802   802 I AmbientService: Ambient Updating
12-29 06:15:00.012   802   802 I AmbientService: Ambient Updating
12-29 06:16:00.006   802   802 I AmbientService: Ambient Updating
12-29 06:16:00.032   458   490 I chatty  : uid=1000(system) android.display expire 10 lines
12-29 06:17:00.006   802   802 I AmbientService: Ambient Updating
12-29 06:18:00.006   802   802 I AmbientService: Ambient Updating
12-29 06:19:00.006   802   802 I AmbientService: Ambient Updating
12-29 06:20:00.006   802   802 I AmbientService: Ambient Updating
12-29 06:20:08.575   458   484 I chatty  : uid=1000(system) android.bg expire 2 lines
12-29 06:21:00.006   802   802 I AmbientService: Ambient Updating
12-29 06:21:00.045   458   490 I chatty  : uid=1000(system) android.display expire 10 lines
12-29 06:22:00.006   802   802 I AmbientService: Ambient Updating
12-29 06:23:00.006   802   802 I AmbientService: Ambient Updating
12-29 06:24:00.006   802   802 I AmbientService: Ambient Updating
12-29 06:25:00.006   802   802 I AmbientService: Ambient Updating
12-29 06:26:00.007   802   802 I AmbientService: Ambient Updating
12-29 06:26:00.043   458   490 I chatty  : uid=1000(system) android.display expire 10 lines
12-29 06:27:00.006   802   802 I AmbientService: Ambient Updating
12-29 06:27:00.032   458   490 I chatty  : uid=1000(system) android.display expire 10 lines
12-29 06:28:00.006   802   802 I AmbientService: Ambient Updating
12-29 06:29:00.006   802   802 I AmbientService: Ambient Updating
12-29 06:30:00.006   802   802 I AmbientService: Ambient Updating
12-29 06:30:07.299   458   748 I chatty  : uid=1000(system) Binder_4 expire 5 lines
12-29 06:31:00.006   802   802 I AmbientService: Ambient Updating
12-29 06:32:00.006   802   802 I AmbientService: Ambient Updating
12-29 06:32:00.035   458   490 I chatty  : uid=1000(system) android.display expire 10 lines
12-29 06:32:14.452   648  1104 I chatty  : uid=1000(system) PhoneTimeSyncer expire 1 line
12-29 06:33:00.006   802   802 I AmbientService: Ambient Updating
12-29 06:34:00.007   802   802 I AmbientService: Ambient Updating
12-29 06:35:00.006   802   802 I AmbientService: Ambient Updating
12-29 06:36:00.007   802   802 I AmbientService: Ambient Updating
12-29 06:37:00.007   802   802 I AmbientService: Ambient Updating
12-29 06:37:00.044   458   490 I chatty  : uid=1000(system) android.display expire 14 lines
12-29 06:38:00.006   802   802 I AmbientService: Ambient Updating
12-29 06:38:00.033   458   490 I chatty  : uid=1000(system) android.display expire 10 lines
12-29 06:39:00.006   802   802 I AmbientService: Ambient Updating
12-29 06:40:00.012   802   802 I AmbientService: Ambient Updating
12-29 06:41:00.012   802   802 I AmbientService: Ambient Updating
12-29 06:42:00.012   802   802 I AmbientService: Ambient Updating
12-29 06:43:00.012   802   802 I AmbientService: Ambient Updating
12-29 06:43:00.031   458   490 I chatty  : uid=1000(system) android.display expire 10 lines
12-29 06:44:00.012   802   802 I AmbientService: Ambient Updating
12-29 06:45:00.012   802   802 I AmbientService: Ambient Updating
12-29 06:46:00.009   802   802 I AmbientService: Ambient Updating
12-29 06:47:00.006   802   802 I AmbientService: Ambient Updating
12-29 06:48:00.006   802   802 I AmbientService: Ambient Updating
12-29 06:48:00.029   458   490 I chatty  : uid=1000(system) android.display expire 10 lines
12-29 06:49:00.007   802   802 I AmbientService: Ambient Updating
12-29 06:49:00.035   458   490 I chatty  : uid=1000(system) android.display expire 10 lines
12-29 06:49:59.923   458   766 I chatty  : uid=1000(system) Binder_8 expire 6 lines
12-29 06:50:00.008   802   802 I AmbientService: Ambient Updating
12-29 06:50:00.301   458  8151 I chatty  : uid=1000(system) Binder_B expire 7 lines
12-29 06:50:00.302   458   751 I chatty  : uid=1000(system) Binder_5 expire 12 lines
12-29 06:50:00.396   458   525 I chatty  : uid=1000(system) ConnectivitySer expire 26 lines
12-29 06:50:00.422   458   521 I chatty  : uid=1000(system) NetworkPolicy expire 6 lines
12-29 06:50:00.427   648   648 I chatty  : uid=1000(system) com.google.android.apps.wearable.settings expire 7 lines
12-29 06:50:00.480   458   485 I chatty  : uid=1000(system) ActivityManager expire 4 lines
12-29 06:50:01.669   458   584 I chatty  : uid=1000(system) Binder_3 expire 16 lines
12-29 06:50:02.109   458   484 I chatty  : uid=1000(system) android.bg expire 3 lines
12-29 06:50:02.479   458  5481 I chatty  : uid=1000(system) Binder_A expire 4 lines
12-29 06:50:03.037   458   472 I chatty  : uid=1000(system) Binder_2 expire 5 lines
12-29 06:50:03.127   458   748 I chatty  : uid=1000(system) Binder_4 expire 9 lines
12-29 06:50:03.303   458   471 I chatty  : uid=1000(system) Binder_1 expire 10 lines
12-29 06:50:03.662   458   753 I chatty  : uid=1000(system) Binder_6 expire 9 lines
12-29 06:50:03.724   458  2532 I chatty  : uid=1000(system) Binder_9 expire 9 lines
12-29 06:50:03.875   458   765 I chatty  : uid=1000(system) Binder_7 expire 13 lines
12-29 06:51:00.006   802   802 I AmbientService: Ambient Updating
12-29 06:52:00.006   802   802 I AmbientService: Ambient Updating
12-29 06:53:00.006   802   802 I AmbientService: Ambient Updating
12-29 06:53:00.028   458   490 I chatty  : uid=1000(system) android.display expire 10 lines
12-29 06:54:00.006   802   802 I AmbientService: Ambient Updating
12-29 06:55:00.007   802   802 I AmbientService: Ambient Updating
12-29 06:56:00.006   802   802 I AmbientService: Ambient Updating
12-29 06:56:00.009   458   458 I chatty  : uid=1000 system_server expire 1 line
12-29 06:57:00.006   802   802 I AmbientService: Ambient Updating
12-29 06:58:00.007   802   802 I AmbientService: Ambient Updating
12-29 06:58:00.040   458   490 I chatty  : uid=1000(system) android.display expire 10 lines
12-29 06:59:00.006   802   802 I AmbientService: Ambient Updating
12-29 07:00:00.007   802   802 I AmbientService: Ambient Updating
12-29 07:01:00.006   802   802 I AmbientService: Ambient Updating
12-29 07:02:00.006   802   802 I AmbientService: Ambient Updating
12-29 07:03:00.008   802   802 I AmbientService: Ambient Updating
12-29 07:03:00.037   458   490 I chatty  : uid=1000(system) android.display expire 10 lines
12-29 07:04:00.006   802   802 I AmbientService: Ambient Updating
12-29 07:04:46.558 25779 25779 I chatty  : uid=1000(system) expire 1 line
12-29 07:04:46.821 25779 26133 I chatty  : uid=1000(system) expire 1 line
12-29 07:05:00.010   802   802 I AmbientService: Ambient Updating
12-29 07:05:00.051   458   490 I chatty  : uid=1000(system) android.display expire 10 lines
12-29 07:06:00.026   802   802 I AmbientService: Ambient Updating
12-29 07:07:00.006   802   802 I AmbientService: Ambient Updating
12-29 07:08:00.007   802   802 I AmbientService: Ambient Updating
12-29 07:08:00.033   458   490 I chatty  : uid=1000(system) android.display expire 16 lines
12-29 07:09:00.006   802   802 I AmbientService: Ambient Updating
12-29 07:10:00.013   802   802 I AmbientService: Ambient Updating
12-29 07:10:00.041   458   490 I chatty  : uid=1000(system) android.display expire 10 lines
12-29 07:11:00.018   802   802 I AmbientService: Ambient Updating
12-29 07:12:00.012   802   802 I AmbientService: Ambient Updating
12-29 07:13:00.012   802   802 I AmbientService: Ambient Updating
12-29 07:14:00.012   802   802 I AmbientService: Ambient Updating
12-29 07:15:00.012   802   802 I AmbientService: Ambient Updating
12-29 07:15:00.040   458   490 I chatty  : uid=1000(system) android.display expire 18 lines
12-29 07:16:00.006   802   802 I AmbientService: Ambient Updating
12-29 07:16:14.564   458   751 I chatty  : uid=1000(system) Binder_5 expire 11 lines
12-29 07:16:14.565   458  2532 I chatty  : uid=1000(system) Binder_9 expire 8 lines
12-29 07:17:00.007   802   802 I AmbientService: Ambient Updating
12-29 07:18:00.006   802   802 I AmbientService: Ambient Updating
12-29 07:19:00.006   802   802 I AmbientService: Ambient Updating
12-29 07:20:00.006   802   802 I AmbientService: Ambient Updating
12-29 07:20:00.031   458   490 I chatty  : uid=1000(system) android.display expire 10 lines
12-29 07:21:00.006   802   802 I AmbientService: Ambient Updating
12-29 07:21:14.712   458   521 I chatty  : uid=1000(system) NetworkPolicy expire 2 lines
12-29 07:21:14.736   648   648 I chatty  : uid=1000(system) com.google.android.apps.wearable.settings expire 2 lines
12-29 07:21:15.372   458   472 I chatty  : uid=1000(system) Binder_2 expire 7 lines
12-29 07:21:15.383   458   471 I chatty  : uid=1000(system) Binder_1 expire 6 lines
12-29 07:21:15.389   458  5481 I chatty  : uid=1000(system) Binder_A expire 11 lines
12-29 07:21:15.684   458   765 I chatty  : uid=1000(system) Binder_7 expire 7 lines
12-29 07:21:16.356   458  8151 I chatty  : uid=1000(system) Binder_B expire 6 lines
12-29 07:21:16.370   458   766 I chatty  : uid=1000(system) Binder_8 expire 8 lines
12-29 07:21:17.246   458   748 I chatty  : uid=1000(system) Binder_4 expire 10 lines
12-29 07:21:17.276   458   753 I chatty  : uid=1000(system) Binder_6 expire 7 lines
12-29 07:22:00.006   802   802 I AmbientService: Ambient Updating
12-29 07:23:00.006   802   802 I AmbientService: Ambient Updating
12-29 07:24:00.006   802   802 I AmbientService: Ambient Updating
12-29 07:25:00.006   802   802 I AmbientService: Ambient Updating
12-29 07:25:00.032   458   490 I chatty  : uid=1000(system) android.display expire 10 lines
12-29 07:26:00.008   802   802 I AmbientService: Ambient Updating
12-29 07:27:00.007   802   802 I AmbientService: Ambient Updating
12-29 07:27:02.871   458   484 I chatty  : uid=1000(system) android.bg expire 2 lines
12-29 07:28:00.006   802   802 I AmbientService: Ambient Updating
12-29 07:28:00.029   458   490 I chatty  : uid=1000(system) android.display expire 14 lines
12-29 07:29:00.006   802   802 I AmbientService: Ambient Updating
12-29 07:30:00.006   802   802 I AmbientService: Ambient Updating
12-29 07:31:00.007   802   802 I AmbientService: Ambient Updating
12-29 07:31:00.043   458   490 I chatty  : uid=1000(system) android.display expire 10 lines
12-29 07:32:00.006   802   802 I AmbientService: Ambient Updating
12-29 07:33:00.006   802   802 I AmbientService: Ambient Updating
12-29 07:34:00.007   802   802 I AmbientService: Ambient Updating
12-29 07:35:00.007   802   802 I AmbientService: Ambient Updating
12-29 07:35:00.010   458   458 I chatty  : uid=1000 system_server expire 10 lines
12-29 07:35:00.659   458   584 I chatty  : uid=1000(system) Binder_3 expire 8 lines
12-29 07:36:00.009   802   802 I AmbientService: Ambient Updating
12-29 07:36:00.037   458   490 I chatty  : uid=1000(system) android.display expire 22 lines
12-29 07:37:00.006   802   802 I AmbientService: Ambient Updating
12-29 07:38:00.006   802   802 I AmbientService: Ambient Updating
12-29 07:39:00.006   802   802 I AmbientService: Ambient Updating
12-29 07:40:00.007   802   802 I AmbientService: Ambient Updating
12-29 07:40:00.035   458   485 I chatty  : uid=1000(system) ActivityManager expire 8 lines
12-29 07:41:00.012   802   802 I AmbientService: Ambient Updating
12-29 07:41:00.039   458   490 I chatty  : uid=1000(system) android.display expire 10 lines
12-29 07:42:00.012   802   802 I AmbientService: Ambient Updating
12-29 07:43:00.012   802   802 I AmbientService: Ambient Updating
12-29 07:44:00.012   802   802 I AmbientService: Ambient Updating
12-29 07:45:00.012   802   802 I AmbientService: Ambient Updating
12-29 07:46:00.006   802   802 I AmbientService: Ambient Updating
12-29 07:46:00.032   458   490 I chatty  : uid=1000(system) android.display expire 10 lines
12-29 07:47:00.006   802   802 I AmbientService: Ambient Updating
12-29 07:48:00.006   802   802 I AmbientService: Ambient Updating
12-29 07:49:00.006   802   802 I AmbientService: Ambient Updating
12-29 07:50:00.006   802   802 I AmbientService: Ambient Updating
12-29 07:51:00.008   802   802 I AmbientService: Ambient Updating
12-29 07:51:00.039   458   490 I chatty  : uid=1000(system) android.display expire 14 lines
12-29 07:52:00.006   802   802 I AmbientService: Ambient Updating
12-29 07:52:00.035   458   490 I chatty  : uid=1000(system) android.display expire 16 lines
12-29 07:53:00.007   802   802 I AmbientService: Ambient Updating
12-29 07:54:00.006   802   802 I AmbientService: Ambient Updating
12-29 07:55:00.006   802   802 I AmbientService: Ambient Updating
12-29 07:55:08.062   458   492 I chatty  : uid=1000(system) PowerManagerSer expire 4 lines
12-29 07:55:08.069   802   802 V DreamService[AmbientDream]: wakeUp(): fromSystem=true, mWaking=false, mFinished=false
12-29 07:55:08.069   802   802 V DreamService[AmbientDream]: finish(): mFinished=false
12-29 07:55:08.070   458   487 I chatty  : uid=1000(system) android.fg expire 2 lines
12-29 07:55:08.076   802   802 V DreamService[AmbientDream]: detach(): Calling onDreamingStopped()
12-29 07:55:08.080   802   802 I AmbientService: Ambient Stopping
12-29 07:55:08.113   802   802 V DreamService[AmbientDream]: onDestroy()
12-29 07:55:12.835   802   802 V DreamService[AmbientDream]: onBind() intent = Intent { act=android.service.dreams.DreamService flg=0x800000 cmp=com.google.android.wearable.ambient/.AmbientDream }
12-29 07:55:12.841   802   802 I AmbientService: Ambient Created
12-29 07:55:12.841   802   802 V DreamService[AmbientDream]: Calling onDreamingStarted()
12-29 07:55:12.841   802   802 I AmbientService: Ambient Starting
12-29 07:56:00.006   802   802 I AmbientService: Ambient Updating
12-29 07:56:00.034   458   490 I chatty  : uid=1000(system) android.display expire 5 lines
12-29 07:56:04.063   458   524 I chatty  : uid=1000(system) WifiService expire 1 line
12-29 07:57:00.023   802   802 I AmbientService: Ambient Updating
12-29 07:58:00.007   802   802 I AmbientService: Ambient Updating
12-29 07:58:00.175   458   490 I chatty  : uid=1000(system) android.display expire 13 lines
12-29 07:58:03.319   458   751 I chatty  : uid=1000(system) Binder_5 expire 8 lines
12-29 07:58:03.377   458   472 I chatty  : uid=1000(system) Binder_2 expire 6 lines
12-29 07:58:03.378   458   753 I chatty  : uid=1000(system) Binder_6 expire 11 lines
12-29 07:58:10.490   458  8151 I chatty  : uid=1000(system) Binder_B expire 10 lines
12-29 07:59:00.006   802   802 I AmbientService: Ambient Updating
12-29 08:00:00.006   802   802 I AmbientService: Ambient Updating
12-29 08:01:00.007   802   802 I AmbientService: Ambient Updating
12-29 08:02:00.007   802   802 I AmbientService: Ambient Updating
12-29 08:02:00.032   458   490 I chatty  : uid=1000(system) android.display expire 18 lines
12-29 08:03:00.007   802   802 I AmbientService: Ambient Updating
12-29 08:04:00.006   802   802 I AmbientService: Ambient Updating
12-29 08:05:00.006   802   802 I AmbientService: Ambient Updating
12-29 08:06:00.007   802   802 I AmbientService: Ambient Updating
12-29 08:07:00.006   802   802 I AmbientService: Ambient Updating
12-29 08:07:00.041   458   490 I chatty  : uid=1000(system) android.display expire 14 lines
12-29 08:07:09.857   458   484 I chatty  : uid=1000(system) android.bg expire 2 lines
12-29 08:08:00.006   802   802 I AmbientService: Ambient Updating
12-29 08:09:00.007   802   802 I AmbientService: Ambient Updating
12-29 08:10:00.012   802   802 I AmbientService: Ambient Updating
12-29 08:10:03.313   458   485 I chatty  : uid=1000(system) ActivityManager expire 2 lines
12-29 08:11:00.012   802   802 I AmbientService: Ambient Updating
12-29 08:11:04.622   458   471 I chatty  : uid=1000(system) Binder_1 expire 9 lines
12-29 08:11:31.383   648   648 I chatty  : uid=1000(system) com.google.android.apps.wearable.settings expire 10 lines
12-29 08:11:41.484   458   766 I chatty  : uid=1000(system) Binder_8 expire 9 lines
12-29 08:11:41.485   458   748 I chatty  : uid=1000(system) Binder_4 expire 5 lines
12-29 08:11:42.998   458  2532 I chatty  : uid=1000(system) Binder_9 expire 5 lines
12-29 08:11:43.645   458   525 I chatty  : uid=1000(system) ConnectivitySer expire 20 lines
12-29 08:11:44.438   458   521 I chatty  : uid=1000(system) NetworkPolicy expire 5 lines
12-29 08:11:44.482   458   765 I chatty  : uid=1000(system) Binder_7 expire 10 lines
12-29 08:11:44.616   458  5481 I chatty  : uid=1000(system) Binder_A expire 8 lines
12-29 08:11:45.038   168   168 I gpsd    : GlEngineOnStart entry
12-29 08:11:47.237   458   584 I chatty  : uid=1000(system) Binder_3 expire 6 lines
12-29 08:11:56.863   458   490 I chatty  : uid=1000(system) android.display expire 10 lines
12-29 08:12:00.003   802   802 I AmbientService: Ambient Updating
12-29 08:12:01.812   168   168 I gpsd    : GlEngineOnStop entry
12-29 08:13:00.012   802   802 I AmbientService: Ambient Updating
12-29 08:14:00.012   802   802 I AmbientService: Ambient Updating
12-29 08:15:00.013   802   802 I AmbientService: Ambient Updating
12-29 08:16:00.006   802   802 I AmbientService: Ambient Updating
12-29 08:16:00.029   458   490 I chatty  : uid=1000(system) android.display expire 10 lines
12-29 08:17:00.006   802   802 I AmbientService: Ambient Updating
12-29 08:18:00.006   802   802 I AmbientService: Ambient Updating
12-29 08:19:00.006   802   802 I AmbientService: Ambient Updating
12-29 08:20:00.007   802   802 I AmbientService: Ambient Updating
12-29 08:21:00.007   802   802 I AmbientService: Ambient Updating
12-29 08:21:00.039   458   490 I chatty  : uid=1000(system) android.display expire 8 lines
12-29 08:22:00.007   802   802 I AmbientService: Ambient Updating
12-29 08:22:40.642   648   648 I chatty  : uid=1000(system) com.google.android.apps.wearable.settings expire 3 lines
12-29 08:23:00.006   802   802 I AmbientService: Ambient Updating
12-29 08:23:35.924   458  8151 I chatty  : uid=1000(system) Binder_B expire 1 line
12-29 08:23:40.687   648  1104 I chatty  : uid=1000(system) PhoneTimeSyncer expire 4 lines
12-29 08:23:43.384   458   525 I chatty  : uid=1000(system) ConnectivitySer expire 15 lines
12-29 08:23:43.394   458   521 I chatty  : uid=1000(system) NetworkPolicy expire 6 lines
12-29 08:23:43.438   458   485 I chatty  : uid=1000(system) ActivityManager expire 1 line
12-29 08:23:43.450   648   648 I chatty  : uid=1000(system) com.google.android.apps.wearable.settings expire 10 lines
12-29 08:23:43.675   458   484 I chatty  : uid=1000(system) android.bg expire 3 lines
12-29 08:23:43.906 26874 26874 I chatty  : uid=1000(system) expire 2 lines
12-29 08:23:44.003   458  2532 I chatty  : uid=1000(system) Binder_9 expire 8 lines
12-29 08:23:44.144   458  5481 I chatty  : uid=1000(system) Binder_A expire 14 lines
12-29 08:23:44.150   458   751 I chatty  : uid=1000(system) Binder_5 expire 4 lines
12-29 08:23:44.171 26874 27125 I chatty  : uid=1000(system) expire 1 line
12-29 08:23:44.307   458   524 I chatty  : uid=1000(system) WifiService expire 1 line
12-29 08:23:44.311   458   471 I chatty  : uid=1000(system) Binder_1 expire 13 lines
12-29 08:23:51.686   458   584 I chatty  : uid=1000(system) Binder_3 expire 10 lines
12-29 08:24:00.006   802   802 I AmbientService: Ambient Updating
12-29 08:24:00.033   458   490 I chatty  : uid=1000(system) android.display expire 10 lines
12-29 08:24:00.397   648 27137 I chatty  : uid=1000(system) com.google.android.apps.wearable.settings expire 1 line
12-29 08:24:02.032   458   458 I chatty  : uid=1000 system_server expire 1 line
12-29 08:24:02.092   458  8151 I chatty  : uid=1000(system) Binder_B expire 9 lines
12-29 08:24:02.364   458   748 I chatty  : uid=1000(system) Binder_4 expire 10 lines
12-29 08:24:02.463   458   766 I chatty  : uid=1000(system) Binder_8 expire 10 lines
12-29 08:24:03.620   458   765 I chatty  : uid=1000(system) Binder_7 expire 13 lines
12-29 08:24:03.690   458   753 I chatty  : uid=1000(system) Binder_6 expire 13 lines
12-29 08:25:01.518   802   802 I AmbientService: Ambient Updating
12-29 08:26:00.006   802   802 I AmbientService: Ambient Updating
12-29 08:26:31.041   458   472 I chatty  : uid=1000(system) Binder_2 expire 9 lines
12-29 08:26:36.509   168   168 I gpsd    : GlEngineOnStart entry
12-29 08:26:53.255   168   168 I gpsd    : GlEngineOnStop entry
12-29 08:27:00.009   802   802 I AmbientService: Ambient Updating
12-29 08:27:00.035   458   490 I chatty  : uid=1000(system) android.display expire 10 lines
12-29 08:27:36.270   458   525 I chatty  : uid=1000(system) ConnectivitySer expire 20 lines
12-29 08:28:00.004   802   802 I AmbientService: Ambient Updating
12-29 08:29:00.004   802   802 I AmbientService: Ambient Updating
12-29 08:29:07.464   458   525 I chatty  : uid=1000(system) ConnectivitySer expire 1 line
12-29 08:29:13.472   458   748 I chatty  : uid=1000(system) Binder_4 expire 1 line
12-29 08:30:00.004   802   802 I AmbientService: Ambient Updating
12-29 08:30:57.644   458   471 I chatty  : uid=1000(system) Binder_1 expire 6 lines
12-29 08:30:59.893   458  5481 I chatty  : uid=1000(system) Binder_A expire 4 lines
12-29 08:30:59.971   458  8151 I chatty  : uid=1000(system) Binder_B expire 10 lines
12-29 08:31:00.002   802   802 I AmbientService: Ambient Updating
12-29 08:31:00.012   458   490 I chatty  : uid=1000(system) android.display expire 14 lines
12-29 08:31:06.061   458   484 I chatty  : uid=1000(system) android.bg expire 3 lines
12-29 08:32:00.003   802   802 I AmbientService: Ambient Updating
12-29 08:33:00.006   802   802 I AmbientService: Ambient Updating
12-29 08:34:00.005   802   802 I AmbientService: Ambient Updating
12-29 08:34:34.977   458   753 I chatty  : uid=1000(system) Binder_6 expire 10 lines
12-29 08:35:00.004   802   802 I AmbientService: Ambient Updating
12-29 08:35:00.039   458   490 I chatty  : uid=1000(system) android.display expire 10 lines
12-29 08:36:00.006   802   802 I AmbientService: Ambient Updating
12-29 08:37:00.006   802   802 I AmbientService: Ambient Updating
12-29 08:38:00.007   802   802 I AmbientService: Ambient Updating
12-29 08:38:00.035   458   490 I chatty  : uid=1000(system) android.display expire 10 lines
12-29 08:39:00.006   802   802 I AmbientService: Ambient Updating
12-29 08:40:00.011   802   802 I AmbientService: Ambient Updating
12-29 08:40:10.928   458   485 I chatty  : uid=1000(system) ActivityManager expire 1 line
12-29 08:41:00.011   802   802 I AmbientService: Ambient Updating
12-29 08:41:00.031   458   490 I chatty  : uid=1000(system) android.display expire 31 lines
12-29 08:42:00.005   802   802 I AmbientService: Ambient Updating
12-29 08:43:00.014   802   802 I AmbientService: Ambient Updating
12-29 08:44:00.011   802   802 I AmbientService: Ambient Updating
12-29 08:45:00.014   802   802 I AmbientService: Ambient Updating
12-29 08:45:10.927   458   584 I chatty  : uid=1000(system) Binder_3 expire 5 lines
12-29 08:46:00.004   802   802 I AmbientService: Ambient Updating
12-29 08:47:00.006   802   802 I AmbientService: Ambient Updating
12-29 08:48:00.003   802   802 I AmbientService: Ambient Updating
12-29 08:49:00.005   802   802 I AmbientService: Ambient Updating
12-29 08:50:00.004   802   802 I AmbientService: Ambient Updating
12-29 08:51:00.004   802   802 I AmbientService: Ambient Updating
12-29 08:52:00.006   802   802 I AmbientService: Ambient Updating
12-29 08:53:00.004   802   802 I AmbientService: Ambient Updating
12-29 08:54:00.006   802   802 I AmbientService: Ambient Updating
12-29 08:54:37.518   458   490 I chatty  : uid=1000(system) android.display expire 22 lines
12-29 08:55:00.004   802   802 I AmbientService: Ambient Updating
12-29 08:55:10.965   458   521 I chatty  : uid=1000(system) NetworkPolicy expire 1 line
12-29 08:55:11.567   648   648 I chatty  : uid=1000(system) com.google.android.apps.wearable.settings expire 1 line
12-29 08:55:21.677   458   748 I chatty  : uid=1000(system) Binder_4 expire 6 lines
12-29 08:55:22.494   458   765 I chatty  : uid=1000(system) Binder_7 expire 4 lines
12-29 08:55:22.511   458   472 I chatty  : uid=1000(system) Binder_2 expire 3 lines
12-29 08:55:22.513   458  2532 I chatty  : uid=1000(system) Binder_9 expire 3 lines
12-29 08:55:24.247   458   751 I chatty  : uid=1000(system) Binder_5 expire 3 lines
12-29 08:56:00.006   802   802 I AmbientService: Ambient Updating
12-29 08:56:00.044   458   490 I chatty  : uid=1000(system) android.display expire 12 lines
12-29 08:57:00.007   802   802 I AmbientService: Ambient Updating
12-29 08:58:00.010   802   802 I AmbientService: Ambient Updating
12-29 08:59:00.007   802   802 I AmbientService: Ambient Updating
12-29 08:59:00.010   458   458 I chatty  : uid=1000 system_server expire 10 lines
12-29 09:00:00.004   802   802 I AmbientService: Ambient Updating
12-29 09:01:00.006   802   802 I AmbientService: Ambient Updating
12-29 09:01:00.054   458   490 I chatty  : uid=1000(system) android.display expire 12 lines
12-29 09:02:00.003   802   802 I AmbientService: Ambient Updating
12-29 09:02:33.731   458   492 I chatty  : uid=1000(system) PowerManagerSer expire 11 lines
12-29 09:02:33.808   458   487 I chatty  : uid=1000(system) android.fg expire 7 lines
12-29 09:02:34.262   665   665 W ViewRootImpl: Dropping event due to no window focus: MotionEvent { action=ACTION_DOWN, actionButton=0, id[0]=0, x[0]=23.925234, y[0]=246.23053, toolType[0]=TOOL_TYPE_FINGER, buttonState=0, metaState=0, flags=0x2, edgeFlags=0x0, pointerCount=1, historySize=0, eventTime=280371035, downTime=280371035, deviceId=3, source=0x1002 }
12-29 09:02:34.282   665   665 W ViewRootImpl: Dropping event due to no window focus: MotionEvent { action=ACTION_MOVE, actionButton=0, id[0]=0, x[0]=47.036476, y[0]=246.23053, toolType[0]=TOOL_TYPE_FINGER, buttonState=0, metaState=0, flags=0x2, edgeFlags=0x0, pointerCount=1, historySize=3, eventTime=280371075, downTime=280371035, deviceId=3, source=0x1002 }
12-29 09:02:34.283   802   802 V DreamService[AmbientDream]: wakeUp(): fromSystem=true, mWaking=false, mFinished=false
12-29 09:02:34.283   802   802 V DreamService[AmbientDream]: finish(): mFinished=false
12-29 09:02:34.288   665   665 W ViewRootImpl: Dropping event due to no window focus: MotionEvent { action=ACTION_MOVE, actionButton=0, id[0]=0, x[0]=76.760124, y[0]=252.21184, toolType[0]=TOOL_TYPE_FINGER, buttonState=0, metaState=0, flags=0x2, edgeFlags=0x0, pointerCount=1, historySize=1, eventTime=280371087, downTime=280371035, deviceId=3, source=0x1002 }
12-29 09:02:34.291   665   665 W ViewRootImpl: Cancelling event due to no window focus: MotionEvent { action=ACTION_CANCEL, actionButton=0, id[0]=0, x[0]=76.760124, y[0]=252.21184, toolType[0]=TOOL_TYPE_FINGER, buttonState=0, metaState=0, flags=0x2, edgeFlags=0x0, pointerCount=1, historySize=0, eventTime=280371097, downTime=280371035, deviceId=3, source=0x1002 }
12-29 09:02:34.291   665   665 W ViewRootImpl: Cancelling event due to no window focus: MotionEvent { action=ACTION_CANCEL, actionButton=0, id[0]=0, x[0]=76.760124, y[0]=252.21184, toolType[0]=TOOL_TYPE_FINGER, buttonState=0, metaState=0, flags=0x2, edgeFlags=0x0, pointerCount=1, historySize=0, eventTime=280371097, downTime=280371035, deviceId=3, source=0x1002 }
12-29 09:02:34.300   665   665 W ViewRootImpl: Cancelling event due to no window focus: MotionEvent { action=ACTION_CANCEL, actionButton=0, id[0]=0, x[0]=76.760124, y[0]=252.21184, toolType[0]=TOOL_TYPE_FINGER, buttonState=0, metaState=0, flags=0x2, edgeFlags=0x0, pointerCount=1, historySize=0, eventTime=280371097, downTime=280371035, deviceId=3, source=0x1002 }
12-29 09:02:34.311   802   802 V DreamService[AmbientDream]: detach(): Calling onDreamingStopped()
12-29 09:02:34.319   802   802 I AmbientService: Ambient Stopping
12-29 09:02:34.321   665   665 W ViewRootImpl: Cancelling event due to no window focus: MotionEvent { action=ACTION_CANCEL, actionButton=0, id[0]=0, x[0]=76.760124, y[0]=252.21184, toolType[0]=TOOL_TYPE_FINGER, buttonState=0, metaState=0, flags=0x2, edgeFlags=0x0, pointerCount=1, historySize=0, eventTime=280371097, downTime=280371035, deviceId=3, source=0x1002 }
12-29 09:02:34.369   802   802 V DreamService[AmbientDream]: onDestroy()
12-29 09:02:36.044   458   766 I chatty  : uid=1000(system) Binder_8 expire 2 lines
12-29 09:02:39.404  1172  1172 I chatty  : uid=1000(system) sony.com.stepservice expire 15 lines
12-29 09:02:42.594   802   802 V DreamService[AmbientDream]: onBind() intent = Intent { act=android.service.dreams.DreamService flg=0x800000 cmp=com.google.android.wearable.ambient/.AmbientDream }
12-29 09:02:42.615   802   802 I AmbientService: Ambient Created
12-29 09:02:42.615   802   802 V DreamService[AmbientDream]: Calling onDreamingStarted()
12-29 09:02:42.615   802   802 I AmbientService: Ambient Starting
12-29 09:03:00.006   802   802 I AmbientService: Ambient Updating
12-29 09:03:00.039   458   490 I chatty  : uid=1000(system) android.display expire 13 lines
12-29 09:04:00.016   802   802 I AmbientService: Ambient Updating
12-29 09:04:00.155  1172  1172 I chatty  : uid=1000(system) sony.com.stepservice expire 11 lines
12-29 09:04:01.287   802   802 V DreamService[AmbientDream]: wakeUp(): fromSystem=true, mWaking=false, mFinished=false
12-29 09:04:01.287   802   802 V DreamService[AmbientDream]: finish(): mFinished=false
12-29 09:04:01.293   802   802 V DreamService[AmbientDream]: detach(): Calling onDreamingStopped()
12-29 09:04:01.293   802   802 I AmbientService: Ambient Stopping
12-29 09:04:01.321   802   802 V DreamService[AmbientDream]: onDestroy()
12-29 09:04:06.078   802   802 V DreamService[AmbientDream]: onBind() intent = Intent { act=android.service.dreams.DreamService flg=0x800000 cmp=com.google.android.wearable.ambient/.AmbientDream }
12-29 09:04:06.083   802   802 I AmbientService: Ambient Created
12-29 09:04:06.083   802   802 V DreamService[AmbientDream]: Calling onDreamingStarted()
12-29 09:04:06.083   802   802 I AmbientService: Ambient Starting
12-29 09:04:22.021   458   458 I chatty  : uid=1000 system_server expire 3 lines
12-29 09:04:22.280   802   802 V DreamService[AmbientDream]: wakeUp(): fromSystem=true, mWaking=false, mFinished=false
12-29 09:04:22.280   802   802 V DreamService[AmbientDream]: finish(): mFinished=false
12-29 09:04:22.285   802   802 V DreamService[AmbientDream]: detach(): Calling onDreamingStopped()
12-29 09:04:22.286   802   802 I AmbientService: Ambient Stopping
12-29 09:04:22.327   802   802 V DreamService[AmbientDream]: onDestroy()
12-29 09:04:23.330   458   753 I chatty  : uid=1000(system) Binder_6 expire 1 line
12-29 09:04:23.359   802   802 V DreamService[AmbientDream]: onBind() intent = Intent { act=android.service.dreams.DreamService flg=0x800000 cmp=com.google.android.wearable.ambient/.AmbientDream }
12-29 09:04:23.365   802   802 I AmbientService: Ambient Created
12-29 09:04:23.365   802   802 V DreamService[AmbientDream]: Calling onDreamingStarted()
12-29 09:04:23.365   802   802 I AmbientService: Ambient Starting
12-29 09:04:23.600   458   490 I chatty  : uid=1000(system) android.display expire 7 lines
12-29 09:05:01.023   802   802 I AmbientService: Ambient Updating
12-29 09:05:24.048   458  8151 I chatty  : uid=1000(system) Binder_B expire 1 line
12-29 09:05:24.050   458   525 I chatty  : uid=1000(system) ConnectivitySer expire 2 lines
12-29 09:05:26.771  1172  1172 I chatty  : uid=1000(system) sony.com.stepservice expire 28 lines
12-29 09:05:26.972   458   765 I chatty  : uid=1000(system) Binder_7 expire 2 lines
12-29 09:05:26.973   458   766 I chatty  : uid=1000(system) Binder_8 expire 1 line
12-29 09:05:31.712   458  8151 I chatty  : uid=1000(system) Binder_B expire 1 line
12-29 09:05:31.713   458  2532 I chatty  : uid=1000(system) Binder_9 expire 3 lines
